Archive member included to satisfy reference by file (symbol)

c:/program files (x86)/atmel/studio/7.0/toolchain/arm/arm-gnu-toolchain/bin/../lib/gcc/arm-none-eabi/5.3.1/../../../../arm-none-eabi/lib/armv7-m\libm.a(lib_a-s_cos.o)
                              src/main.o (cos)
c:/program files (x86)/atmel/studio/7.0/toolchain/arm/arm-gnu-toolchain/bin/../lib/gcc/arm-none-eabi/5.3.1/../../../../arm-none-eabi/lib/armv7-m\libm.a(lib_a-s_sin.o)
                              src/main.o (sin)
c:/program files (x86)/atmel/studio/7.0/toolchain/arm/arm-gnu-toolchain/bin/../lib/gcc/arm-none-eabi/5.3.1/../../../../arm-none-eabi/lib/armv7-m\libm.a(lib_a-e_rem_pio2.o)
                              c:/program files (x86)/atmel/studio/7.0/toolchain/arm/arm-gnu-toolchain/bin/../lib/gcc/arm-none-eabi/5.3.1/../../../../arm-none-eabi/lib/armv7-m\libm.a(lib_a-s_cos.o) (__ieee754_rem_pio2)
c:/program files (x86)/atmel/studio/7.0/toolchain/arm/arm-gnu-toolchain/bin/../lib/gcc/arm-none-eabi/5.3.1/../../../../arm-none-eabi/lib/armv7-m\libm.a(lib_a-k_cos.o)
                              c:/program files (x86)/atmel/studio/7.0/toolchain/arm/arm-gnu-toolchain/bin/../lib/gcc/arm-none-eabi/5.3.1/../../../../arm-none-eabi/lib/armv7-m\libm.a(lib_a-s_cos.o) (__kernel_cos)
c:/program files (x86)/atmel/studio/7.0/toolchain/arm/arm-gnu-toolchain/bin/../lib/gcc/arm-none-eabi/5.3.1/../../../../arm-none-eabi/lib/armv7-m\libm.a(lib_a-k_rem_pio2.o)
                              c:/program files (x86)/atmel/studio/7.0/toolchain/arm/arm-gnu-toolchain/bin/../lib/gcc/arm-none-eabi/5.3.1/../../../../arm-none-eabi/lib/armv7-m\libm.a(lib_a-e_rem_pio2.o) (__kernel_rem_pio2)
c:/program files (x86)/atmel/studio/7.0/toolchain/arm/arm-gnu-toolchain/bin/../lib/gcc/arm-none-eabi/5.3.1/../../../../arm-none-eabi/lib/armv7-m\libm.a(lib_a-k_sin.o)
                              c:/program files (x86)/atmel/studio/7.0/toolchain/arm/arm-gnu-toolchain/bin/../lib/gcc/arm-none-eabi/5.3.1/../../../../arm-none-eabi/lib/armv7-m\libm.a(lib_a-s_cos.o) (__kernel_sin)
c:/program files (x86)/atmel/studio/7.0/toolchain/arm/arm-gnu-toolchain/bin/../lib/gcc/arm-none-eabi/5.3.1/../../../../arm-none-eabi/lib/armv7-m\libm.a(lib_a-s_fabs.o)
                              c:/program files (x86)/atmel/studio/7.0/toolchain/arm/arm-gnu-toolchain/bin/../lib/gcc/arm-none-eabi/5.3.1/../../../../arm-none-eabi/lib/armv7-m\libm.a(lib_a-e_rem_pio2.o) (fabs)
c:/program files (x86)/atmel/studio/7.0/toolchain/arm/arm-gnu-toolchain/bin/../lib/gcc/arm-none-eabi/5.3.1/../../../../arm-none-eabi/lib/armv7-m\libm.a(lib_a-s_floor.o)
                              c:/program files (x86)/atmel/studio/7.0/toolchain/arm/arm-gnu-toolchain/bin/../lib/gcc/arm-none-eabi/5.3.1/../../../../arm-none-eabi/lib/armv7-m\libm.a(lib_a-k_rem_pio2.o) (floor)
c:/program files (x86)/atmel/studio/7.0/toolchain/arm/arm-gnu-toolchain/bin/../lib/gcc/arm-none-eabi/5.3.1/../../../../arm-none-eabi/lib/armv7-m\libm.a(lib_a-s_scalbn.o)
                              c:/program files (x86)/atmel/studio/7.0/toolchain/arm/arm-gnu-toolchain/bin/../lib/gcc/arm-none-eabi/5.3.1/../../../../arm-none-eabi/lib/armv7-m\libm.a(lib_a-k_rem_pio2.o) (scalbn)
c:/program files (x86)/atmel/studio/7.0/toolchain/arm/arm-gnu-toolchain/bin/../lib/gcc/arm-none-eabi/5.3.1/../../../../arm-none-eabi/lib/armv7-m\libm.a(lib_a-s_copysign.o)
                              c:/program files (x86)/atmel/studio/7.0/toolchain/arm/arm-gnu-toolchain/bin/../lib/gcc/arm-none-eabi/5.3.1/../../../../arm-none-eabi/lib/armv7-m\libm.a(lib_a-s_scalbn.o) (copysign)
c:/program files (x86)/atmel/studio/7.0/toolchain/arm/arm-gnu-toolchain/bin/../lib/gcc/arm-none-eabi/5.3.1/armv7-m\libgcc.a(_arm_addsubdf3.o)
                              c:/program files (x86)/atmel/studio/7.0/toolchain/arm/arm-gnu-toolchain/bin/../lib/gcc/arm-none-eabi/5.3.1/../../../../arm-none-eabi/lib/armv7-m\libm.a(lib_a-s_cos.o) (__aeabi_dsub)
c:/program files (x86)/atmel/studio/7.0/toolchain/arm/arm-gnu-toolchain/bin/../lib/gcc/arm-none-eabi/5.3.1/armv7-m\libgcc.a(_arm_muldivdf3.o)
                              src/main.o (__aeabi_dmul)
c:/program files (x86)/atmel/studio/7.0/toolchain/arm/arm-gnu-toolchain/bin/../lib/gcc/arm-none-eabi/5.3.1/armv7-m\libgcc.a(_arm_cmpdf2.o)
                              c:/program files (x86)/atmel/studio/7.0/toolchain/arm/arm-gnu-toolchain/bin/../lib/gcc/arm-none-eabi/5.3.1/../../../../arm-none-eabi/lib/armv7-m\libm.a(lib_a-e_rem_pio2.o) (__aeabi_dcmpeq)
c:/program files (x86)/atmel/studio/7.0/toolchain/arm/arm-gnu-toolchain/bin/../lib/gcc/arm-none-eabi/5.3.1/armv7-m\libgcc.a(_arm_fixdfsi.o)
                              src/main.o (__aeabi_d2iz)
c:/program files (x86)/atmel/studio/7.0/toolchain/arm/arm-gnu-toolchain/bin/../lib/gcc/arm-none-eabi/5.3.1/../../../../arm-none-eabi/lib/armv7-m\libc.a(lib_a-exit.o)
[...]
Memory Configuration

Name             Origin             Length             Attributes
flash0           0x00080000         0x00020000         w !xr
flash1           0x00100000         0x00020000         w !xr
sram0            0x20000000         0x00008000         w !xr
sram1            0x20080000         0x00004000         w !xr
rom              0x000e0000         0x00040000         xr
ram              0x20078000         0x0000c000         xrw
*default*        0x00000000         0xffffffff

Linker script and memory map

LOAD c:/program files (x86)/atmel/studio/7.0/toolchain/arm/arm-gnu-toolchain/bin/../lib/gcc/arm-none-eabi/5.3.1/armv7-m/crti.o
LOAD c:/program files (x86)/atmel/studio/7.0/toolchain/arm/arm-gnu-toolchain/bin/../lib/gcc/arm-none-eabi/5.3.1/armv7-m/crtbegin.o
LOAD c:/program files (x86)/atmel/studio/7.0/toolchain/arm/arm-gnu-toolchain/bin/../lib/gcc/arm-none-eabi/5.3.1/../../../../arm-none-eabi/lib/armv7-m/crt0.o
LOAD src/ASF/sam/components/display/aat31xx/aat31xx.o
LOAD src/ASF/sam/components/display/hx8347a/hx8347a.o
LOAD src/ASF/sam/drivers/ebi/smc/smc.o
LOAD src/ASF/common/services/clock/sam3u/sysclk.o
LOAD src/ASF/common/utils/interrupt/interrupt_sam_nvic.o
LOAD src/ASF/sam/boards/sam3u_ek/init.o
LOAD src/ASF/sam/boards/sam3u_ek/led.o
LOAD src/ASF/sam/drivers/pio/pio.o
LOAD src/ASF/sam/drivers/pio/pio_handler.o
LOAD src/ASF/sam/drivers/pmc/pmc.o
LOAD src/ASF/sam/drivers/pmc/sleep.o
LOAD src/ASF/sam/utils/cmsis/sam3u/source/templates/exceptions.o
LOAD src/ASF/sam/utils/cmsis/sam3u/source/templates/gcc/startup_sam3u.o
LOAD src/ASF/sam/utils/cmsis/sam3u/source/templates/system_sam3u.o
LOAD src/ASF/sam/utils/syscalls/gcc/syscalls.o
LOAD src/main.o
START GROUP
LOAD ../src/ASF/thirdparty/CMSIS/Lib/GCC\libarm_cortexM3l_math.a
LOAD c:/program files (x86)/atmel/studio/7.0/toolchain/arm/arm-gnu-toolchain/bin/../lib/gcc/arm-none-eabi/5.3.1/../../../../arm-none-eabi/lib/armv7-m\libm.a
END GROUP
START GROUP
LOAD c:/program files (x86)/atmel/studio/7.0/toolchain/arm/arm-gnu-toolchain/bin/../lib/gcc/arm-none-eabi/5.3.1/armv7-m\libgcc.a
LOAD c:/program files (x86)/atmel/studio/7.0/toolchain/arm/arm-gnu-toolchain/bin/../lib/gcc/arm-none-eabi/5.3.1/../../../../arm-none-eabi/lib/armv7-m\libc.a
END GROUP
LOAD c:/program files (x86)/atmel/studio/7.0/toolchain/arm/arm-gnu-toolchain/bin/../lib/gcc/arm-none-eabi/5.3.1/armv7-m/crtend.o
LOAD c:/program files (x86)/atmel/studio/7.0/toolchain/arm/arm-gnu-toolchain/bin/../lib/gcc/arm-none-eabi/5.3.1/armv7-m/crtn.o
                0x00004000                __stack_size__ = DEFINED (__stack_size__)?__stack_size__:0x4000
                0x20083ffc                __ram_end__ = ((ORIGIN (ram) + LENGTH (ram)) - 0x4)

.text           0x00080000     0x3854
                0x00080000                . = ALIGN (0x4)
                0x00080000                _sfixed = .
 *(.vectors .vectors.*)
 .vectors       0x00080000       0xbc src/ASF/sam/utils/cmsis/sam3u/source/templates/gcc/startup_sam3u.o
                0x00080000                exception_table
 *(.text .text.* .gnu.linkonce.t.*)
 .text          0x000800bc       0x5c c:/program files (x86)/atmel/studio/7.0/toolchain/arm/arm-gnu-toolchain/bin/../lib/gcc/arm-none-eabi/5.3.1/armv7-m/crtbegin.o
 .text.aat31xx_set_backlight
                0x00080118       0x58 src/ASF/sam/components/display/aat31xx/aat31xx.o
                0x00080118                aat31xx_set_backlight
 .text.aat31xx_disable_backlight
                0x00080170       0x24 src/ASF/sam/components/display/aat31xx/aat31xx.o
                0x00080170                aat31xx_disable_backlight
 .text.hx8347a_delay
                0x00080194       0x38 src/ASF/sam/components/display/hx8347a/hx8347a.o
 .text.hx8347a_check_box_coordinates
                0x000801cc       0x50 src/ASF/sam/components/display/hx8347a/hx8347a.o
 .text.hx8347a_write_ram_buffer
                0x0008021c       0x5c src/ASF/sam/components/display/hx8347a/hx8347a.o
 .text.hx8347a_display_on
                0x00080278       0x40 src/ASF/sam/components/display/hx8347a/hx8347a.o
                0x00080278                hx8347a_display_on
 .text.hx8347a_set_foreground_color
                0x000802b8       0x18 src/ASF/sam/components/display/hx8347a/hx8347a.o
                0x000802b8                hx8347a_set_foreground_color
 .text.hx8347a_set_window
                0x000802d0       0x88 src/ASF/sam/components/display/hx8347a/hx8347a.o
                0x000802d0                hx8347a_set_window
 .text.hx8347a_set_cursor_position
                0x00080358       0x30 src/ASF/sam/components/display/hx8347a/hx8347a.o
                0x00080358                hx8347a_set_cursor_position
 .text.hx8347a_init
                0x00080388      0x1ec src/ASF/sam/components/display/hx8347a/hx8347a.o
                0x00080388                hx8347a_init
 .text.hx8347a_draw_pixel
                0x00080574       0x3c src/ASF/sam/components/display/hx8347a/hx8347a.o
                0x00080574                hx8347a_draw_pixel
 .text.hx8347a_draw_filled_rectangle
                0x000805b0       0xb8 src/ASF/sam/components/display/hx8347a/hx8347a.o
                0x000805b0                hx8347a_draw_filled_rectangle
 .text.hx8347a_draw_line
                0x00080668       0xd0 src/ASF/sam/components/display/hx8347a/hx8347a.o
                0x00080668                hx8347a_draw_line
 .text.smc_set_setup_timing
                0x00080738        0xc src/ASF/sam/drivers/ebi/smc/smc.o
                0x00080738                smc_set_setup_timing
 .text.smc_set_pulse_timing
                0x00080744        0xc src/ASF/sam/drivers/ebi/smc/smc.o
                0x00080744                smc_set_pulse_timing
 .text.smc_set_cycle_timing
                0x00080750        0xc src/ASF/sam/drivers/ebi/smc/smc.o
                0x00080750                smc_set_cycle_timing
 .text.smc_set_mode
                0x0008075c       0x10 src/ASF/sam/drivers/ebi/smc/smc.o
                0x0008075c                smc_set_mode
 .text.sysclk_init
                0x0008076c       0x7c src/ASF/common/services/clock/sam3u/sysclk.o
                0x0008076c                sysclk_init
 .text.board_init
                0x000807e8      0x21c src/ASF/sam/boards/sam3u_ek/init.o
                0x000807e8                board_init
 .text.pio_set_peripheral
                0x00080a04       0x40 src/ASF/sam/drivers/pio/pio.o
                0x00080a04                pio_set_peripheral
 .text.pio_set_input
                0x00080a44       0x34 src/ASF/sam/drivers/pio/pio.o
                0x00080a44                pio_set_input
 .text.pio_set_output
                0x00080a78       0x28 src/ASF/sam/drivers/pio/pio.o
                0x00080a78                pio_set_output
 .text.pio_get_interrupt_status
                0x00080aa0        0x4 src/ASF/sam/drivers/pio/pio.o
                0x00080aa0                pio_get_interrupt_status
 .text.pio_get_interrupt_mask
                0x00080aa4        0x4 src/ASF/sam/drivers/pio/pio.o
                0x00080aa4                pio_get_interrupt_mask
 .text.pio_configure_pin
                0x00080aa8       0xd4 src/ASF/sam/drivers/pio/pio.o
                0x00080aa8                pio_configure_pin
 .text.pio_configure_pin_group
                0x00080b7c       0xa0 src/ASF/sam/drivers/pio/pio.o
                0x00080b7c                pio_configure_pin_group
 .text.pio_handler_process
                0x00080c1c       0x50 src/ASF/sam/drivers/pio/pio_handler.o
                0x00080c1c                pio_handler_process
 .text.PIOA_Handler
                0x00080c6c       0x14 src/ASF/sam/drivers/pio/pio_handler.o
                0x00080c6c                PIOA_Handler
 .text.PIOB_Handler
                0x00080c80       0x14 src/ASF/sam/drivers/pio/pio_handler.o
                0x00080c80                PIOB_Handler
 .text.PIOC_Handler
                0x00080c94       0x14 src/ASF/sam/drivers/pio/pio_handler.o
                0x00080c94                PIOC_Handler
 .text.pmc_switch_mck_to_pllack
                0x00080ca8       0x68 src/ASF/sam/drivers/pmc/pmc.o
                0x00080ca8                pmc_switch_mck_to_pllack
 .text.pmc_osc_enable_main_xtal
                0x00080d10       0x28 src/ASF/sam/drivers/pmc/pmc.o
                0x00080d10                pmc_osc_enable_main_xtal
 .text.pmc_osc_is_ready_main_xtal
                0x00080d38       0x10 src/ASF/sam/drivers/pmc/pmc.o
                0x00080d38                pmc_osc_is_ready_main_xtal
 .text.pmc_osc_is_ready_mainck
                0x00080d48       0x10 src/ASF/sam/drivers/pmc/pmc.o
                0x00080d48                pmc_osc_is_ready_mainck
 .text.pmc_mainck_osc_select
                0x00080d58       0x20 src/ASF/sam/drivers/pmc/pmc.o
                0x00080d58                pmc_mainck_osc_select
 .text.pmc_disable_pllack
                0x00080d78       0x10 src/ASF/sam/drivers/pmc/pmc.o
                0x00080d78                pmc_disable_pllack
 .text.pmc_is_locked_pllack
                0x00080d88       0x10 src/ASF/sam/drivers/pmc/pmc.o
                0x00080d88                pmc_is_locked_pllack
 .text.pmc_enable_periph_clk
                0x00080d98       0x34 src/ASF/sam/drivers/pmc/pmc.o
                0x00080d98                pmc_enable_periph_clk
 .text.Dummy_Handler
                0x00080dcc        0x4 src/ASF/sam/utils/cmsis/sam3u/source/templates/exceptions.o
                0x00080dcc                DebugMon_Handler
                0x00080dcc                DMAC_Handler
                0x00080dcc                HardFault_Handler
                0x00080dcc                TC2_Handler
                0x00080dcc                SPI_Handler
                0x00080dcc                USART3_Handler
                0x00080dcc                TWI1_Handler
                0x00080dcc                PendSV_Handler
                0x00080dcc                NMI_Handler
                0x00080dcc                ADC_Handler
                0x00080dcc                SMC_Handler
                0x00080dcc                USART0_Handler
                0x00080dcc                RTT_Handler
                0x00080dcc                EFC1_Handler
                0x00080dcc                UDPHS_Handler
                0x00080dcc                ADC12B_Handler
                0x00080dcc                RTC_Handler
                0x00080dcc                UsageFault_Handler
                0x00080dcc                WDT_Handler
                0x00080dcc                TC1_Handler
                0x00080dcc                HSMCI_Handler
                0x00080dcc                Dummy_Handler
                0x00080dcc                TWI0_Handler
                0x00080dcc                USART1_Handler
                0x00080dcc                SSC_Handler
                0x00080dcc                EFC0_Handler
                0x00080dcc                PMC_Handler
                0x00080dcc                PWM_Handler
                0x00080dcc                MemManage_Handler
                0x00080dcc                SUPC_Handler
                0x00080dcc                SVC_Handler
                0x00080dcc                USART2_Handler
                0x00080dcc                UART_Handler
                0x00080dcc                BusFault_Handler
                0x00080dcc                RSTC_Handler
                0x00080dcc                TC0_Handler
 .text.Reset_Handler
                0x00080dd0       0xac src/ASF/sam/utils/cmsis/sam3u/source/templates/gcc/startup_sam3u.o
                0x00080dd0                Reset_Handler
 .text.SystemCoreClockUpdate
                0x00080e7c      0x11c src/ASF/sam/utils/cmsis/sam3u/source/templates/system_sam3u.o
                0x00080e7c                SystemCoreClockUpdate
 .text.SysTick_Handler
                0x00080f98       0x10 src/main.o
                0x00080f98                SysTick_Handler
 .text.persx    0x00080fa8       0x54 src/main.o
                0x00080fa8                persx
 .text.persy    0x00080ffc       0x54 src/main.o
                0x00080ffc                persy
 .text.printCube
                0x00081050      0x30c src/main.o
                0x00081050                printCube
 .text.calc_in_x
                0x0008135c       0x84 src/main.o
                0x0008135c                calc_in_x
 .text.calc_in_y
                0x000813e0       0x84 src/main.o
                0x000813e0                calc_in_y
 .text.calc_in_z
                0x00081464       0x84 src/main.o
                0x00081464                calc_in_z
 .text.opt      0x000814e8      0x2fc src/main.o
                0x000814e8                opt
 .text.main     0x000817e4      0x12c src/main.o
                0x000817e4                main
 .text.cos      0x00081910       0x90 c:/program files (x86)/atmel/studio/7.0/toolchain/arm/arm-gnu-toolchain/bin/../lib/gcc/arm-none-eabi/5.3.1/../../../../arm-none-eabi/lib/armv7-m\libm.a(lib_a-s_cos.o)
                0x00081910                cos
 .text.sin      0x000819a0       0x90 c:/program files (x86)/atmel/studio/7.0/toolchain/arm/arm-gnu-toolchain/bin/../lib/gcc/arm-none-eabi/5.3.1/../../../../arm-none-eabi/lib/armv7-m\libm.a(lib_a-s_sin.o)
                0x000819a0                sin
 .text.__ieee754_rem_pio2
                0x00081a30      0x42c c:/program files (x86)/atmel/studio/7.0/toolchain/arm/arm-gnu-toolchain/bin/../lib/gcc/arm-none-eabi/5.3.1/../../../../arm-none-eabi/lib/armv7-m\libm.a(lib_a-e_rem_pio2.o)
                0x00081a30                __ieee754_rem_pio2
 *fill*         0x00081e5c        0x4 
 .text.__kernel_cos
                0x00081e60      0x248 c:/program files (x86)/atmel/studio/7.0/toolchain/arm/arm-gnu-toolchain/bin/../lib/gcc/arm-none-eabi/5.3.1/../../../../arm-none-eabi/lib/armv7-m\libm.a(lib_a-k_cos.o)
                0x00081e60                __kernel_cos
 .text.__kernel_rem_pio2
                0x000820a8      0x7f8 c:/program files (x86)/atmel/studio/7.0/toolchain/arm/arm-gnu-toolchain/bin/../lib/gcc/arm-none-eabi/5.3.1/../../../../arm-none-eabi/lib/armv7-m\libm.a(lib_a-k_rem_pio2.o)
                0x000820a8                __kernel_rem_pio2
 .text.__kernel_sin
                0x000828a0      0x16c c:/program files (x86)/atmel/studio/7.0/toolchain/arm/arm-gnu-toolchain/bin/../lib/gcc/arm-none-eabi/5.3.1/../../../../arm-none-eabi/lib/armv7-m\libm.a(lib_a-k_sin.o)
                0x000828a0                __kernel_sin
 .text.fabs     0x00082a0c        0x8 c:/program files (x86)/atmel/studio/7.0/toolchain/arm/arm-gnu-toolchain/bin/../lib/gcc/arm-none-eabi/5.3.1/../../../../arm-none-eabi/lib/armv7-m\libm.a(lib_a-s_fabs.o)
                0x00082a0c                fabs
 *fill*         0x00082a14        0x4 
 .text.floor    0x00082a18      0x110 c:/program files (x86)/atmel/studio/7.0/toolchain/arm/arm-gnu-toolchain/bin/../lib/gcc/arm-none-eabi/5.3.1/../../../../arm-none-eabi/lib/armv7-m\libm.a(lib_a-s_floor.o)
                0x00082a18                floor
 .text.scalbn   0x00082b28       0xe4 c:/program files (x86)/atmel/studio/7.0/toolchain/arm/arm-gnu-toolchain/bin/../lib/gcc/arm-none-eabi/5.3.1/../../../../arm-none-eabi/lib/armv7-m\libm.a(lib_a-s_scalbn.o)
                0x00082b28                scalbn
 .text.copysign
                0x00082c0c       0x10 c:/program files (x86)/atmel/studio/7.0/toolchain/arm/arm-gnu-toolchain/bin/../lib/gcc/arm-none-eabi/5.3.1/../../../../arm-none-eabi/lib/armv7-m\libm.a(lib_a-s_copysign.o)
                0x00082c0c                copysign
 .text          0x00082c1c      0x370 c:/program files (x86)/atmel/studio/7.0/toolchain/arm/arm-gnu-toolchain/bin/../lib/gcc/arm-none-eabi/5.3.1/armv7-m\libgcc.a(_arm_addsubdf3.o)
                0x00082c1c                __aeabi_drsub
                0x00082c24                __aeabi_dsub
                0x00082c24                __subdf3
                0x00082c28                __aeabi_dadd
                0x00082c28                __adddf3
                0x00082ea0                __floatunsidf
                0x00082ea0                __aeabi_ui2d
                0x00082ec0                __floatsidf
                0x00082ec0                __aeabi_i2d
                0x00082ee4                __aeabi_f2d
                0x00082ee4                __extendsfdf2
                0x00082f20                __floatundidf
                0x00082f20                __aeabi_ul2d
                0x00082f30                __floatdidf
                0x00082f30                __aeabi_l2d
 .text          0x00082f8c      0x424 c:/program files (x86)/atmel/studio/7.0/toolchain/arm/arm-gnu-toolchain/bin/../lib/gcc/arm-none-eabi/5.3.1/armv7-m\libgcc.a(_arm_muldivdf3.o)
                0x00082f8c                __aeabi_dmul
                0x00082f8c                __muldf3
                0x000831e0                __divdf3
                0x000831e0                __aeabi_ddiv
 .text          0x000833b0      0x110 c:/program files (x86)/atmel/studio/7.0/toolchain/arm/arm-gnu-toolchain/bin/../lib/gcc/arm-none-eabi/5.3.1/armv7-m\libgcc.a(_arm_cmpdf2.o)
                0x000833b0                __gtdf2
                0x000833b0                __gedf2
                0x000833b8                __ltdf2
                0x000833b8                __ledf2
                0x000833c0                __nedf2
                0x000833c0                __eqdf2
                0x000833c0                __cmpdf2
                0x0008343c                __aeabi_cdrcmple
                0x0008344c                __aeabi_cdcmpeq
                0x0008344c                __aeabi_cdcmple
                0x0008345c                __aeabi_dcmpeq
                0x00083470                __aeabi_dcmplt
                0x00083484                __aeabi_dcmple
                0x00083498                __aeabi_dcmpge
                0x000834ac                __aeabi_dcmpgt
 .text          0x000834c0       0x50 c:/program files (x86)/atmel/studio/7.0/toolchain/arm/arm-gnu-toolchain/bin/../lib/gcc/arm-none-eabi/5.3.1/armv7-m\libgcc.a(_arm_fixdfsi.o)
                0x000834c0                __aeabi_d2iz
                0x000834c0                __fixdfsi
 .text.__libc_init_array
                0x00083510       0x50 c:/program files (x86)/atmel/studio/7.0/toolchain/arm/arm-gnu-toolchain/bin/../lib/gcc/arm-none-eabi/5.3.1/../../../../arm-none-eabi/lib/armv7-m\libc.a(lib_a-init.o)
                0x00083510                __libc_init_array
 .text.startup.register_fini
                0x00083560       0x14 c:/program files (x86)/atmel/studio/7.0/toolchain/arm/arm-gnu-toolchain/bin/../lib/gcc/arm-none-eabi/5.3.1/../../../../arm-none-eabi/lib/armv7-m\libc.a(lib_a-__call_atexit.o)
 .text.atexit   0x00083574        0xc c:/program files (x86)/atmel/studio/7.0/toolchain/arm/arm-gnu-toolchain/bin/../lib/gcc/arm-none-eabi/5.3.1/../../../../arm-none-eabi/lib/armv7-m\libc.a(lib_a-atexit.o)
                0x00083574                atexit
 .text.__libc_fini_array
                0x00083580       0x28 c:/program files (x86)/atmel/studio/7.0/toolchain/arm/arm-gnu-toolchain/bin/../lib/gcc/arm-none-eabi/5.3.1/../../../../arm-none-eabi/lib/armv7-m\libc.a(lib_a-fini.o)
                0x00083580                __libc_fini_array
 .text.__register_exitproc
                0x000835a8       0xa4 c:/program files (x86)/atmel/studio/7.0/toolchain/arm/arm-gnu-toolchain/bin/../lib/gcc/arm-none-eabi/5.3.1/../../../../arm-none-eabi/lib/armv7-m\libc.a(lib_a-__atexit.o)
                0x000835a8                __register_exitproc
 *(.glue_7t)
 .glue_7t       0x0008364c        0x0 linker stubs
 *(.glue_7)
 .glue_7        0x0008364c        0x0 linker stubs
 *(.rodata .rodata* .gnu.linkonce.r.*)
 .rodata.npio2_hw
                0x0008364c       0x80 c:/program files (x86)/atmel/studio/7.0/toolchain/arm/arm-gnu-toolchain/bin/../lib/gcc/arm-none-eabi/5.3.1/../../../../arm-none-eabi/lib/armv7-m\libm.a(lib_a-e_rem_pio2.o)
 .rodata.two_over_pi
                0x000836cc      0x108 c:/program files (x86)/atmel/studio/7.0/toolchain/arm/arm-gnu-toolchain/bin/../lib/gcc/arm-none-eabi/5.3.1/../../../../arm-none-eabi/lib/armv7-m\libm.a(lib_a-e_rem_pio2.o)
 .rodata.init_jk
                0x000837d4       0x10 c:/program files (x86)/atmel/studio/7.0/toolchain/arm/arm-gnu-toolchain/bin/../lib/gcc/arm-none-eabi/5.3.1/../../../../arm-none-eabi/lib/armv7-m\libm.a(lib_a-k_rem_pio2.o)
 *fill*         0x000837e4        0x4 
 .rodata.PIo2   0x000837e8       0x40 c:/program files (x86)/atmel/studio/7.0/toolchain/arm/arm-gnu-toolchain/bin/../lib/gcc/arm-none-eabi/5.3.1/../../../../arm-none-eabi/lib/armv7-m\libm.a(lib_a-k_rem_pio2.o)
 .rodata.str1.4
                0x00083828        0x4 c:/program files (x86)/atmel/studio/7.0/toolchain/arm/arm-gnu-toolchain/bin/../lib/gcc/arm-none-eabi/5.3.1/../../../../arm-none-eabi/lib/armv7-m\libc.a(lib_a-impure.o)
                                  0x2 (size before relaxing)
 .rodata._global_impure_ptr
                0x0008382c        0x4 c:/program files (x86)/atmel/studio/7.0/toolchain/arm/arm-gnu-toolchain/bin/../lib/gcc/arm-none-eabi/5.3.1/../../../../arm-none-eabi/lib/armv7-m\libc.a(lib_a-impure.o)
                0x0008382c                _global_impure_ptr
 *(.ARM.extab* .gnu.linkonce.armextab.*)
                0x00083830                . = ALIGN (0x4)
 *(.init)
 .init          0x00083830        0x4 c:/program files (x86)/atmel/studio/7.0/toolchain/arm/arm-gnu-toolchain/bin/../lib/gcc/arm-none-eabi/5.3.1/armv7-m/crti.o
                0x00083830                _init
 .init          0x00083834        0x8 c:/program files (x86)/atmel/studio/7.0/toolchain/arm/arm-gnu-toolchain/bin/../lib/gcc/arm-none-eabi/5.3.1/armv7-m/crtn.o
                0x0008383c                . = ALIGN (0x4)
                0x0008383c                __preinit_array_start = .
 *(.preinit_array)
                0x0008383c                __preinit_array_end = .
                0x0008383c                . = ALIGN (0x4)
                0x0008383c                __init_array_start = .
 *(SORT(.init_array.*))
 .init_array.00000
                0x0008383c        0x4 c:/program files (x86)/atmel/studio/7.0/toolchain/arm/arm-gnu-toolchain/bin/../lib/gcc/arm-none-eabi/5.3.1/../../../../arm-none-eabi/lib/armv7-m\libc.a(lib_a-__call_atexit.o)
 *(.init_array)
 .init_array    0x00083840        0x4 c:/program files (x86)/atmel/studio/7.0/toolchain/arm/arm-gnu-toolchain/bin/../lib/gcc/arm-none-eabi/5.3.1/armv7-m/crtbegin.o
                0x00083844                __init_array_end = .
                0x00083844                . = ALIGN (0x4)
 *crtbegin.o(.ctors)
 *(EXCLUDE_FILE(*crtend.o) .ctors)
 *(SORT(.ctors.*))
 *crtend.o(.ctors)
                0x00083844                . = ALIGN (0x4)
 *(.fini)
 .fini          0x00083844        0x4 c:/program files (x86)/atmel/studio/7.0/toolchain/arm/arm-gnu-toolchain/bin/../lib/gcc/arm-none-eabi/5.3.1/armv7-m/crti.o
                0x00083844                _fini
 .fini          0x00083848        0x8 c:/program files (x86)/atmel/studio/7.0/toolchain/arm/arm-gnu-toolchain/bin/../lib/gcc/arm-none-eabi/5.3.1/armv7-m/crtn.o
                0x00083850                . = ALIGN (0x4)
                0x00083850                __fini_array_start = .
 *(.fini_array)
 .fini_array    0x00083850        0x4 c:/program files (x86)/atmel/studio/7.0/toolchain/arm/arm-gnu-toolchain/bin/../lib/gcc/arm-none-eabi/5.3.1/armv7-m/crtbegin.o
 *(SORT(.fini_array.*))
                0x00083854                __fini_array_end = .
 *crtbegin.o(.dtors)
 *(EXCLUDE_FILE(*crtend.o) .dtors)
 *(SORT(.dtors.*))
 *crtend.o(.dtors)
                0x00083854                . = ALIGN (0x4)
                0x00083854                _efixed = .
                [!provide]                PROVIDE (__exidx_start, .)

.vfp11_veneer   0x00083854        0x0
 .vfp11_veneer  0x00083854        0x0 linker stubs

.v4_bx          0x00083854        0x0
 .v4_bx         0x00083854        0x0 linker stubs

.iplt           0x00083854        0x0
 .iplt          0x00083854        0x0 c:/program files (x86)/atmel/studio/7.0/toolchain/arm/arm-gnu-toolchain/bin/../lib/gcc/arm-none-eabi/5.3.1/armv7-m/crtbegin.o

.eh_frame       0x00083854        0x0
 .eh_frame      0x00083854        0x0 c:/program files (x86)/atmel/studio/7.0/toolchain/arm/arm-gnu-toolchain/bin/../lib/gcc/arm-none-eabi/5.3.1/armv7-m/crtbegin.o

.rel.dyn        0x00083854        0x0
 .rel.iplt      0x00083854        0x0 c:/program files (x86)/atmel/studio/7.0/toolchain/arm/arm-gnu-toolchain/bin/../lib/gcc/arm-none-eabi/5.3.1/armv7-m/crtbegin.o

.jcr            0x00083854        0x0
 .jcr           0x00083854        0x0 c:/program files (x86)/atmel/studio/7.0/toolchain/arm/arm-gnu-toolchain/bin/../lib/gcc/arm-none-eabi/5.3.1/armv7-m/crtbegin.o

.igot.plt       0x00083854        0x0
 .igot.plt      0x00083854        0x0 c:/program files (x86)/atmel/studio/7.0/toolchain/arm/arm-gnu-toolchain/bin/../lib/gcc/arm-none-eabi/5.3.1/armv7-m/crtbegin.o

.ARM.exidx
 *(.ARM.exidx* .gnu.linkonce.armexidx.*)
                [!provide]                PROVIDE (__exidx_end, .)
                0x00083854                . = ALIGN (0x4)
                0x00083854                _etext = .

.relocate       0x20000000      0x548 load address 0x00083854
                0x20000000                . = ALIGN (0x4)
                0x20000000                _srelocate = .
 *(.ramfunc .ramfunc.*)
 .ramfunc       0x20000000      0x118 src/ASF/sam/utils/cmsis/sam3u/source/templates/system_sam3u.o
                0x20000000                SystemInit
                0x200000a8                system_init_flash
 *(.data .data.*)
 .data.SystemCoreClock
                0x20000118        0x4 src/ASF/sam/utils/cmsis/sam3u/source/templates/system_sam3u.o
                0x20000118                SystemCoreClock
 *fill*         0x2000011c        0x4 
 .data.impure_data
                0x20000120      0x428 c:/program files (x86)/atmel/studio/7.0/toolchain/arm/arm-gnu-toolchain/bin/../lib/gcc/arm-none-eabi/5.3.1/../../../../arm-none-eabi/lib/armv7-m\libc.a(lib_a-impure.o)
                0x20000548                . = ALIGN (0x4)
                0x20000548                _erelocate = .

.bss            0x20000548      0x300 load address 0x00083d9c
                0x20000548                . = ALIGN (0x4)
                0x20000548                _sbss = .
                0x20000548                _szero = .
 *(.bss .bss.*)
 .bss           0x20000548       0x1c c:/program files (x86)/atmel/studio/7.0/toolchain/arm/arm-gnu-toolchain/bin/../lib/gcc/arm-none-eabi/5.3.1/armv7-m/crtbegin.o
 .bss.g_ul_pixel_cache
                0x20000564      0x1e0 src/ASF/sam/components/display/hx8347a/hx8347a.o
 .bss.gs_interrupt_sources
                0x20000744       0x70 src/ASF/sam/drivers/pio/pio_handler.o
 .bss.g_ul_ms_ticks
                0x200007b4        0x4 src/main.o
 .bss.d         0x200007b8        0x2 src/main.o
 *(COMMON)
 *fill*         0x200007ba        0x2 
 COMMON         0x200007bc       0x8a src/main.o
                0x200007bc                p2
                0x200007c4                p7
                0x200007cc                r3
                0x200007d4                r6
                0x200007dc                r4
                0x200007e4                p5
                0x200007ec                p1
                0x200007f4                p8
                0x200007fc                p6
                0x20000804                g_hx8347a_display_opt
                0x20000810                r8
                0x20000818                r7
                0x20000820                r2
                0x20000828                p3
                0x20000830                p4
                0x20000838                r5
                0x20000840                r1
                0x20000848                . = ALIGN (0x4)
 *fill*         0x20000846        0x2 
                0x20000848                _ebss = .
                0x20000848                _ezero = .

.stack          0x20080000     0x4000
                0x20080000                . = ALIGN (0x8)
                0x20080000                _sstack = .
                0x20084000                . = (. + __stack_size__)
 *fill*         0x20080000     0x4000 
                0x20084000                . = ALIGN (0x8)
                0x20084000                _estack = .
                0x20084000                . = ALIGN (0x4)
                0x20084000                _end = .
OUTPUT(Flames.elf elf32-littlearm)

.ARM.attributes
                0x00000000       0x29
 .ARM.attributes
                0x00000000       0x1d c:/program files (x86)/atmel/studio/7.0/toolchain/arm/arm-gnu-toolchain/bin/../lib/gcc/arm-none-eabi/5.3.1/armv7-m/crti.o
 .ARM.attributes
                0x0000001d       0x2d c:/program files (x86)/atmel/studio/7.0/toolchain/arm/arm-gnu-toolchain/bin/../lib/gcc/arm-none-eabi/5.3.1/armv7-m/crtbegin.o
 .ARM.attributes
                0x0000004a       0x33 src/ASF/sam/components/display/aat31xx/aat31xx.o
 .ARM.attributes
                0x0000007d       0x33 src/ASF/sam/components/display/hx8347a/hx8347a.o
 .ARM.attributes
                0x000000b0       0x33 src/ASF/sam/drivers/ebi/smc/smc.o
 .ARM.attributes
                0x000000e3       0x33 src/ASF/common/services/clock/sam3u/sysclk.o
 .ARM.attributes
                0x00000116       0x33 src/ASF/sam/boards/sam3u_ek/init.o
 .ARM.attributes
                0x00000149       0x33 src/ASF/sam/drivers/pio/pio.o
 .ARM.attributes
                0x0000017c       0x33 src/ASF/sam/drivers/pio/pio_handler.o
 .ARM.attributes
                0x000001af       0x33 src/ASF/sam/drivers/pmc/pmc.o
 .ARM.attributes
                0x000001e2       0x33 src/ASF/sam/utils/cmsis/sam3u/source/templates/exceptions.o
 .ARM.attributes
                0x00000215       0x33 src/ASF/sam/utils/cmsis/sam3u/source/templates/gcc/startup_sam3u.o
 .ARM.attributes
                0x00000248       0x33 src/ASF/sam/utils/cmsis/sam3u/source/templates/system_sam3u.o
 .ARM.attributes
                0x0000027b       0x33 src/main.o
 .ARM.attributes
                0x000002ae       0x2d c:/program files (x86)/atmel/studio/7.0/toolchain/arm/arm-gnu-toolchain/bin/../lib/gcc/arm-none-eabi/5.3.1/../../../../arm-none-eabi/lib/armv7-m\libm.a(lib_a-s_cos.o)
 .ARM.attributes
                0x000002db       0x2d c:/program files (x86)/atmel/studio/7.0/toolchain/arm/arm-gnu-toolchain/bin/../lib/gcc/arm-none-eabi/5.3.1/../../../../arm-none-eabi/lib/armv7-m\libm.a(lib_a-s_sin.o)
 .ARM.attributes
                0x00000308       0x2d c:/program files (x86)/atmel/studio/7.0/toolchain/arm/arm-gnu-toolchain/bin/../lib/gcc/arm-none-eabi/5.3.1/../../../../arm-none-eabi/lib/armv7-m\libm.a(lib_a-e_rem_pio2.o)
 .ARM.attributes
                0x00000335       0x2d c:/program files (x86)/atmel/studio/7.0/toolchain/arm/arm-gnu-toolchain/bin/../lib/gcc/arm-none-eabi/5.3.1/../../../../arm-none-eabi/lib/armv7-m\libm.a(lib_a-k_cos.o)
 .ARM.attributes
                0x00000362       0x2d c:/program files (x86)/atmel/studio/7.0/toolchain/arm/arm-gnu-toolchain/bin/../lib/gcc/arm-none-eabi/5.3.1/../../../../arm-none-eabi/lib/armv7-m\libm.a(lib_a-k_rem_pio2.o)
 .ARM.attributes
                0x0000038f       0x2d c:/program files (x86)/atmel/studio/7.0/toolchain/arm/arm-gnu-toolchain/bin/../lib/gcc/arm-none-eabi/5.3.1/../../../../arm-none-eabi/lib/armv7-m\libm.a(lib_a-k_sin.o)
 .ARM.attributes
                0x000003bc       0x2d c:/program files (x86)/atmel/studio/7.0/toolchain/arm/arm-gnu-toolchain/bin/../lib/gcc/arm-none-eabi/5.3.1/../../../../arm-none-eabi/lib/armv7-m\libm.a(lib_a-s_fabs.o)
 .ARM.attributes
                0x000003e9       0x2d c:/program files (x86)/atmel/studio/7.0/toolchain/arm/arm-gnu-toolchain/bin/../lib/gcc/arm-none-eabi/5.3.1/../../../../arm-none-eabi/lib/armv7-m\libm.a(lib_a-s_floor.o)
 .ARM.attributes
                0x00000416       0x2d c:/program files (x86)/atmel/studio/7.0/toolchain/arm/arm-gnu-toolchain/bin/../lib/gcc/arm-none-eabi/5.3.1/../../../../arm-none-eabi/lib/armv7-m\libm.a(lib_a-s_scalbn.o)
 .ARM.attributes
                0x00000443       0x2d c:/program files (x86)/atmel/studio/7.0/toolchain/arm/arm-gnu-toolchain/bin/../lib/gcc/arm-none-eabi/5.3.1/../../../../arm-none-eabi/lib/armv7-m\libm.a(lib_a-s_copysign.o)
 .ARM.attributes
                0x00000470       0x1d c:/program files (x86)/atmel/studio/7.0/toolchain/arm/arm-gnu-toolchain/bin/../lib/gcc/arm-none-eabi/5.3.1/armv7-m\libgcc.a(_arm_addsubdf3.o)
 .ARM.attributes
                0x0000048d       0x1d c:/program files (x86)/atmel/studio/7.0/toolchain/arm/arm-gnu-toolchain/bin/../lib/gcc/arm-none-eabi/5.3.1/armv7-m\libgcc.a(_arm_muldivdf3.o)
 .ARM.attributes
                0x000004aa       0x1d c:/program files (x86)/atmel/studio/7.0/toolchain/arm/arm-gnu-toolchain/bin/../lib/gcc/arm-none-eabi/5.3.1/armv7-m\libgcc.a(_arm_cmpdf2.o)
 .ARM.attributes
                0x000004c7       0x1d c:/program files (x86)/atmel/studio/7.0/toolchain/arm/arm-gnu-toolchain/bin/../lib/gcc/arm-none-eabi/5.3.1/armv7-m\libgcc.a(_arm_fixdfsi.o)
 .ARM.attributes
                0x000004e4       0x2d c:/program files (x86)/atmel/studio/7.0/toolchain/arm/arm-gnu-toolchain/bin/../lib/gcc/arm-none-eabi/5.3.1/../../../../arm-none-eabi/lib/armv7-m\libc.a(lib_a-impure.o)
 .ARM.attributes
                0x00000511       0x2d c:/program files (x86)/atmel/studio/7.0/toolchain/arm/arm-gnu-toolchain/bin/../lib/gcc/arm-none-eabi/5.3.1/../../../../arm-none-eabi/lib/armv7-m\libc.a(lib_a-init.o)
 .ARM.attributes
                0x0000053e       0x2d c:/program files (x86)/atmel/studio/7.0/toolchain/arm/arm-gnu-toolchain/bin/../lib/gcc/arm-none-eabi/5.3.1/../../../../arm-none-eabi/lib/armv7-m\libc.a(lib_a-__call_atexit.o)
 .ARM.attributes
                0x0000056b       0x2d c:/program files (x86)/atmel/studio/7.0/toolchain/arm/arm-gnu-toolchain/bin/../lib/gcc/arm-none-eabi/5.3.1/../../../../arm-none-eabi/lib/armv7-m\libc.a(lib_a-atexit.o)
 .ARM.attributes
                0x00000598       0x2d c:/program files (x86)/atmel/studio/7.0/toolchain/arm/arm-gnu-toolchain/bin/../lib/gcc/arm-none-eabi/5.3.1/../../../../arm-none-eabi/lib/armv7-m\libc.a(lib_a-fini.o)
 .ARM.attributes
                0x000005c5       0x2d c:/program files (x86)/atmel/studio/7.0/toolchain/arm/arm-gnu-toolchain/bin/../lib/gcc/arm-none-eabi/5.3.1/../../../../arm-none-eabi/lib/armv7-m\libc.a(lib_a-__atexit.o)
 .ARM.attributes
                0x000005f2       0x1d c:/program files (x86)/atmel/studio/7.0/toolchain/arm/arm-gnu-toolchain/bin/../lib/gcc/arm-none-eabi/5.3.1/armv7-m/crtn.o

.comment        0x00000000       0x59
 .comment       0x00000000       0x59 src/ASF/sam/components/display/aat31xx/aat31xx.o
                                 0x5a (size before relaxing)
 .comment       0x00000059       0x5a src/ASF/sam/components/display/hx8347a/hx8347a.o
 .comment       0x00000059       0x5a src/ASF/sam/drivers/ebi/smc/smc.o
 .comment       0x00000059       0x5a src/ASF/common/services/clock/sam3u/sysclk.o
 .comment       0x00000059       0x5a src/ASF/sam/boards/sam3u_ek/init.o
 .comment       0x00000059       0x5a src/ASF/sam/drivers/pio/pio.o
 .comment       0x00000059       0x5a src/ASF/sam/drivers/pio/pio_handler.o
 .comment       0x00000059       0x5a src/ASF/sam/drivers/pmc/pmc.o
 .comment       0x00000059       0x5a src/ASF/sam/utils/cmsis/sam3u/source/templates/exceptions.o
 .comment       0x00000059       0x5a src/ASF/sam/utils/cmsis/sam3u/source/templates/gcc/startup_sam3u.o
 .comment       0x00000059       0x5a src/ASF/sam/utils/cmsis/sam3u/source/templates/system_sam3u.o
 .comment       0x00000059       0x5a src/main.o

.debug_info     0x00000000     0xaa45
 .debug_info    0x00000000      0x78a src/ASF/sam/components/display/aat31xx/aat31xx.o
 .debug_info    0x0000078a     0x2f62 src/ASF/sam/components/display/hx8347a/hx8347a.o
 .debug_info    0x000036ec      0x9cd src/ASF/sam/drivers/ebi/smc/smc.o
 .debug_info    0x000040b9      0x828 src/ASF/common/services/clock/sam3u/sysclk.o
 .debug_info    0x000048e1      0xda8 src/ASF/sam/boards/sam3u_ek/init.o
 .debug_info    0x00005689     0x1384 src/ASF/sam/drivers/pio/pio.o
 .debug_info    0x00006a0d      0xdf3 src/ASF/sam/drivers/pio/pio_handler.o
 .debug_info    0x00007800      0xfa9 src/ASF/sam/drivers/pmc/pmc.o
 .debug_info    0x000087a9      0x125 src/ASF/sam/utils/cmsis/sam3u/source/templates/exceptions.o
 .debug_info    0x000088ce      0x3d3 src/ASF/sam/utils/cmsis/sam3u/source/templates/gcc/startup_sam3u.o
 .debug_info    0x00008ca1      0x45a src/ASF/sam/utils/cmsis/sam3u/source/templates/system_sam3u.o
 .debug_info    0x000090fb     0x194a src/main.o

.debug_abbrev   0x00000000     0x1804
 .debug_abbrev  0x00000000      0x1d4 src/ASF/sam/components/display/aat31xx/aat31xx.o
 .debug_abbrev  0x000001d4      0x2f1 src/ASF/sam/components/display/hx8347a/hx8347a.o
 .debug_abbrev  0x000004c5      0x1ac src/ASF/sam/drivers/ebi/smc/smc.o
 .debug_abbrev  0x00000671      0x25b src/ASF/common/services/clock/sam3u/sysclk.o
 .debug_abbrev  0x000008cc      0x17a src/ASF/sam/boards/sam3u_ek/init.o
 .debug_abbrev  0x00000a46      0x2de src/ASF/sam/drivers/pio/pio.o
 .debug_abbrev  0x00000d24      0x262 src/ASF/sam/drivers/pio/pio_handler.o
 .debug_abbrev  0x00000f86      0x25b src/ASF/sam/drivers/pmc/pmc.o
 .debug_abbrev  0x000011e1       0x8f src/ASF/sam/utils/cmsis/sam3u/source/templates/exceptions.o
 .debug_abbrev  0x00001270      0x11b src/ASF/sam/utils/cmsis/sam3u/source/templates/gcc/startup_sam3u.o
 .debug_abbrev  0x0000138b      0x108 src/ASF/sam/utils/cmsis/sam3u/source/templates/system_sam3u.o
 .debug_abbrev  0x00001493      0x371 src/main.o

.debug_loc      0x00000000     0x5551
 .debug_loc     0x00000000      0x128 src/ASF/sam/components/display/aat31xx/aat31xx.o
 .debug_loc     0x00000128     0x2c2d src/ASF/sam/components/display/hx8347a/hx8347a.o
 .debug_loc     0x00002d55      0x315 src/ASF/sam/drivers/ebi/smc/smc.o
 .debug_loc     0x0000306a      0x1b3 src/ASF/common/services/clock/sam3u/sysclk.o
 .debug_loc     0x0000321d       0x5c src/ASF/sam/boards/sam3u_ek/init.o
 .debug_loc     0x00003279      0xb2a src/ASF/sam/drivers/pio/pio.o
 .debug_loc     0x00003da3      0x51e src/ASF/sam/drivers/pio/pio_handler.o
 .debug_loc     0x000042c1      0xcc7 src/ASF/sam/drivers/pmc/pmc.o
 .debug_loc     0x00004f88       0x5e src/ASF/sam/utils/cmsis/sam3u/source/templates/gcc/startup_sam3u.o
 .debug_loc     0x00004fe6      0x56b src/main.o

.debug_aranges  0x00000000      0x690
 .debug_aranges
                0x00000000       0x28 src/ASF/sam/components/display/aat31xx/aat31xx.o
 .debug_aranges
                0x00000028       0xd0 src/ASF/sam/components/display/hx8347a/hx8347a.o
 .debug_aranges
                0x000000f8       0xe8 src/ASF/sam/drivers/ebi/smc/smc.o
 .debug_aranges
                0x000001e0       0x40 src/ASF/common/services/clock/sam3u/sysclk.o
 .debug_aranges
                0x00000220       0x20 src/ASF/sam/boards/sam3u_ek/init.o
 .debug_aranges
                0x00000240      0x148 src/ASF/sam/drivers/pio/pio.o
 .debug_aranges
                0x00000388       0x50 src/ASF/sam/drivers/pio/pio_handler.o
 .debug_aranges
                0x000003d8      0x1e0 src/ASF/sam/drivers/pmc/pmc.o
 .debug_aranges
                0x000005b8       0x20 src/ASF/sam/utils/cmsis/sam3u/source/templates/exceptions.o
 .debug_aranges
                0x000005d8       0x20 src/ASF/sam/utils/cmsis/sam3u/source/templates/gcc/startup_sam3u.o
 .debug_aranges
                0x000005f8       0x30 src/ASF/sam/utils/cmsis/sam3u/source/templates/system_sam3u.o
 .debug_aranges
                0x00000628       0x68 src/main.o

.debug_ranges   0x00000000      0x630
 .debug_ranges  0x00000000       0x30 src/ASF/sam/components/display/aat31xx/aat31xx.o
 .debug_ranges  0x00000030      0x108 src/ASF/sam/components/display/hx8347a/hx8347a.o
 .debug_ranges  0x00000138       0xd8 src/ASF/sam/drivers/ebi/smc/smc.o
 .debug_ranges  0x00000210       0x30 src/ASF/common/services/clock/sam3u/sysclk.o
 .debug_ranges  0x00000240       0x10 src/ASF/sam/boards/sam3u_ek/init.o
 .debug_ranges  0x00000250      0x138 src/ASF/sam/drivers/pio/pio.o
 .debug_ranges  0x00000388       0x40 src/ASF/sam/drivers/pio/pio_handler.o
 .debug_ranges  0x000003c8      0x1d0 src/ASF/sam/drivers/pmc/pmc.o
 .debug_ranges  0x00000598       0x10 src/ASF/sam/utils/cmsis/sam3u/source/templates/exceptions.o
 .debug_ranges  0x000005a8       0x10 src/ASF/sam/utils/cmsis/sam3u/source/templates/gcc/startup_sam3u.o
 .debug_ranges  0x000005b8       0x20 src/ASF/sam/utils/cmsis/sam3u/source/templates/system_sam3u.o
 .debug_ranges  0x000005d8       0x58 src/main.o

.debug_macro    0x00000000    0x13fc5
 .debug_macro   0x00000000      0x58f src/ASF/sam/components/display/aat31xx/aat31xx.o
 .debug_macro   0x0000058f      0x892 src/ASF/sam/components/display/aat31xx/aat31xx.o
 .debug_macro   0x00000e21      0x16d src/ASF/sam/components/display/aat31xx/aat31xx.o
 .debug_macro   0x00000f8e      0x644 src/ASF/sam/components/display/aat31xx/aat31xx.o
 .debug_macro   0x000015d2       0x76 src/ASF/sam/components/display/aat31xx/aat31xx.o
 .debug_macro   0x00001648       0x16 src/ASF/sam/components/display/aat31xx/aat31xx.o
 .debug_macro   0x0000165e      0x6e4 src/ASF/sam/components/display/aat31xx/aat31xx.o
 .debug_macro   0x00001d42       0x22 src/ASF/sam/components/display/aat31xx/aat31xx.o
 .debug_macro   0x00001d64       0x87 src/ASF/sam/components/display/aat31xx/aat31xx.o
 .debug_macro   0x00001deb       0x44 src/ASF/sam/components/display/aat31xx/aat31xx.o
 .debug_macro   0x00001e2f       0xfd src/ASF/sam/components/display/aat31xx/aat31xx.o
 .debug_macro   0x00001f2c       0x22 src/ASF/sam/components/display/aat31xx/aat31xx.o
 .debug_macro   0x00001f4e      0x1df src/ASF/sam/components/display/aat31xx/aat31xx.o
 .debug_macro   0x0000212d       0x20 src/ASF/sam/components/display/aat31xx/aat31xx.o
 .debug_macro   0x0000214d       0x3a src/ASF/sam/components/display/aat31xx/aat31xx.o
 .debug_macro   0x00002187       0x2d src/ASF/sam/components/display/aat31xx/aat31xx.o
 .debug_macro   0x000021b4      0xbb1 src/ASF/sam/components/display/aat31xx/aat31xx.o
 .debug_macro   0x00002d65      0x41b src/ASF/sam/components/display/aat31xx/aat31xx.o
 .debug_macro   0x00003180      0x472 src/ASF/sam/components/display/aat31xx/aat31xx.o
 .debug_macro   0x000035f2      0x2b5 src/ASF/sam/components/display/aat31xx/aat31xx.o
 .debug_macro   0x000038a7      0x5d6 src/ASF/sam/components/display/aat31xx/aat31xx.o
 .debug_macro   0x00003e7d       0x82 src/ASF/sam/components/display/aat31xx/aat31xx.o
 .debug_macro   0x00003eff       0x1c src/ASF/sam/components/display/aat31xx/aat31xx.o
 .debug_macro   0x00003f1b      0x69b src/ASF/sam/components/display/aat31xx/aat31xx.o
 .debug_macro   0x000045b6      0x4bd src/ASF/sam/components/display/aat31xx/aat31xx.o
 .debug_macro   0x00004a73       0xbe src/ASF/sam/components/display/aat31xx/aat31xx.o
 .debug_macro   0x00004b31     0x2342 src/ASF/sam/components/display/aat31xx/aat31xx.o
 .debug_macro   0x00006e73      0x690 src/ASF/sam/components/display/aat31xx/aat31xx.o
 .debug_macro   0x00007503      0xa62 src/ASF/sam/components/display/aat31xx/aat31xx.o
 .debug_macro   0x00007f65       0x7c src/ASF/sam/components/display/aat31xx/aat31xx.o
 .debug_macro   0x00007fe1      0x263 src/ASF/sam/components/display/aat31xx/aat31xx.o
 .debug_macro   0x00008244       0x58 src/ASF/sam/components/display/aat31xx/aat31xx.o
 .debug_macro   0x0000829c      0x9a7 src/ASF/sam/components/display/aat31xx/aat31xx.o
 .debug_macro   0x00008c43      0x248 src/ASF/sam/components/display/aat31xx/aat31xx.o
 .debug_macro   0x00008e8b      0x4df src/ASF/sam/components/display/aat31xx/aat31xx.o
 .debug_macro   0x0000936a      0x6b3 src/ASF/sam/components/display/aat31xx/aat31xx.o
 .debug_macro   0x00009a1d      0x563 src/ASF/sam/components/display/aat31xx/aat31xx.o
 .debug_macro   0x00009f80      0x34d src/ASF/sam/components/display/aat31xx/aat31xx.o
 .debug_macro   0x0000a2cd      0x28c src/ASF/sam/components/display/aat31xx/aat31xx.o
 .debug_macro   0x0000a559      0x754 src/ASF/sam/components/display/aat31xx/aat31xx.o
 .debug_macro   0x0000acad      0x6b5 src/ASF/sam/components/display/aat31xx/aat31xx.o
 .debug_macro   0x0000b362       0x76 src/ASF/sam/components/display/aat31xx/aat31xx.o
 .debug_macro   0x0000b3d8       0x82 src/ASF/sam/components/display/aat31xx/aat31xx.o
 .debug_macro   0x0000b45a       0x76 src/ASF/sam/components/display/aat31xx/aat31xx.o
 .debug_macro   0x0000b4d0       0x4c src/ASF/sam/components/display/aat31xx/aat31xx.o
 .debug_macro   0x0000b51c       0xe2 src/ASF/sam/components/display/aat31xx/aat31xx.o
 .debug_macro   0x0000b5fe       0x88 src/ASF/sam/components/display/aat31xx/aat31xx.o
 .debug_macro   0x0000b686       0x88 src/ASF/sam/components/display/aat31xx/aat31xx.o
 .debug_macro   0x0000b70e      0x2c6 src/ASF/sam/components/display/aat31xx/aat31xx.o
 .debug_macro   0x0000b9d4       0xac src/ASF/sam/components/display/aat31xx/aat31xx.o
 .debug_macro   0x0000ba80       0xac src/ASF/sam/components/display/aat31xx/aat31xx.o
 .debug_macro   0x0000bb2c       0xac src/ASF/sam/components/display/aat31xx/aat31xx.o
 .debug_macro   0x0000bbd8       0xac src/ASF/sam/components/display/aat31xx/aat31xx.o
 .debug_macro   0x0000bc84      0x24f src/ASF/sam/components/display/aat31xx/aat31xx.o
 .debug_macro   0x0000bed3       0x7c src/ASF/sam/components/display/aat31xx/aat31xx.o
 .debug_macro   0x0000bf4f       0x70 src/ASF/sam/components/display/aat31xx/aat31xx.o
 .debug_macro   0x0000bfbf       0xee src/ASF/sam/components/display/aat31xx/aat31xx.o
 .debug_macro   0x0000c0ad      0x165 src/ASF/sam/components/display/aat31xx/aat31xx.o
 .debug_macro   0x0000c212       0x64 src/ASF/sam/components/display/aat31xx/aat31xx.o
 .debug_macro   0x0000c276       0x88 src/ASF/sam/components/display/aat31xx/aat31xx.o
 .debug_macro   0x0000c2fe       0x7c src/ASF/sam/components/display/aat31xx/aat31xx.o
 .debug_macro   0x0000c37a       0x16 src/ASF/sam/components/display/aat31xx/aat31xx.o
 .debug_macro   0x0000c390       0x22 src/ASF/sam/components/display/aat31xx/aat31xx.o
 .debug_macro   0x0000c3b2       0x22 src/ASF/sam/components/display/aat31xx/aat31xx.o
 .debug_macro   0x0000c3d4      0x115 src/ASF/sam/components/display/aat31xx/aat31xx.o
 .debug_macro   0x0000c4e9      0x115 src/ASF/sam/components/display/aat31xx/aat31xx.o
 .debug_macro   0x0000c5fe      0x115 src/ASF/sam/components/display/aat31xx/aat31xx.o
 .debug_macro   0x0000c713       0x1c src/ASF/sam/components/display/aat31xx/aat31xx.o
 .debug_macro   0x0000c72f       0x2e src/ASF/sam/components/display/aat31xx/aat31xx.o
 .debug_macro   0x0000c75d       0x22 src/ASF/sam/components/display/aat31xx/aat31xx.o
 .debug_macro   0x0000c77f       0x1c src/ASF/sam/components/display/aat31xx/aat31xx.o
 .debug_macro   0x0000c79b       0x58 src/ASF/sam/components/display/aat31xx/aat31xx.o
 .debug_macro   0x0000c7f3       0x10 src/ASF/sam/components/display/aat31xx/aat31xx.o
 .debug_macro   0x0000c803      0x1f5 src/ASF/sam/components/display/aat31xx/aat31xx.o
 .debug_macro   0x0000c9f8      0xa5d src/ASF/sam/components/display/aat31xx/aat31xx.o
 .debug_macro   0x0000d455       0xf2 src/ASF/sam/components/display/aat31xx/aat31xx.o
 .debug_macro   0x0000d547       0x52 src/ASF/sam/components/display/aat31xx/aat31xx.o
 .debug_macro   0x0000d599       0x35 src/ASF/sam/components/display/aat31xx/aat31xx.o
 .debug_macro   0x0000d5ce       0x9c src/ASF/sam/components/display/aat31xx/aat31xx.o
 .debug_macro   0x0000d66a       0x16 src/ASF/sam/components/display/aat31xx/aat31xx.o
 .debug_macro   0x0000d680       0x35 src/ASF/sam/components/display/aat31xx/aat31xx.o
 .debug_macro   0x0000d6b5      0x330 src/ASF/sam/components/display/aat31xx/aat31xx.o
 .debug_macro   0x0000d9e5       0x10 src/ASF/sam/components/display/aat31xx/aat31xx.o
 .debug_macro   0x0000d9f5       0x52 src/ASF/sam/components/display/aat31xx/aat31xx.o
 .debug_macro   0x0000da47       0x16 src/ASF/sam/components/display/aat31xx/aat31xx.o
 .debug_macro   0x0000da5d       0x43 src/ASF/sam/components/display/aat31xx/aat31xx.o
 .debug_macro   0x0000daa0      0x187 src/ASF/sam/components/display/aat31xx/aat31xx.o
 .debug_macro   0x0000dc27       0x22 src/ASF/sam/components/display/aat31xx/aat31xx.o
 .debug_macro   0x0000dc49       0x3a src/ASF/sam/components/display/aat31xx/aat31xx.o
 .debug_macro   0x0000dc83       0x10 src/ASF/sam/components/display/aat31xx/aat31xx.o
 .debug_macro   0x0000dc93       0x40 src/ASF/sam/components/display/aat31xx/aat31xx.o
 .debug_macro   0x0000dcd3       0x6c src/ASF/sam/components/display/aat31xx/aat31xx.o
 .debug_macro   0x0000dd3f       0x16 src/ASF/sam/components/display/aat31xx/aat31xx.o
 .debug_macro   0x0000dd55      0x182 src/ASF/sam/components/display/aat31xx/aat31xx.o
 .debug_macro   0x0000ded7       0x22 src/ASF/sam/components/display/aat31xx/aat31xx.o
 .debug_macro   0x0000def9       0x16 src/ASF/sam/components/display/aat31xx/aat31xx.o
 .debug_macro   0x0000df0f       0x16 src/ASF/sam/components/display/aat31xx/aat31xx.o
 .debug_macro   0x0000df25       0x29 src/ASF/sam/components/display/aat31xx/aat31xx.o
 .debug_macro   0x0000df4e       0x75 src/ASF/sam/components/display/aat31xx/aat31xx.o
 .debug_macro   0x0000dfc3       0x45 src/ASF/sam/components/display/aat31xx/aat31xx.o
 .debug_macro   0x0000e008      0x3ca src/ASF/sam/components/display/aat31xx/aat31xx.o
 .debug_macro   0x0000e3d2      0x2a4 src/ASF/sam/components/display/aat31xx/aat31xx.o
 .debug_macro   0x0000e676      0xaaf src/ASF/sam/components/display/aat31xx/aat31xx.o
 .debug_macro   0x0000f125       0x28 src/ASF/sam/components/display/aat31xx/aat31xx.o
 .debug_macro   0x0000f14d       0x5e src/ASF/sam/components/display/aat31xx/aat31xx.o
 .debug_macro   0x0000f1ab       0x64 src/ASF/sam/components/display/aat31xx/aat31xx.o
 .debug_macro   0x0000f20f       0x5f src/ASF/sam/components/display/aat31xx/aat31xx.o
 .debug_macro   0x0000f26e       0x82 src/ASF/sam/components/display/aat31xx/aat31xx.o
 .debug_macro   0x0000f2f0       0x6a src/ASF/sam/components/display/aat31xx/aat31xx.o
 .debug_macro   0x0000f35a       0x4c src/ASF/sam/components/display/aat31xx/aat31xx.o
 .debug_macro   0x0000f3a6       0x16 src/ASF/sam/components/display/aat31xx/aat31xx.o
 .debug_macro   0x0000f3bc      0x523 src/ASF/sam/components/display/hx8347a/hx8347a.o
 .debug_macro   0x0000f8df      0x2aa src/ASF/sam/components/display/hx8347a/hx8347a.o
 .debug_macro   0x0000fb89      0xc06 src/ASF/sam/components/display/hx8347a/hx8347a.o
 .debug_macro   0x0001078f       0x16 src/ASF/sam/components/display/hx8347a/hx8347a.o
 .debug_macro   0x000107a5       0x16 src/ASF/sam/components/display/hx8347a/hx8347a.o
 .debug_macro   0x000107bb      0x4f9 src/ASF/sam/drivers/ebi/smc/smc.o
 .debug_macro   0x00010cb4       0x76 src/ASF/sam/drivers/ebi/smc/smc.o
 .debug_macro   0x00010d2a      0x541 src/ASF/common/services/clock/sam3u/sysclk.o
 .debug_macro   0x0001126b      0x580 src/ASF/sam/boards/sam3u_ek/init.o
 .debug_macro   0x000117eb       0x94 src/ASF/sam/boards/sam3u_ek/init.o
 .debug_macro   0x0001187f       0x40 src/ASF/sam/boards/sam3u_ek/init.o
 .debug_macro   0x000118bf      0x4dc src/ASF/sam/drivers/pio/pio.o
 .debug_macro   0x00011d9b       0x8e src/ASF/sam/drivers/pio/pio.o
 .debug_macro   0x00011e29      0x4e0 src/ASF/sam/drivers/pio/pio_handler.o
 .debug_macro   0x00012309      0x4d6 src/ASF/sam/drivers/pmc/pmc.o
 .debug_macro   0x000127df       0x58 src/ASF/sam/drivers/pmc/pmc.o
 .debug_macro   0x00012837      0x4d5 src/ASF/sam/utils/cmsis/sam3u/source/templates/exceptions.o
 .debug_macro   0x00012d0c      0x4e3 src/ASF/sam/utils/cmsis/sam3u/source/templates/gcc/startup_sam3u.o
 .debug_macro   0x000131ef      0x4e3 src/ASF/sam/utils/cmsis/sam3u/source/templates/system_sam3u.o
 .debug_macro   0x000136d2       0x26 src/ASF/sam/utils/cmsis/sam3u/source/templates/system_sam3u.o
 .debug_macro   0x000136f8      0x602 src/main.o
 .debug_macro   0x00013cfa       0x10 src/main.o
 .debug_macro   0x00013d0a       0x7c src/main.o
 .debug_macro   0x00013d86      0x1e1 src/main.o
 .debug_macro   0x00013f67       0x5e src/main.o

.debug_line     0x00000000     0x9798
 .debug_line    0x00000000      0xc71 src/ASF/sam/components/display/aat31xx/aat31xx.o
 .debug_line    0x00000c71      0xfe1 src/ASF/sam/components/display/hx8347a/hx8347a.o
 .debug_line    0x00001c52      0xc83 src/ASF/sam/drivers/ebi/smc/smc.o
 .debug_line    0x000028d5      0xbef src/ASF/common/services/clock/sam3u/sysclk.o
 .debug_line    0x000034c4      0xca2 src/ASF/sam/boards/sam3u_ek/init.o
 .debug_line    0x00004166      0xdc3 src/ASF/sam/drivers/pio/pio.o
 .debug_line    0x00004f29      0xafb src/ASF/sam/drivers/pio/pio_handler.o
 .debug_line    0x00005a24      0xf89 src/ASF/sam/drivers/pmc/pmc.o
 .debug_line    0x000069ad      0xa39 src/ASF/sam/utils/cmsis/sam3u/source/templates/exceptions.o
 .debug_line    0x000073e6      0xa83 src/ASF/sam/utils/cmsis/sam3u/source/templates/gcc/startup_sam3u.o
 .debug_line    0x00007e69      0xa9e src/ASF/sam/utils/cmsis/sam3u/source/templates/system_sam3u.o
 .debug_line    0x00008907      0xe91 src/main.o

.debug_str      0x00000000    0x58533
 .debug_str     0x00000000    0x4f646 src/ASF/sam/components/display/aat31xx/aat31xx.o
                              0x4f983 (size before relaxing)
 .debug_str     0x0004f646     0x6060 src/ASF/sam/components/display/hx8347a/hx8347a.o
                              0x549b0 (size before relaxing)
 .debug_str     0x000556a6      0x7bd src/ASF/sam/drivers/ebi/smc/smc.o
                              0x4f0d5 (size before relaxing)
 .debug_str     0x00055e63      0x2c0 src/ASF/common/services/clock/sam3u/sysclk.o
                              0x4f53b (size before relaxing)
 .debug_str     0x00056123      0x67c src/ASF/sam/boards/sam3u_ek/init.o
                              0x4fdfc (size before relaxing)
 .debug_str     0x0005679f      0x420 src/ASF/sam/drivers/pio/pio.o
                              0x4b057 (size before relaxing)
 .debug_str     0x00056bbf      0x3f1 src/ASF/sam/drivers/pio/pio_handler.o
                              0x4b02a (size before relaxing)
 .debug_str     0x00056fb0      0x623 src/ASF/sam/drivers/pmc/pmc.o
                              0x4b028 (size before relaxing)
 .debug_str     0x000575d3       0x4d src/ASF/sam/utils/cmsis/sam3u/source/templates/exceptions.o
                              0x4a6cc (size before relaxing)
 .debug_str     0x00057620       0xb2 src/ASF/sam/utils/cmsis/sam3u/source/templates/gcc/startup_sam3u.o
                              0x4a7a1 (size before relaxing)
 .debug_str     0x000576d2      0x1d1 src/ASF/sam/utils/cmsis/sam3u/source/templates/system_sam3u.o
                              0x4a976 (size before relaxing)
 .debug_str     0x000578a3      0xc90 src/main.o
                              0x56b0e (size before relaxing)

.debug_frame    0x00000000     0x1270
 .debug_frame   0x00000000       0x50 src/ASF/sam/components/display/aat31xx/aat31xx.o
 .debug_frame   0x00000050      0x2dc src/ASF/sam/components/display/hx8347a/hx8347a.o
 .debug_frame   0x0000032c      0x1bc src/ASF/sam/drivers/ebi/smc/smc.o
 .debug_frame   0x000004e8       0x80 src/ASF/common/services/clock/sam3u/sysclk.o
 .debug_frame   0x00000568       0x2c src/ASF/sam/boards/sam3u_ek/init.o
 .debug_frame   0x00000594      0x2b8 src/ASF/sam/drivers/pio/pio.o
 .debug_frame   0x0000084c       0xe0 src/ASF/sam/drivers/pio/pio_handler.o
 .debug_frame   0x0000092c      0x410 src/ASF/sam/drivers/pmc/pmc.o
 .debug_frame   0x00000d3c       0x20 src/ASF/sam/utils/cmsis/sam3u/source/templates/exceptions.o
 .debug_frame   0x00000d5c       0x28 src/ASF/sam/utils/cmsis/sam3u/source/templates/gcc/startup_sam3u.o
 .debug_frame   0x00000d84       0x40 src/ASF/sam/utils/cmsis/sam3u/source/templates/system_sam3u.o
 .debug_frame   0x00000dc4      0x168 src/main.o
 .debug_frame   0x00000f2c       0x38 c:/program files (x86)/atmel/studio/7.0/toolchain/arm/arm-gnu-toolchain/bin/../lib/gcc/arm-none-eabi/5.3.1/../../../../arm-none-eabi/lib/armv7-m\libm.a(lib_a-s_cos.o)
 .debug_frame   0x00000f64       0x38 c:/program files (x86)/atmel/studio/7.0/toolchain/arm/arm-gnu-toolchain/bin/../lib/gcc/arm-none-eabi/5.3.1/../../../../arm-none-eabi/lib/armv7-m\libm.a(lib_a-s_sin.o)
 .debug_frame   0x00000f9c       0x48 c:/program files (x86)/atmel/studio/7.0/toolchain/arm/arm-gnu-toolchain/bin/../lib/gcc/arm-none-eabi/5.3.1/../../../../arm-none-eabi/lib/armv7-m\libm.a(lib_a-e_rem_pio2.o)
 .debug_frame   0x00000fe4       0x4c c:/program files (x86)/atmel/studio/7.0/toolchain/arm/arm-gnu-toolchain/bin/../lib/gcc/arm-none-eabi/5.3.1/../../../../arm-none-eabi/lib/armv7-m\libm.a(lib_a-k_cos.o)
 .debug_frame   0x00001030       0x50 c:/program files (x86)/atmel/studio/7.0/toolchain/arm/arm-gnu-toolchain/bin/../lib/gcc/arm-none-eabi/5.3.1/../../../../arm-none-eabi/lib/armv7-m\libm.a(lib_a-k_rem_pio2.o)
 .debug_frame   0x00001080       0x48 c:/program files (x86)/atmel/studio/7.0/toolchain/arm/arm-gnu-toolchain/bin/../lib/gcc/arm-none-eabi/5.3.1/../../../../arm-none-eabi/lib/armv7-m\libm.a(lib_a-k_sin.o)
 .debug_frame   0x000010c8       0x20 c:/program files (x86)/atmel/studio/7.0/toolchain/arm/arm-gnu-toolchain/bin/../lib/gcc/arm-none-eabi/5.3.1/../../../../arm-none-eabi/lib/armv7-m\libm.a(lib_a-s_fabs.o)
 .debug_frame   0x000010e8       0x34 c:/program files (x86)/atmel/studio/7.0/toolchain/arm/arm-gnu-toolchain/bin/../lib/gcc/arm-none-eabi/5.3.1/../../../../arm-none-eabi/lib/armv7-m\libm.a(lib_a-s_floor.o)
 .debug_frame   0x0000111c       0x30 c:/program files (x86)/atmel/studio/7.0/toolchain/arm/arm-gnu-toolchain/bin/../lib/gcc/arm-none-eabi/5.3.1/../../../../arm-none-eabi/lib/armv7-m\libm.a(lib_a-s_scalbn.o)
 .debug_frame   0x0000114c       0x20 c:/program files (x86)/atmel/studio/7.0/toolchain/arm/arm-gnu-toolchain/bin/../lib/gcc/arm-none-eabi/5.3.1/../../../../arm-none-eabi/lib/armv7-m\libm.a(lib_a-s_copysign.o)
 .debug_frame   0x0000116c       0x2c c:/program files (x86)/atmel/studio/7.0/toolchain/arm/arm-gnu-toolchain/bin/../lib/gcc/arm-none-eabi/5.3.1/../../../../arm-none-eabi/lib/armv7-m\libc.a(lib_a-init.o)
 .debug_frame   0x00001198       0x50 c:/program files (x86)/atmel/studio/7.0/toolchain/arm/arm-gnu-toolchain/bin/../lib/gcc/arm-none-eabi/5.3.1/../../../../arm-none-eabi/lib/armv7-m\libc.a(lib_a-__call_atexit.o)
 .debug_frame   0x000011e8       0x20 c:/program files (x86)/atmel/studio/7.0/toolchain/arm/arm-gnu-toolchain/bin/../lib/gcc/arm-none-eabi/5.3.1/../../../../arm-none-eabi/lib/armv7-m\libc.a(lib_a-atexit.o)
 .debug_frame   0x00001208       0x34 c:/program files (x86)/atmel/studio/7.0/toolchain/arm/arm-gnu-toolchain/bin/../lib/gcc/arm-none-eabi/5.3.1/../../../../arm-none-eabi/lib/armv7-m\libc.a(lib_a-fini.o)
 .debug_frame   0x0000123c       0x34 c:/program files (x86)/atmel/studio/7.0/toolchain/arm/arm-gnu-toolchain/bin/../lib/gcc/arm-none-eabi/5.3.1/../../../../arm-none-eabi/lib/armv7-m\libc.a(lib_a-__atexit.o)

Cross Reference Table

Symbol                                            File
ADC12B_Handler                                    src/ASF/sam/utils/cmsis/sam3u/source/templates/exceptions.o
                                                  src/ASF/sam/utils/cmsis/sam3u/source/templates/gcc/startup_sam3u.o
ADC_Handler                                       src/ASF/sam/utils/cmsis/sam3u/source/templates/exceptions.o
                                                  src/ASF/sam/utils/cmsis/sam3u/source/templates/gcc/startup_sam3u.o
BusFault_Handler                                  src/ASF/sam/utils/cmsis/sam3u/source/templates/exceptions.o
                                                  src/ASF/sam/utils/cmsis/sam3u/source/templates/gcc/startup_sam3u.o
DMAC_Handler                                      src/ASF/sam/utils/cmsis/sam3u/source/templates/exceptions.o
                                                  src/ASF/sam/utils/cmsis/sam3u/source/templates/gcc/startup_sam3u.o
DebugMon_Handler                                  src/ASF/sam/utils/cmsis/sam3u/source/templates/exceptions.o
                                                  src/ASF/sam/utils/cmsis/sam3u/source/templates/gcc/startup_sam3u.o
Dummy_Handler                                     src/ASF/sam/utils/cmsis/sam3u/source/templates/exceptions.o
                                                  src/ASF/sam/utils/cmsis/sam3u/source/templates/gcc/startup_sam3u.o
EFC0_Handler                                      src/ASF/sam/utils/cmsis/sam3u/source/templates/exceptions.o
                                                  src/ASF/sam/utils/cmsis/sam3u/source/templates/gcc/startup_sam3u.o
EFC1_Handler                                      src/ASF/sam/utils/cmsis/sam3u/source/templates/exceptions.o
                                                  src/ASF/sam/utils/cmsis/sam3u/source/templates/gcc/startup_sam3u.o
HSMCI_Handler                                     src/ASF/sam/utils/cmsis/sam3u/source/templates/exceptions.o
                                                  src/ASF/sam/utils/cmsis/sam3u/source/templates/gcc/startup_sam3u.o
HardFault_Handler                                 src/ASF/sam/utils/cmsis/sam3u/source/templates/exceptions.o
                                                  src/ASF/sam/utils/cmsis/sam3u/source/templates/gcc/startup_sam3u.o
LED_Off                                           src/ASF/sam/boards/sam3u_ek/led.o
LED_On                                            src/ASF/sam/boards/sam3u_ek/led.o
MemManage_Handler                                 src/ASF/sam/utils/cmsis/sam3u/source/templates/exceptions.o
                                                  src/ASF/sam/utils/cmsis/sam3u/source/templates/gcc/startup_sam3u.o
NMI_Handler                                       src/ASF/sam/utils/cmsis/sam3u/source/templates/exceptions.o
                                                  src/ASF/sam/utils/cmsis/sam3u/source/templates/gcc/startup_sam3u.o
PIOA_Handler                                      src/ASF/sam/drivers/pio/pio_handler.o
                                                  src/ASF/sam/utils/cmsis/sam3u/source/templates/gcc/startup_sam3u.o
PIOB_Handler                                      src/ASF/sam/drivers/pio/pio_handler.o
                                                  src/ASF/sam/utils/cmsis/sam3u/source/templates/gcc/startup_sam3u.o
PIOC_Handler                                      src/ASF/sam/drivers/pio/pio_handler.o
                                                  src/ASF/sam/utils/cmsis/sam3u/source/templates/gcc/startup_sam3u.o
PMC_Handler                                       src/ASF/sam/utils/cmsis/sam3u/source/templates/exceptions.o
                                                  src/ASF/sam/utils/cmsis/sam3u/source/templates/gcc/startup_sam3u.o
PWM_Handler                                       src/ASF/sam/utils/cmsis/sam3u/source/templates/exceptions.o
                                                  src/ASF/sam/utils/cmsis/sam3u/source/templates/gcc/startup_sam3u.o
PendSV_Handler                                    src/ASF/sam/utils/cmsis/sam3u/source/templates/exceptions.o
                                                  src/ASF/sam/utils/cmsis/sam3u/source/templates/gcc/startup_sam3u.o
RSTC_Handler                                      src/ASF/sam/utils/cmsis/sam3u/source/templates/exceptions.o
                                                  src/ASF/sam/utils/cmsis/sam3u/source/templates/gcc/startup_sam3u.o
RTC_Handler                                       src/ASF/sam/utils/cmsis/sam3u/source/templates/exceptions.o
                                                  src/ASF/sam/utils/cmsis/sam3u/source/templates/gcc/startup_sam3u.o
RTT_Handler                                       src/ASF/sam/utils/cmsis/sam3u/source/templates/exceptions.o
                                                  src/ASF/sam/utils/cmsis/sam3u/source/templates/gcc/startup_sam3u.o
Reset_Handler                                     src/ASF/sam/utils/cmsis/sam3u/source/templates/gcc/startup_sam3u.o
                                                  src/ASF/sam/utils/cmsis/sam3u/source/templates/exceptions.o
SMC_Handler                                       src/ASF/sam/utils/cmsis/sam3u/source/templates/exceptions.o
                                                  src/ASF/sam/utils/cmsis/sam3u/source/templates/gcc/startup_sam3u.o
SPI_Handler                                       src/ASF/sam/utils/cmsis/sam3u/source/templates/exceptions.o
                                                  src/ASF/sam/utils/cmsis/sam3u/source/templates/gcc/startup_sam3u.o
SSC_Handler                                       src/ASF/sam/utils/cmsis/sam3u/source/templates/exceptions.o
                                                  src/ASF/sam/utils/cmsis/sam3u/source/templates/gcc/startup_sam3u.o
SUPC_Handler                                      src/ASF/sam/utils/cmsis/sam3u/source/templates/exceptions.o
                                                  src/ASF/sam/utils/cmsis/sam3u/source/templates/gcc/startup_sam3u.o
SVC_Handler                                       src/ASF/sam/utils/cmsis/sam3u/source/templates/exceptions.o
                                                  src/ASF/sam/utils/cmsis/sam3u/source/templates/gcc/startup_sam3u.o
SysTick_Handler                                   src/main.o
                                                  src/ASF/sam/utils/cmsis/sam3u/source/templates/exceptions.o
                                                  src/ASF/sam/utils/cmsis/sam3u/source/templates/gcc/startup_sam3u.o
SystemCoreClock                                   src/ASF/sam/utils/cmsis/sam3u/source/templates/system_sam3u.o
                                                  src/main.o
SystemCoreClockUpdate                             src/ASF/sam/utils/cmsis/sam3u/source/templates/system_sam3u.o
                                                  src/ASF/common/services/clock/sam3u/sysclk.o
SystemInit                                        src/ASF/sam/utils/cmsis/sam3u/source/templates/system_sam3u.o
TC0_Handler                                       src/ASF/sam/utils/cmsis/sam3u/source/templates/exceptions.o
                                                  src/ASF/sam/utils/cmsis/sam3u/source/templates/gcc/startup_sam3u.o
TC1_Handler                                       src/ASF/sam/utils/cmsis/sam3u/source/templates/exceptions.o
                                                  src/ASF/sam/utils/cmsis/sam3u/source/templates/gcc/startup_sam3u.o
TC2_Handler                                       src/ASF/sam/utils/cmsis/sam3u/source/templates/exceptions.o
                                                  src/ASF/sam/utils/cmsis/sam3u/source/templates/gcc/startup_sam3u.o
TWI0_Handler                                      src/ASF/sam/utils/cmsis/sam3u/source/templates/exceptions.o
                                                  src/ASF/sam/utils/cmsis/sam3u/source/templates/gcc/startup_sam3u.o
TWI1_Handler                                      src/ASF/sam/utils/cmsis/sam3u/source/templates/exceptions.o
                                                  src/ASF/sam/utils/cmsis/sam3u/source/templates/gcc/startup_sam3u.o
UART_Handler                                      src/ASF/sam/utils/cmsis/sam3u/source/templates/exceptions.o
                                                  src/ASF/sam/utils/cmsis/sam3u/source/templates/gcc/startup_sam3u.o
UDPHS_Handler                                     src/ASF/sam/utils/cmsis/sam3u/source/templates/exceptions.o
                                                  src/ASF/sam/utils/cmsis/sam3u/source/templates/gcc/startup_sam3u.o
USART0_Handler                                    src/ASF/sam/utils/cmsis/sam3u/source/templates/exceptions.o
                                                  src/ASF/sam/utils/cmsis/sam3u/source/templates/gcc/startup_sam3u.o
USART1_Handler                                    src/ASF/sam/utils/cmsis/sam3u/source/templates/exceptions.o
                                                  src/ASF/sam/utils/cmsis/sam3u/source/templates/gcc/startup_sam3u.o
USART2_Handler                                    src/ASF/sam/utils/cmsis/sam3u/source/templates/exceptions.o
                                                  src/ASF/sam/utils/cmsis/sam3u/source/templates/gcc/startup_sam3u.o
USART3_Handler                                    src/ASF/sam/utils/cmsis/sam3u/source/templates/exceptions.o
                                                  src/ASF/sam/utils/cmsis/sam3u/source/templates/gcc/startup_sam3u.o
UsageFault_Handler                                src/ASF/sam/utils/cmsis/sam3u/source/templates/exceptions.o
                                                  src/ASF/sam/utils/cmsis/sam3u/source/templates/gcc/startup_sam3u.o
WDT_Handler                                       src/ASF/sam/utils/cmsis/sam3u/source/templates/exceptions.o
                                                  src/ASF/sam/utils/cmsis/sam3u/source/templates/gcc/startup_sam3u.o
_Jv_RegisterClasses                               c:/program files (x86)/atmel/studio/7.0/toolchain/arm/arm-gnu-toolchain/bin/../lib/gcc/arm-none-eabi/5.3.1/armv7-m/crtbegin.o
_PathLocale                                       c:/program files (x86)/atmel/studio/7.0/toolchain/arm/arm-gnu-toolchain/bin/../lib/gcc/arm-none-eabi/5.3.1/../../../../arm-none-eabi/lib/armv7-m\libc.a(lib_a-locale.o)
__adddf3                                          c:/program files (x86)/atmel/studio/7.0/toolchain/arm/arm-gnu-toolchain/bin/../lib/gcc/arm-none-eabi/5.3.1/armv7-m\libgcc.a(_arm_addsubdf3.o)
__aeabi_cdcmpeq                                   c:/program files (x86)/atmel/studio/7.0/toolchain/arm/arm-gnu-toolchain/bin/../lib/gcc/arm-none-eabi/5.3.1/armv7-m\libgcc.a(_arm_cmpdf2.o)
__aeabi_cdcmple                                   c:/program files (x86)/atmel/studio/7.0/toolchain/arm/arm-gnu-toolchain/bin/../lib/gcc/arm-none-eabi/5.3.1/armv7-m\libgcc.a(_arm_cmpdf2.o)
__aeabi_cdrcmple                                  c:/program files (x86)/atmel/studio/7.0/toolchain/arm/arm-gnu-toolchain/bin/../lib/gcc/arm-none-eabi/5.3.1/armv7-m\libgcc.a(_arm_cmpdf2.o)
__aeabi_d2iz                                      c:/program files (x86)/atmel/studio/7.0/toolchain/arm/arm-gnu-toolchain/bin/../lib/gcc/arm-none-eabi/5.3.1/armv7-m\libgcc.a(_arm_fixdfsi.o)
                                                  c:/program files (x86)/atmel/studio/7.0/toolchain/arm/arm-gnu-toolchain/bin/../lib/gcc/arm-none-eabi/5.3.1/../../../../arm-none-eabi/lib/armv7-m\libm.a(lib_a-k_sin.o)
                                                  c:/program files (x86)/atmel/studio/7.0/toolchain/arm/arm-gnu-toolchain/bin/../lib/gcc/arm-none-eabi/5.3.1/../../../../arm-none-eabi/lib/armv7-m\libm.a(lib_a-k_rem_pio2.o)
                                                  c:/program files (x86)/atmel/studio/7.0/toolchain/arm/arm-gnu-toolchain/bin/../lib/gcc/arm-none-eabi/5.3.1/../../../../arm-none-eabi/lib/armv7-m\libm.a(lib_a-k_cos.o)
                                                  c:/program files (x86)/atmel/studio/7.0/toolchain/arm/arm-gnu-toolchain/bin/../lib/gcc/arm-none-eabi/5.3.1/../../../../arm-none-eabi/lib/armv7-m\libm.a(lib_a-e_rem_pio2.o)
                                                  src/main.o
__aeabi_dadd                                      c:/program files (x86)/atmel/studio/7.0/toolchain/arm/arm-gnu-toolchain/bin/../lib/gcc/arm-none-eabi/5.3.1/armv7-m\libgcc.a(_arm_addsubdf3.o)
                                                  c:/program files (x86)/atmel/studio/7.0/toolchain/arm/arm-gnu-toolchain/bin/../lib/gcc/arm-none-eabi/5.3.1/../../../../arm-none-eabi/lib/armv7-m\libm.a(lib_a-s_scalbn.o)
                                                  c:/program files (x86)/atmel/studio/7.0/toolchain/arm/arm-gnu-toolchain/bin/../lib/gcc/arm-none-eabi/5.3.1/../../../../arm-none-eabi/lib/armv7-m\libm.a(lib_a-s_floor.o)
                                                  c:/program files (x86)/atmel/studio/7.0/toolchain/arm/arm-gnu-toolchain/bin/../lib/gcc/arm-none-eabi/5.3.1/../../../../arm-none-eabi/lib/armv7-m\libm.a(lib_a-k_sin.o)
                                                  c:/program files (x86)/atmel/studio/7.0/toolchain/arm/arm-gnu-toolchain/bin/../lib/gcc/arm-none-eabi/5.3.1/../../../../arm-none-eabi/lib/armv7-m\libm.a(lib_a-k_rem_pio2.o)
                                                  c:/program files (x86)/atmel/studio/7.0/toolchain/arm/arm-gnu-toolchain/bin/../lib/gcc/arm-none-eabi/5.3.1/../../../../arm-none-eabi/lib/armv7-m\libm.a(lib_a-k_cos.o)
                                                  c:/program files (x86)/atmel/studio/7.0/toolchain/arm/arm-gnu-toolchain/bin/../lib/gcc/arm-none-eabi/5.3.1/../../../../arm-none-eabi/lib/armv7-m\libm.a(lib_a-e_rem_pio2.o)
                                                  src/main.o
__aeabi_dcmpeq                                    c:/program files (x86)/atmel/studio/7.0/toolchain/arm/arm-gnu-toolchain/bin/../lib/gcc/arm-none-eabi/5.3.1/armv7-m\libgcc.a(_arm_cmpdf2.o)
                                                  c:/program files (x86)/atmel/studio/7.0/toolchain/arm/arm-gnu-toolchain/bin/../lib/gcc/arm-none-eabi/5.3.1/../../../../arm-none-eabi/lib/armv7-m\libm.a(lib_a-k_rem_pio2.o)
                                                  c:/program files (x86)/atmel/studio/7.0/toolchain/arm/arm-gnu-toolchain/bin/../lib/gcc/arm-none-eabi/5.3.1/../../../../arm-none-eabi/lib/armv7-m\libm.a(lib_a-e_rem_pio2.o)
__aeabi_dcmpge                                    c:/program files (x86)/atmel/studio/7.0/toolchain/arm/arm-gnu-toolchain/bin/../lib/gcc/arm-none-eabi/5.3.1/armv7-m\libgcc.a(_arm_cmpdf2.o)
                                                  c:/program files (x86)/atmel/studio/7.0/toolchain/arm/arm-gnu-toolchain/bin/../lib/gcc/arm-none-eabi/5.3.1/../../../../arm-none-eabi/lib/armv7-m\libm.a(lib_a-k_rem_pio2.o)
__aeabi_dcmpgt                                    c:/program files (x86)/atmel/studio/7.0/toolchain/arm/arm-gnu-toolchain/bin/../lib/gcc/arm-none-eabi/5.3.1/armv7-m\libgcc.a(_arm_cmpdf2.o)
                                                  c:/program files (x86)/atmel/studio/7.0/toolchain/arm/arm-gnu-toolchain/bin/../lib/gcc/arm-none-eabi/5.3.1/../../../../arm-none-eabi/lib/armv7-m\libm.a(lib_a-s_floor.o)
__aeabi_dcmple                                    c:/program files (x86)/atmel/studio/7.0/toolchain/arm/arm-gnu-toolchain/bin/../lib/gcc/arm-none-eabi/5.3.1/armv7-m\libgcc.a(_arm_cmpdf2.o)
__aeabi_dcmplt                                    c:/program files (x86)/atmel/studio/7.0/toolchain/arm/arm-gnu-toolchain/bin/../lib/gcc/arm-none-eabi/5.3.1/armv7-m\libgcc.a(_arm_cmpdf2.o)
__aeabi_ddiv                                      c:/program files (x86)/atmel/studio/7.0/toolchain/arm/arm-gnu-toolchain/bin/../lib/gcc/arm-none-eabi/5.3.1/armv7-m\libgcc.a(_arm_muldivdf3.o)
                                                  src/main.o
__aeabi_dmul                                      c:/program files (x86)/atmel/studio/7.0/toolchain/arm/arm-gnu-toolchain/bin/../lib/gcc/arm-none-eabi/5.3.1/armv7-m\libgcc.a(_arm_muldivdf3.o)
                                                  c:/program files (x86)/atmel/studio/7.0/toolchain/arm/arm-gnu-toolchain/bin/../lib/gcc/arm-none-eabi/5.3.1/../../../../arm-none-eabi/lib/armv7-m\libm.a(lib_a-s_scalbn.o)
                                                  c:/program files (x86)/atmel/studio/7.0/toolchain/arm/arm-gnu-toolchain/bin/../lib/gcc/arm-none-eabi/5.3.1/../../../../arm-none-eabi/lib/armv7-m\libm.a(lib_a-k_sin.o)
                                                  c:/program files (x86)/atmel/studio/7.0/toolchain/arm/arm-gnu-toolchain/bin/../lib/gcc/arm-none-eabi/5.3.1/../../../../arm-none-eabi/lib/armv7-m\libm.a(lib_a-k_rem_pio2.o)
                                                  c:/program files (x86)/atmel/studio/7.0/toolchain/arm/arm-gnu-toolchain/bin/../lib/gcc/arm-none-eabi/5.3.1/../../../../arm-none-eabi/lib/armv7-m\libm.a(lib_a-k_cos.o)
                                                  c:/program files (x86)/atmel/studio/7.0/toolchain/arm/arm-gnu-toolchain/bin/../lib/gcc/arm-none-eabi/5.3.1/../../../../arm-none-eabi/lib/armv7-m\libm.a(lib_a-e_rem_pio2.o)
                                                  src/main.o
__aeabi_drsub                                     c:/program files (x86)/atmel/studio/7.0/toolchain/arm/arm-gnu-toolchain/bin/../lib/gcc/arm-none-eabi/5.3.1/armv7-m\libgcc.a(_arm_addsubdf3.o)
__aeabi_dsub                                      c:/program files (x86)/atmel/studio/7.0/toolchain/arm/arm-gnu-toolchain/bin/../lib/gcc/arm-none-eabi/5.3.1/armv7-m\libgcc.a(_arm_addsubdf3.o)
                                                  c:/program files (x86)/atmel/studio/7.0/toolchain/arm/arm-gnu-toolchain/bin/../lib/gcc/arm-none-eabi/5.3.1/../../../../arm-none-eabi/lib/armv7-m\libm.a(lib_a-k_sin.o)
                                                  c:/program files (x86)/atmel/studio/7.0/toolchain/arm/arm-gnu-toolchain/bin/../lib/gcc/arm-none-eabi/5.3.1/../../../../arm-none-eabi/lib/armv7-m\libm.a(lib_a-k_rem_pio2.o)
                                                  c:/program files (x86)/atmel/studio/7.0/toolchain/arm/arm-gnu-toolchain/bin/../lib/gcc/arm-none-eabi/5.3.1/../../../../arm-none-eabi/lib/armv7-m\libm.a(lib_a-k_cos.o)
                                                  c:/program files (x86)/atmel/studio/7.0/toolchain/arm/arm-gnu-toolchain/bin/../lib/gcc/arm-none-eabi/5.3.1/../../../../arm-none-eabi/lib/armv7-m\libm.a(lib_a-e_rem_pio2.o)
                                                  c:/program files (x86)/atmel/studio/7.0/toolchain/arm/arm-gnu-toolchain/bin/../lib/gcc/arm-none-eabi/5.3.1/../../../../arm-none-eabi/lib/armv7-m\libm.a(lib_a-s_sin.o)
                                                  c:/program files (x86)/atmel/studio/7.0/toolchain/arm/arm-gnu-toolchain/bin/../lib/gcc/arm-none-eabi/5.3.1/../../../../arm-none-eabi/lib/armv7-m\libm.a(lib_a-s_cos.o)
__aeabi_f2d                                       c:/program files (x86)/atmel/studio/7.0/toolchain/arm/arm-gnu-toolchain/bin/../lib/gcc/arm-none-eabi/5.3.1/armv7-m\libgcc.a(_arm_addsubdf3.o)
__aeabi_i2d                                       c:/program files (x86)/atmel/studio/7.0/toolchain/arm/arm-gnu-toolchain/bin/../lib/gcc/arm-none-eabi/5.3.1/armv7-m\libgcc.a(_arm_addsubdf3.o)
                                                  c:/program files (x86)/atmel/studio/7.0/toolchain/arm/arm-gnu-toolchain/bin/../lib/gcc/arm-none-eabi/5.3.1/../../../../arm-none-eabi/lib/armv7-m\libm.a(lib_a-k_rem_pio2.o)
                                                  c:/program files (x86)/atmel/studio/7.0/toolchain/arm/arm-gnu-toolchain/bin/../lib/gcc/arm-none-eabi/5.3.1/../../../../arm-none-eabi/lib/armv7-m\libm.a(lib_a-e_rem_pio2.o)
                                                  src/main.o
__aeabi_idiv0                                     c:/program files (x86)/atmel/studio/7.0/toolchain/arm/arm-gnu-toolchain/bin/../lib/gcc/arm-none-eabi/5.3.1/armv7-m\libgcc.a(_dvmd_tls.o)
__aeabi_l2d                                       c:/program files (x86)/atmel/studio/7.0/toolchain/arm/arm-gnu-toolchain/bin/../lib/gcc/arm-none-eabi/5.3.1/armv7-m\libgcc.a(_arm_addsubdf3.o)
__aeabi_ldiv0                                     c:/program files (x86)/atmel/studio/7.0/toolchain/arm/arm-gnu-toolchain/bin/../lib/gcc/arm-none-eabi/5.3.1/armv7-m\libgcc.a(_dvmd_tls.o)
                                                  c:/program files (x86)/atmel/studio/7.0/toolchain/arm/arm-gnu-toolchain/bin/../lib/gcc/arm-none-eabi/5.3.1/armv7-m\libgcc.a(_aeabi_uldivmod.o)
__aeabi_ui2d                                      c:/program files (x86)/atmel/studio/7.0/toolchain/arm/arm-gnu-toolchain/bin/../lib/gcc/arm-none-eabi/5.3.1/armv7-m\libgcc.a(_arm_addsubdf3.o)
__aeabi_ul2d                                      c:/program files (x86)/atmel/studio/7.0/toolchain/arm/arm-gnu-toolchain/bin/../lib/gcc/arm-none-eabi/5.3.1/armv7-m\libgcc.a(_arm_addsubdf3.o)
__aeabi_uldivmod                                  c:/program files (x86)/atmel/studio/7.0/toolchain/arm/arm-gnu-toolchain/bin/../lib/gcc/arm-none-eabi/5.3.1/armv7-m\libgcc.a(_aeabi_uldivmod.o)
                                                  c:/program files (x86)/atmel/studio/7.0/toolchain/arm/arm-gnu-toolchain/bin/../lib/gcc/arm-none-eabi/5.3.1/../../../../arm-none-eabi/lib/armv7-m\libc.a(lib_a-vfiprintf.o)
__ascii_wctomb                                    c:/program files (x86)/atmel/studio/7.0/toolchain/arm/arm-gnu-toolchain/bin/../lib/gcc/arm-none-eabi/5.3.1/../../../../arm-none-eabi/lib/armv7-m\libc.a(lib_a-wctomb_r.o)
__bss_end__                                       c:/program files (x86)/atmel/studio/7.0/toolchain/arm/arm-gnu-toolchain/bin/../lib/gcc/arm-none-eabi/5.3.1/../../../../arm-none-eabi/lib/armv7-m/crt0.o
__bss_start__                                     c:/program files (x86)/atmel/studio/7.0/toolchain/arm/arm-gnu-toolchain/bin/../lib/gcc/arm-none-eabi/5.3.1/../../../../arm-none-eabi/lib/armv7-m/crt0.o
__call_exitprocs                                  c:/program files (x86)/atmel/studio/7.0/toolchain/arm/arm-gnu-toolchain/bin/../lib/gcc/arm-none-eabi/5.3.1/../../../../arm-none-eabi/lib/armv7-m\libc.a(lib_a-__call_atexit.o)
                                                  c:/program files (x86)/atmel/studio/7.0/toolchain/arm/arm-gnu-toolchain/bin/../lib/gcc/arm-none-eabi/5.3.1/../../../../arm-none-eabi/lib/armv7-m\libc.a(lib_a-exit.o)
__cmpdf2                                          c:/program files (x86)/atmel/studio/7.0/toolchain/arm/arm-gnu-toolchain/bin/../lib/gcc/arm-none-eabi/5.3.1/armv7-m\libgcc.a(_arm_cmpdf2.o)
__deregister_frame_info                           c:/program files (x86)/atmel/studio/7.0/toolchain/arm/arm-gnu-toolchain/bin/../lib/gcc/arm-none-eabi/5.3.1/armv7-m/crtbegin.o
__divdf3                                          c:/program files (x86)/atmel/studio/7.0/toolchain/arm/arm-gnu-toolchain/bin/../lib/gcc/arm-none-eabi/5.3.1/armv7-m\libgcc.a(_arm_muldivdf3.o)
__dso_handle                                      c:/program files (x86)/atmel/studio/7.0/toolchain/arm/arm-gnu-toolchain/bin/../lib/gcc/arm-none-eabi/5.3.1/armv7-m/crtbegin.o
__eqdf2                                           c:/program files (x86)/atmel/studio/7.0/toolchain/arm/arm-gnu-toolchain/bin/../lib/gcc/arm-none-eabi/5.3.1/armv7-m\libgcc.a(_arm_cmpdf2.o)
__extendsfdf2                                     c:/program files (x86)/atmel/studio/7.0/toolchain/arm/arm-gnu-toolchain/bin/../lib/gcc/arm-none-eabi/5.3.1/armv7-m\libgcc.a(_arm_addsubdf3.o)
__fini_array_end                                  c:/program files (x86)/atmel/studio/7.0/toolchain/arm/arm-gnu-toolchain/bin/../lib/gcc/arm-none-eabi/5.3.1/../../../../arm-none-eabi/lib/armv7-m\libc.a(lib_a-fini.o)
__fini_array_start                                c:/program files (x86)/atmel/studio/7.0/toolchain/arm/arm-gnu-toolchain/bin/../lib/gcc/arm-none-eabi/5.3.1/../../../../arm-none-eabi/lib/armv7-m\libc.a(lib_a-fini.o)
__fixdfsi                                         c:/program files (x86)/atmel/studio/7.0/toolchain/arm/arm-gnu-toolchain/bin/../lib/gcc/arm-none-eabi/5.3.1/armv7-m\libgcc.a(_arm_fixdfsi.o)
__floatdidf                                       c:/program files (x86)/atmel/studio/7.0/toolchain/arm/arm-gnu-toolchain/bin/../lib/gcc/arm-none-eabi/5.3.1/armv7-m\libgcc.a(_arm_addsubdf3.o)
__floatsidf                                       c:/program files (x86)/atmel/studio/7.0/toolchain/arm/arm-gnu-toolchain/bin/../lib/gcc/arm-none-eabi/5.3.1/armv7-m\libgcc.a(_arm_addsubdf3.o)
__floatundidf                                     c:/program files (x86)/atmel/studio/7.0/toolchain/arm/arm-gnu-toolchain/bin/../lib/gcc/arm-none-eabi/5.3.1/armv7-m\libgcc.a(_arm_addsubdf3.o)
__floatunsidf                                     c:/program files (x86)/atmel/studio/7.0/toolchain/arm/arm-gnu-toolchain/bin/../lib/gcc/arm-none-eabi/5.3.1/armv7-m\libgcc.a(_arm_addsubdf3.o)
__fp_lock_all                                     c:/program files (x86)/atmel/studio/7.0/toolchain/arm/arm-gnu-toolchain/bin/../lib/gcc/arm-none-eabi/5.3.1/../../../../arm-none-eabi/lib/armv7-m\libc.a(lib_a-findfp.o)
__fp_unlock_all                                   c:/program files (x86)/atmel/studio/7.0/toolchain/arm/arm-gnu-toolchain/bin/../lib/gcc/arm-none-eabi/5.3.1/../../../../arm-none-eabi/lib/armv7-m\libc.a(lib_a-findfp.o)
__fputwc                                          c:/program files (x86)/atmel/studio/7.0/toolchain/arm/arm-gnu-toolchain/bin/../lib/gcc/arm-none-eabi/5.3.1/../../../../arm-none-eabi/lib/armv7-m\libc.a(lib_a-fputwc.o)
__gedf2                                           c:/program files (x86)/atmel/studio/7.0/toolchain/arm/arm-gnu-toolchain/bin/../lib/gcc/arm-none-eabi/5.3.1/armv7-m\libgcc.a(_arm_cmpdf2.o)
__gtdf2                                           c:/program files (x86)/atmel/studio/7.0/toolchain/arm/arm-gnu-toolchain/bin/../lib/gcc/arm-none-eabi/5.3.1/armv7-m\libgcc.a(_arm_cmpdf2.o)
__ieee754_rem_pio2                                c:/program files (x86)/atmel/studio/7.0/toolchain/arm/arm-gnu-toolchain/bin/../lib/gcc/arm-none-eabi/5.3.1/../../../../arm-none-eabi/lib/armv7-m\libm.a(lib_a-e_rem_pio2.o)
                                                  c:/program files (x86)/atmel/studio/7.0/toolchain/arm/arm-gnu-toolchain/bin/../lib/gcc/arm-none-eabi/5.3.1/../../../../arm-none-eabi/lib/armv7-m\libm.a(lib_a-s_sin.o)
                                                  c:/program files (x86)/atmel/studio/7.0/toolchain/arm/arm-gnu-toolchain/bin/../lib/gcc/arm-none-eabi/5.3.1/../../../../arm-none-eabi/lib/armv7-m\libm.a(lib_a-s_cos.o)
__init_array_end                                  c:/program files (x86)/atmel/studio/7.0/toolchain/arm/arm-gnu-toolchain/bin/../lib/gcc/arm-none-eabi/5.3.1/../../../../arm-none-eabi/lib/armv7-m\libc.a(lib_a-init.o)
__init_array_start                                c:/program files (x86)/atmel/studio/7.0/toolchain/arm/arm-gnu-toolchain/bin/../lib/gcc/arm-none-eabi/5.3.1/../../../../arm-none-eabi/lib/armv7-m\libc.a(lib_a-init.o)
__kernel_cos                                      c:/program files (x86)/atmel/studio/7.0/toolchain/arm/arm-gnu-toolchain/bin/../lib/gcc/arm-none-eabi/5.3.1/../../../../arm-none-eabi/lib/armv7-m\libm.a(lib_a-k_cos.o)
                                                  c:/program files (x86)/atmel/studio/7.0/toolchain/arm/arm-gnu-toolchain/bin/../lib/gcc/arm-none-eabi/5.3.1/../../../../arm-none-eabi/lib/armv7-m\libm.a(lib_a-s_sin.o)
                                                  c:/program files (x86)/atmel/studio/7.0/toolchain/arm/arm-gnu-toolchain/bin/../lib/gcc/arm-none-eabi/5.3.1/../../../../arm-none-eabi/lib/armv7-m\libm.a(lib_a-s_cos.o)
__kernel_rem_pio2                                 c:/program files (x86)/atmel/studio/7.0/toolchain/arm/arm-gnu-toolchain/bin/../lib/gcc/arm-none-eabi/5.3.1/../../../../arm-none-eabi/lib/armv7-m\libm.a(lib_a-k_rem_pio2.o)
                                                  c:/program files (x86)/atmel/studio/7.0/toolchain/arm/arm-gnu-toolchain/bin/../lib/gcc/arm-none-eabi/5.3.1/../../../../arm-none-eabi/lib/armv7-m\libm.a(lib_a-e_rem_pio2.o)
__kernel_sin                                      c:/program files (x86)/atmel/studio/7.0/toolchain/arm/arm-gnu-toolchain/bin/../lib/gcc/arm-none-eabi/5.3.1/../../../../arm-none-eabi/lib/armv7-m\libm.a(lib_a-k_sin.o)
                                                  c:/program files (x86)/atmel/studio/7.0/toolchain/arm/arm-gnu-toolchain/bin/../lib/gcc/arm-none-eabi/5.3.1/../../../../arm-none-eabi/lib/armv7-m\libm.a(lib_a-s_sin.o)
                                                  c:/program files (x86)/atmel/studio/7.0/toolchain/arm/arm-gnu-toolchain/bin/../lib/gcc/arm-none-eabi/5.3.1/../../../../arm-none-eabi/lib/armv7-m\libm.a(lib_a-s_cos.o)
__ledf2                                           c:/program files (x86)/atmel/studio/7.0/toolchain/arm/arm-gnu-toolchain/bin/../lib/gcc/arm-none-eabi/5.3.1/armv7-m\libgcc.a(_arm_cmpdf2.o)
__libc_fini                                       c:/program files (x86)/atmel/studio/7.0/toolchain/arm/arm-gnu-toolchain/bin/../lib/gcc/arm-none-eabi/5.3.1/../../../../arm-none-eabi/lib/armv7-m\libc.a(lib_a-__call_atexit.o)
__libc_fini_array                                 c:/program files (x86)/atmel/studio/7.0/toolchain/arm/arm-gnu-toolchain/bin/../lib/gcc/arm-none-eabi/5.3.1/../../../../arm-none-eabi/lib/armv7-m\libc.a(lib_a-fini.o)
                                                  c:/program files (x86)/atmel/studio/7.0/toolchain/arm/arm-gnu-toolchain/bin/../lib/gcc/arm-none-eabi/5.3.1/../../../../arm-none-eabi/lib/armv7-m\libc.a(lib_a-__call_atexit.o)
                                                  c:/program files (x86)/atmel/studio/7.0/toolchain/arm/arm-gnu-toolchain/bin/../lib/gcc/arm-none-eabi/5.3.1/../../../../arm-none-eabi/lib/armv7-m/crt0.o
__libc_init_array                                 c:/program files (x86)/atmel/studio/7.0/toolchain/arm/arm-gnu-toolchain/bin/../lib/gcc/arm-none-eabi/5.3.1/../../../../arm-none-eabi/lib/armv7-m\libc.a(lib_a-init.o)
                                                  src/ASF/sam/utils/cmsis/sam3u/source/templates/gcc/startup_sam3u.o
                                                  c:/program files (x86)/atmel/studio/7.0/toolchain/arm/arm-gnu-toolchain/bin/../lib/gcc/arm-none-eabi/5.3.1/../../../../arm-none-eabi/lib/armv7-m/crt0.o
__locale_charset                                  c:/program files (x86)/atmel/studio/7.0/toolchain/arm/arm-gnu-toolchain/bin/../lib/gcc/arm-none-eabi/5.3.1/../../../../arm-none-eabi/lib/armv7-m\libc.a(lib_a-locale.o)
                                                  c:/program files (x86)/atmel/studio/7.0/toolchain/arm/arm-gnu-toolchain/bin/../lib/gcc/arm-none-eabi/5.3.1/../../../../arm-none-eabi/lib/armv7-m\libc.a(lib_a-wctomb_r.o)
                                                  c:/program files (x86)/atmel/studio/7.0/toolchain/arm/arm-gnu-toolchain/bin/../lib/gcc/arm-none-eabi/5.3.1/../../../../arm-none-eabi/lib/armv7-m\libc.a(lib_a-wcrtomb.o)
__locale_cjk_lang                                 c:/program files (x86)/atmel/studio/7.0/toolchain/arm/arm-gnu-toolchain/bin/../lib/gcc/arm-none-eabi/5.3.1/../../../../arm-none-eabi/lib/armv7-m\libc.a(lib_a-locale.o)
__locale_mb_cur_max                               c:/program files (x86)/atmel/studio/7.0/toolchain/arm/arm-gnu-toolchain/bin/../lib/gcc/arm-none-eabi/5.3.1/../../../../arm-none-eabi/lib/armv7-m\libc.a(lib_a-locale.o)
                                                  c:/program files (x86)/atmel/studio/7.0/toolchain/arm/arm-gnu-toolchain/bin/../lib/gcc/arm-none-eabi/5.3.1/../../../../arm-none-eabi/lib/armv7-m\libc.a(lib_a-fputwc.o)
__locale_msgcharset                               c:/program files (x86)/atmel/studio/7.0/toolchain/arm/arm-gnu-toolchain/bin/../lib/gcc/arm-none-eabi/5.3.1/../../../../arm-none-eabi/lib/armv7-m\libc.a(lib_a-locale.o)
__ltdf2                                           c:/program files (x86)/atmel/studio/7.0/toolchain/arm/arm-gnu-toolchain/bin/../lib/gcc/arm-none-eabi/5.3.1/armv7-m\libgcc.a(_arm_cmpdf2.o)
__malloc_av_                                      c:/program files (x86)/atmel/studio/7.0/toolchain/arm/arm-gnu-toolchain/bin/../lib/gcc/arm-none-eabi/5.3.1/../../../../arm-none-eabi/lib/armv7-m\libc.a(lib_a-mallocr.o)
                                                  c:/program files (x86)/atmel/studio/7.0/toolchain/arm/arm-gnu-toolchain/bin/../lib/gcc/arm-none-eabi/5.3.1/../../../../arm-none-eabi/lib/armv7-m\libc.a(lib_a-reallocr.o)
                                                  c:/program files (x86)/atmel/studio/7.0/toolchain/arm/arm-gnu-toolchain/bin/../lib/gcc/arm-none-eabi/5.3.1/../../../../arm-none-eabi/lib/armv7-m\libc.a(lib_a-freer.o)
__malloc_current_mallinfo                         c:/program files (x86)/atmel/studio/7.0/toolchain/arm/arm-gnu-toolchain/bin/../lib/gcc/arm-none-eabi/5.3.1/../../../../arm-none-eabi/lib/armv7-m\libc.a(lib_a-mallocr.o)
                                                  c:/program files (x86)/atmel/studio/7.0/toolchain/arm/arm-gnu-toolchain/bin/../lib/gcc/arm-none-eabi/5.3.1/../../../../arm-none-eabi/lib/armv7-m\libc.a(lib_a-freer.o)
__malloc_lock                                     c:/program files (x86)/atmel/studio/7.0/toolchain/arm/arm-gnu-toolchain/bin/../lib/gcc/arm-none-eabi/5.3.1/../../../../arm-none-eabi/lib/armv7-m\libc.a(lib_a-mlock.o)
                                                  c:/program files (x86)/atmel/studio/7.0/toolchain/arm/arm-gnu-toolchain/bin/../lib/gcc/arm-none-eabi/5.3.1/../../../../arm-none-eabi/lib/armv7-m\libc.a(lib_a-reallocr.o)
                                                  c:/program files (x86)/atmel/studio/7.0/toolchain/arm/arm-gnu-toolchain/bin/../lib/gcc/arm-none-eabi/5.3.1/../../../../arm-none-eabi/lib/armv7-m\libc.a(lib_a-mallocr.o)
                                                  c:/program files (x86)/atmel/studio/7.0/toolchain/arm/arm-gnu-toolchain/bin/../lib/gcc/arm-none-eabi/5.3.1/../../../../arm-none-eabi/lib/armv7-m\libc.a(lib_a-freer.o)
__malloc_max_sbrked_mem                           c:/program files (x86)/atmel/studio/7.0/toolchain/arm/arm-gnu-toolchain/bin/../lib/gcc/arm-none-eabi/5.3.1/../../../../arm-none-eabi/lib/armv7-m\libc.a(lib_a-mallocr.o)
__malloc_max_total_mem                            c:/program files (x86)/atmel/studio/7.0/toolchain/arm/arm-gnu-toolchain/bin/../lib/gcc/arm-none-eabi/5.3.1/../../../../arm-none-eabi/lib/armv7-m\libc.a(lib_a-mallocr.o)
__malloc_sbrk_base                                c:/program files (x86)/atmel/studio/7.0/toolchain/arm/arm-gnu-toolchain/bin/../lib/gcc/arm-none-eabi/5.3.1/../../../../arm-none-eabi/lib/armv7-m\libc.a(lib_a-mallocr.o)
                                                  c:/program files (x86)/atmel/studio/7.0/toolchain/arm/arm-gnu-toolchain/bin/../lib/gcc/arm-none-eabi/5.3.1/../../../../arm-none-eabi/lib/armv7-m\libc.a(lib_a-freer.o)
__malloc_top_pad                                  c:/program files (x86)/atmel/studio/7.0/toolchain/arm/arm-gnu-toolchain/bin/../lib/gcc/arm-none-eabi/5.3.1/../../../../arm-none-eabi/lib/armv7-m\libc.a(lib_a-mallocr.o)
                                                  c:/program files (x86)/atmel/studio/7.0/toolchain/arm/arm-gnu-toolchain/bin/../lib/gcc/arm-none-eabi/5.3.1/../../../../arm-none-eabi/lib/armv7-m\libc.a(lib_a-freer.o)
__malloc_trim_threshold                           c:/program files (x86)/atmel/studio/7.0/toolchain/arm/arm-gnu-toolchain/bin/../lib/gcc/arm-none-eabi/5.3.1/../../../../arm-none-eabi/lib/armv7-m\libc.a(lib_a-mallocr.o)