Archive member included to satisfy reference by file (symbol)

c:/program files (x86)/atmel/studio/7.0/toolchain/arm/arm-gnu-toolchain/bin/../lib/gcc/arm-none-eabi/5.3.1/../../../../arm-none-eabi/lib/armv7-m\libc.a(lib_a-exit.o)
                              c:/program files (x86)/atmel/studio/7.0/toolchain/arm/arm-gnu-toolchain/bin/../lib/gcc/arm-none-eabi/5.3.1/../../../../arm-none-eabi/lib/armv7-m/crt0.o (exit)
c:/program files (x86)/atmel/studio/7.0/toolchain/arm/arm-gnu-toolchain/bin/../lib/gcc/arm-none-eabi/5.3.1/../../../../arm-none-eabi/lib/armv7-m\libc.a(lib_a-impure.o)
                              c:/program files (x86)/atmel/studio/7.0/toolchain/arm/arm-gnu-toolchain/bin/../lib/gcc/arm-none-eabi/5.3.1/../../../../arm-none-eabi/lib/armv7-m\libc.a(lib_a-exit.o) (_global_impure_ptr)
c:/program files (x86)/atmel/studio/7.0/toolchain/arm/arm-gnu-toolchain/bin/../lib/gcc/arm-none-eabi/5.3.1/../../../../arm-none-eabi/lib/armv7-m\libc.a(lib_a-init.o)
                              c:/program files (x86)/atmel/studio/7.0/toolchain/arm/arm-gnu-toolchain/bin/../lib/gcc/arm-none-eabi/5.3.1/../../../../arm-none-eabi/lib/armv7-m/crt0.o (__libc_init_array)
c:/program files (x86)/atmel/studio/7.0/toolchain/arm/arm-gnu-toolchain/bin/../lib/gcc/arm-none-eabi/5.3.1/../../../../arm-none-eabi/lib/armv7-m\libc.a(lib_a-iprintf.o)
                              src/ads7843_example.o (iprintf)
c:/program files (x86)/atmel/studio/7.0/toolchain/arm/arm-gnu-toolchain/bin/../lib/gcc/arm-none-eabi/5.3.1/../../../../arm-none-eabi/lib/armv7-m\libc.a(lib_a-itoa.o)
                              src/ads7843_example.o (itoa)
c:/program files (x86)/atmel/studio/7.0/toolchain/arm/arm-gnu-toolchain/bin/../lib/gcc/arm-none-eabi/5.3.1/../../../../arm-none-eabi/lib/armv7-m\libc.a(lib_a-memset.o)
                              c:/program files (x86)/atmel/studio/7.0/toolchain/arm/arm-gnu-toolchain/bin/../lib/gcc/arm-none-eabi/5.3.1/../../../../arm-none-eabi/lib/armv7-m/crt0.o (memset)
c:/program files (x86)/atmel/studio/7.0/toolchain/arm/arm-gnu-toolchain/bin/../lib/gcc/arm-none-eabi/5.3.1/../../../../arm-none-eabi/lib/armv7-m\libc.a(lib_a-puts.o)
                              src/ads7843_example.o (puts)
c:/program files (x86)/atmel/studio/7.0/toolchain/arm/arm-gnu-toolchain/bin/../lib/gcc/arm-none-eabi/5.3.1/../../../../arm-none-eabi/lib/armv7-m\libc.a(lib_a-setbuf.o)
                              src/ads7843_example.o (setbuf)
c:/program files (x86)/atmel/studio/7.0/toolchain/arm/arm-gnu-toolchain/bin/../lib/gcc/arm-none-eabi/5.3.1/../../../../arm-none-eabi/lib/armv7-m\libc.a(lib_a-setvbuf.o)
                              c:/program files (x86)/atmel/studio/7.0/toolchain/arm/arm-gnu-toolchain/bin/../lib/gcc/arm-none-eabi/5.3.1/../../../../arm-none-eabi/lib/armv7-m\libc.a(lib_a-setbuf.o) (setvbuf)
c:/program files (x86)/atmel/studio/7.0/toolchain/arm/arm-gnu-toolchain/bin/../lib/gcc/arm-none-eabi/5.3.1/../../../../arm-none-eabi/lib/armv7-m\libc.a(lib_a-strlen-stub.o)
                              c:/program files (x86)/atmel/studio/7.0/toolchain/arm/arm-gnu-toolchain/bin/../lib/gcc/arm-none-eabi/5.3.1/../../../../arm-none-eabi/lib/armv7-m\libc.a(lib_a-puts.o) (strlen)
c:/program files (x86)/atmel/studio/7.0/toolchain/arm/arm-gnu-toolchain/bin/../lib/gcc/arm-none-eabi/5.3.1/../../../../arm-none-eabi/lib/armv7-m\libc.a(lib_a-utoa.o)
                              c:/program files (x86)/atmel/studio/7.0/toolchain/arm/arm-gnu-toolchain/bin/../lib/gcc/arm-none-eabi/5.3.1/../../../../arm-none-eabi/lib/armv7-m\libc.a(lib_a-itoa.o) (__utoa)
c:/program files (x86)/atmel/studio/7.0/toolchain/arm/arm-gnu-toolchain/bin/../lib/gcc/arm-none-eabi/5.3.1/../../../../arm-none-eabi/lib/armv7-m\libc.a(lib_a-vfiprintf.o)
                              c:/program files (x86)/atmel/studio/7.0/toolchain/arm/arm-gnu-toolchain/bin/../lib/gcc/arm-none-eabi/5.3.1/../../../../arm-none-eabi/lib/armv7-m\libc.a(lib_a-iprintf.o) (_vfiprintf_r)
c:/program files (x86)/atmel/studio/7.0/toolchain/arm/arm-gnu-toolchain/bin/../lib/gcc/arm-none-eabi/5.3.1/../../../../arm-none-eabi/lib/armv7-m\libc.a(lib_a-wsetup.o)
                              c:/program files (x86)/atmel/studio/7.0/toolchain/arm/arm-gnu-toolchain/bin/../lib/gcc/arm-none-eabi/5.3.1/../../../../arm-none-eabi/lib/armv7-m\libc.a(lib_a-vfiprintf.o) (__swsetup_r)
c:/program files (x86)/atmel/studio/7.0/toolchain/arm/arm-gnu-toolchain/bin/../lib/gcc/arm-none-eabi/5.3.1/../../../../arm-none-eabi/lib/armv7-m\libc.a(lib_a-__call_atexit.o)
                              c:/program files (x86)/atmel/studio/7.0/toolchain/arm/arm-gnu-toolchain/bin/../lib/gcc/arm-none-eabi/5.3.1/../../../../arm-none-eabi/lib/armv7-m\libc.a(lib_a-exit.o) (__call_exitprocs)
c:/program files (x86)/atmel/studio/7.0/toolchain/arm/arm-gnu-toolchain/bin/../lib/gcc/arm-none-eabi/5.3.1/../../../../arm-none-eabi/lib/armv7-m\libc.a(lib_a-atexit.o)
[...]
Memory Configuration

Name             Origin             Length             Attributes
flash0           0x00080000         0x00020000         w !xr
flash1           0x00100000         0x00020000         w !xr
sram0            0x20000000         0x00008000         w !xr
sram1            0x20080000         0x00004000         w !xr
rom              0x000e0000         0x00040000         xr
ram              0x20078000         0x0000c000         xrw
*default*        0x00000000         0xffffffff

Linker script and memory map

LOAD c:/program files (x86)/atmel/studio/7.0/toolchain/arm/arm-gnu-toolchain/bin/../lib/gcc/arm-none-eabi/5.3.1/armv7-m/crti.o
LOAD c:/program files (x86)/atmel/studio/7.0/toolchain/arm/arm-gnu-toolchain/bin/../lib/gcc/arm-none-eabi/5.3.1/armv7-m/crtbegin.o
LOAD c:/program files (x86)/atmel/studio/7.0/toolchain/arm/arm-gnu-toolchain/bin/../lib/gcc/arm-none-eabi/5.3.1/../../../../arm-none-eabi/lib/armv7-m/crt0.o
LOAD src/ads7843_example.o
LOAD src/ASF/common/services/clock/sam3u/sysclk.o
LOAD src/ASF/common/services/serial/usart_serial.o
LOAD src/ASF/common/services/spi/sam_spi/spi_master.o
LOAD src/ASF/common/utils/interrupt/interrupt_sam_nvic.o
LOAD src/ASF/common/utils/stdio/read.o
LOAD src/ASF/common/utils/stdio/write.o
LOAD src/ASF/sam/boards/sam3u_ek/init.o
LOAD src/ASF/sam/boards/sam3u_ek/led.o
LOAD src/ASF/sam/components/display/aat31xx/aat31xx.o
LOAD src/ASF/sam/components/display/hx8347a/hx8347a.o
LOAD src/ASF/sam/components/resistive_touch/ads7843/ads7843.o
LOAD src/ASF/sam/drivers/ebi/smc/smc.o
LOAD src/ASF/sam/drivers/pio/pio.o
LOAD src/ASF/sam/drivers/pio/pio_handler.o
LOAD src/ASF/sam/drivers/pmc/pmc.o
LOAD src/ASF/sam/drivers/pmc/sleep.o
LOAD src/ASF/sam/drivers/spi/spi.o
LOAD src/ASF/sam/drivers/uart/uart.o
LOAD src/ASF/sam/drivers/usart/usart.o
LOAD src/ASF/sam/services/resistive_touch/rtouch.o
LOAD src/ASF/sam/utils/cmsis/sam3u/source/templates/exceptions.o
LOAD src/ASF/sam/utils/cmsis/sam3u/source/templates/gcc/startup_sam3u.o
LOAD src/ASF/sam/utils/cmsis/sam3u/source/templates/system_sam3u.o
LOAD src/ASF/sam/utils/syscalls/gcc/syscalls.o
LOAD src/rtouch_calibrate.o
START GROUP
LOAD ../src/ASF/thirdparty/CMSIS/Lib/GCC\libarm_cortexM3l_math.a
LOAD c:/program files (x86)/atmel/studio/7.0/toolchain/arm/arm-gnu-toolchain/bin/../lib/gcc/arm-none-eabi/5.3.1/../../../../arm-none-eabi/lib/armv7-m\libm.a
END GROUP
START GROUP
LOAD c:/program files (x86)/atmel/studio/7.0/toolchain/arm/arm-gnu-toolchain/bin/../lib/gcc/arm-none-eabi/5.3.1/armv7-m\libgcc.a
LOAD c:/program files (x86)/atmel/studio/7.0/toolchain/arm/arm-gnu-toolchain/bin/../lib/gcc/arm-none-eabi/5.3.1/../../../../arm-none-eabi/lib/armv7-m\libc.a
END GROUP
LOAD c:/program files (x86)/atmel/studio/7.0/toolchain/arm/arm-gnu-toolchain/bin/../lib/gcc/arm-none-eabi/5.3.1/armv7-m/crtend.o
LOAD c:/program files (x86)/atmel/studio/7.0/toolchain/arm/arm-gnu-toolchain/bin/../lib/gcc/arm-none-eabi/5.3.1/armv7-m/crtn.o
                0x00004000                __stack_size__ = DEFINED (__stack_size__)?__stack_size__:0x4000
                0x20083ffc                __ram_end__ = ((ORIGIN (ram) + LENGTH (ram)) - 0x4)

.text           0x00080000     0x5c84
                0x00080000                . = ALIGN (0x4)
                0x00080000                _sfixed = .
 *(.vectors .vectors.*)
 .vectors       0x00080000       0xbc src/ASF/sam/utils/cmsis/sam3u/source/templates/gcc/startup_sam3u.o
                0x00080000                exception_table
 *(.text .text.* .gnu.linkonce.t.*)
 .text          0x000800bc       0x5c c:/program files (x86)/atmel/studio/7.0/toolchain/arm/arm-gnu-toolchain/bin/../lib/gcc/arm-none-eabi/5.3.1/armv7-m/crtbegin.o
 .text.usart_serial_getchar
                0x00080118       0xa8 src/ads7843_example.o
 .text.usart_serial_putchar
                0x000801c0       0x9c src/ads7843_example.o
 .text.SysTick_Handler
                0x0008025c       0x30 src/ads7843_example.o
                0x0008025c                SysTick_Handler
 .text.draw_digit_screen
                0x0008028c       0x20 src/ads7843_example.o
                0x0008028c                draw_digit_screen
 .text.draw_button_strings
                0x000802ac       0xe0 src/ads7843_example.o
                0x000802ac                draw_button_strings
 .text.draw_buttons
                0x0008038c       0xd0 src/ads7843_example.o
                0x0008038c                draw_buttons
 .text.drawScene
                0x0008045c       0x3c src/ads7843_example.o
                0x0008045c                drawScene
 .text.add_to_calc
                0x00080498       0x38 src/ads7843_example.o
                0x00080498                add_to_calc
 .text.calc     0x000804d0       0x6c src/ads7843_example.o
                0x000804d0                calc
 .text.button_event_handler
                0x0008053c       0xe0 src/ads7843_example.o
                0x0008053c                button_event_handler
 .text.press_button_handler
                0x0008061c       0xdc src/ads7843_example.o
                0x0008061c                press_button_handler
 .text.event_handler
                0x000806f8       0x54 src/ads7843_example.o
 .text.main     0x0008074c      0x1f8 src/ads7843_example.o
                0x0008074c                main
 .text.sysclk_init
                0x00080944       0x7c src/ASF/common/services/clock/sam3u/sysclk.o
                0x00080944                sysclk_init
 .text.spi_master_init
                0x000809c0       0x54 src/ASF/common/services/spi/sam_spi/spi_master.o
                0x000809c0                spi_master_init
 .text.spi_master_setup_device
                0x00080a14       0x80 src/ASF/common/services/spi/sam_spi/spi_master.o
                0x00080a14                spi_master_setup_device
 .text.spi_select_device
                0x00080a94       0x2c src/ASF/common/services/spi/sam_spi/spi_master.o
                0x00080a94                spi_select_device
 .text._read    0x00080ac0       0x3c src/ASF/common/utils/stdio/read.o
                0x00080ac0                _read
 .text._write   0x00080afc       0x50 src/ASF/common/utils/stdio/write.o
                0x00080afc                _write
 .text.board_init
                0x00080b4c      0x120 src/ASF/sam/boards/sam3u_ek/init.o
                0x00080b4c                board_init
 .text.aat31xx_set_backlight
                0x00080c6c       0x58 src/ASF/sam/components/display/aat31xx/aat31xx.o
                0x00080c6c                aat31xx_set_backlight
 .text.aat31xx_disable_backlight
                0x00080cc4       0x24 src/ASF/sam/components/display/aat31xx/aat31xx.o
                0x00080cc4                aat31xx_disable_backlight
 .text.hx8347a_delay
                0x00080ce8       0x38 src/ASF/sam/components/display/hx8347a/hx8347a.o
 .text.hx8347a_check_box_coordinates
                0x00080d20       0x50 src/ASF/sam/components/display/hx8347a/hx8347a.o
 .text.hx8347a_write_ram_buffer
                0x00080d70       0x5c src/ASF/sam/components/display/hx8347a/hx8347a.o
 .text.hx8347a_display_on
                0x00080dcc       0x40 src/ASF/sam/components/display/hx8347a/hx8347a.o
                0x00080dcc                hx8347a_display_on
 .text.hx8347a_set_foreground_color
                0x00080e0c       0x18 src/ASF/sam/components/display/hx8347a/hx8347a.o
                0x00080e0c                hx8347a_set_foreground_color
 .text.hx8347a_set_window
                0x00080e24       0x88 src/ASF/sam/components/display/hx8347a/hx8347a.o
                0x00080e24                hx8347a_set_window
 .text.hx8347a_set_cursor_position
                0x00080eac       0x30 src/ASF/sam/components/display/hx8347a/hx8347a.o
                0x00080eac                hx8347a_set_cursor_position
 .text.hx8347a_init
                0x00080edc      0x1ec src/ASF/sam/components/display/hx8347a/hx8347a.o
                0x00080edc                hx8347a_init
 .text.hx8347a_fill
                0x000810c8       0x2c src/ASF/sam/components/display/hx8347a/hx8347a.o
                0x000810c8                hx8347a_fill
 .text.hx8347a_draw_pixel
                0x000810f4       0x3c src/ASF/sam/components/display/hx8347a/hx8347a.o
                0x000810f4                hx8347a_draw_pixel
 .text.hx8347a_draw_filled_rectangle
                0x00081130       0xb8 src/ASF/sam/components/display/hx8347a/hx8347a.o
                0x00081130                hx8347a_draw_filled_rectangle
 .text.hx8347a_draw_string
                0x000811e8       0xac src/ASF/sam/components/display/hx8347a/hx8347a.o
                0x000811e8                hx8347a_draw_string
 .text.ads7843_send_cmd
                0x00081294       0xac src/ASF/sam/components/resistive_touch/ads7843/ads7843.o
 .text.ads7843_is_pressed
                0x00081340       0x14 src/ASF/sam/components/resistive_touch/ads7843/ads7843.o
                0x00081340                ads7843_is_pressed
 .text.ads7843_set_handler
                0x00081354       0x20 src/ASF/sam/components/resistive_touch/ads7843/ads7843.o
                0x00081354                ads7843_set_handler
 .text.ads7843_enable_interrupt
                0x00081374       0x10 src/ASF/sam/components/resistive_touch/ads7843/ads7843.o
                0x00081374                ads7843_enable_interrupt
 .text.ads7843_get_raw_point
                0x00081384       0x34 src/ASF/sam/components/resistive_touch/ads7843/ads7843.o
                0x00081384                ads7843_get_raw_point
 .text.ads7843_init
                0x000813b8       0x70 src/ASF/sam/components/resistive_touch/ads7843/ads7843.o
                0x000813b8                ads7843_init
 .text.smc_set_setup_timing
                0x00081428        0xc src/ASF/sam/drivers/ebi/smc/smc.o
                0x00081428                smc_set_setup_timing
 .text.smc_set_pulse_timing
                0x00081434        0xc src/ASF/sam/drivers/ebi/smc/smc.o
                0x00081434                smc_set_pulse_timing
 .text.smc_set_cycle_timing
                0x00081440        0xc src/ASF/sam/drivers/ebi/smc/smc.o
                0x00081440                smc_set_cycle_timing
 .text.smc_set_mode
                0x0008144c       0x10 src/ASF/sam/drivers/ebi/smc/smc.o
                0x0008144c                smc_set_mode
 .text.pio_set_peripheral
                0x0008145c       0x40 src/ASF/sam/drivers/pio/pio.o
                0x0008145c                pio_set_peripheral
 .text.pio_set_input
                0x0008149c       0x34 src/ASF/sam/drivers/pio/pio.o
                0x0008149c                pio_set_input
 .text.pio_set_output
                0x000814d0       0x28 src/ASF/sam/drivers/pio/pio.o
                0x000814d0                pio_set_output
 .text.pio_configure_interrupt
                0x000814f8       0x30 src/ASF/sam/drivers/pio/pio.o
                0x000814f8                pio_configure_interrupt
 .text.pio_enable_interrupt
                0x00081528        0x8 src/ASF/sam/drivers/pio/pio.o
                0x00081528                pio_enable_interrupt
 .text.pio_disable_interrupt
                0x00081530        0x4 src/ASF/sam/drivers/pio/pio.o
                0x00081530                pio_disable_interrupt
 .text.pio_get_interrupt_status
                0x00081534        0x4 src/ASF/sam/drivers/pio/pio.o
                0x00081534                pio_get_interrupt_status
 .text.pio_get_interrupt_mask
                0x00081538        0x4 src/ASF/sam/drivers/pio/pio.o
                0x00081538                pio_get_interrupt_mask
 .text.pio_configure_pin
                0x0008153c       0xd4 src/ASF/sam/drivers/pio/pio.o
                0x0008153c                pio_configure_pin
 .text.pio_configure_pin_group
                0x00081610       0xa0 src/ASF/sam/drivers/pio/pio.o
                0x00081610                pio_configure_pin_group
 .text.pio_enable_pin_interrupt
                0x000816b0       0x1c src/ASF/sam/drivers/pio/pio.o
                0x000816b0                pio_enable_pin_interrupt
 .text.pio_disable_pin_interrupt
                0x000816cc       0x1c src/ASF/sam/drivers/pio/pio.o
                0x000816cc                pio_disable_pin_interrupt
 .text.pio_get_pin_group
                0x000816e8       0x10 src/ASF/sam/drivers/pio/pio.o
                0x000816e8                pio_get_pin_group
 .text.pio_get_pin_group_id
                0x000816f8        0x8 src/ASF/sam/drivers/pio/pio.o
                0x000816f8                pio_get_pin_group_id
 .text.pio_get_pin_group_mask
                0x00081700        0xc src/ASF/sam/drivers/pio/pio.o
                0x00081700                pio_get_pin_group_mask
 .text.pio_handler_process
                0x0008170c       0x50 src/ASF/sam/drivers/pio/pio_handler.o
                0x0008170c                pio_handler_process
 .text.pio_handler_set
                0x0008175c       0x40 src/ASF/sam/drivers/pio/pio_handler.o
                0x0008175c                pio_handler_set
 .text.pio_handler_set_pin
                0x0008179c       0x48 src/ASF/sam/drivers/pio/pio_handler.o
                0x0008179c                pio_handler_set_pin
 .text.PIOA_Handler
                0x000817e4       0x14 src/ASF/sam/drivers/pio/pio_handler.o
                0x000817e4                PIOA_Handler
 .text.PIOB_Handler
                0x000817f8       0x14 src/ASF/sam/drivers/pio/pio_handler.o
                0x000817f8                PIOB_Handler
 .text.PIOC_Handler
                0x0008180c       0x14 src/ASF/sam/drivers/pio/pio_handler.o
                0x0008180c                PIOC_Handler
 .text.pio_handler_set_priority
                0x00081820       0x80 src/ASF/sam/drivers/pio/pio_handler.o
                0x00081820                pio_handler_set_priority
 .text.pmc_switch_mck_to_pllack
                0x000818a0       0x68 src/ASF/sam/drivers/pmc/pmc.o
                0x000818a0                pmc_switch_mck_to_pllack
 .text.pmc_osc_enable_main_xtal
                0x00081908       0x28 src/ASF/sam/drivers/pmc/pmc.o
                0x00081908                pmc_osc_enable_main_xtal
 .text.pmc_osc_is_ready_main_xtal
                0x00081930       0x10 src/ASF/sam/drivers/pmc/pmc.o
                0x00081930                pmc_osc_is_ready_main_xtal
 .text.pmc_osc_is_ready_mainck
                0x00081940       0x10 src/ASF/sam/drivers/pmc/pmc.o
                0x00081940                pmc_osc_is_ready_mainck
 .text.pmc_mainck_osc_select
                0x00081950       0x20 src/ASF/sam/drivers/pmc/pmc.o
                0x00081950                pmc_mainck_osc_select
 .text.pmc_disable_pllack
                0x00081970       0x10 src/ASF/sam/drivers/pmc/pmc.o
                0x00081970                pmc_disable_pllack
 .text.pmc_is_locked_pllack
                0x00081980       0x10 src/ASF/sam/drivers/pmc/pmc.o
                0x00081980                pmc_is_locked_pllack
 .text.pmc_enable_periph_clk
                0x00081990       0x34 src/ASF/sam/drivers/pmc/pmc.o
                0x00081990                pmc_enable_periph_clk
 .text.spi_enable_clock
                0x000819c4       0x10 src/ASF/sam/drivers/spi/spi.o
                0x000819c4                spi_enable_clock
 .text.spi_set_peripheral_chip_select_value
                0x000819d4       0x18 src/ASF/sam/drivers/spi/spi.o
                0x000819d4                spi_set_peripheral_chip_select_value
 .text.spi_set_delay_between_chip_select
                0x000819ec       0x14 src/ASF/sam/drivers/spi/spi.o
                0x000819ec                spi_set_delay_between_chip_select
 .text.spi_set_clock_polarity
                0x00081a00       0x20 src/ASF/sam/drivers/spi/spi.o
                0x00081a00                spi_set_clock_polarity
 .text.spi_set_clock_phase
                0x00081a20       0x20 src/ASF/sam/drivers/spi/spi.o
                0x00081a20                spi_set_clock_phase
 .text.spi_configure_cs_behavior
                0x00081a40       0x44 src/ASF/sam/drivers/spi/spi.o
                0x00081a40                spi_configure_cs_behavior
 .text.spi_set_bits_per_transfer
                0x00081a84       0x14 src/ASF/sam/drivers/spi/spi.o
                0x00081a84                spi_set_bits_per_transfer
 .text.spi_calc_baudrate_div
                0x00081a98       0x18 src/ASF/sam/drivers/spi/spi.o
                0x00081a98                spi_calc_baudrate_div
 .text.spi_set_baudrate_div
                0x00081ab0       0x28 src/ASF/sam/drivers/spi/spi.o
                0x00081ab0                spi_set_baudrate_div
 .text.spi_set_transfer_delay
                0x00081ad8       0x1c src/ASF/sam/drivers/spi/spi.o
                0x00081ad8                spi_set_transfer_delay
 .text.uart_init
                0x00081af4       0x38 src/ASF/sam/drivers/uart/uart.o
                0x00081af4                uart_init
 .text.uart_write
                0x00081b2c       0x10 src/ASF/sam/drivers/uart/uart.o
                0x00081b2c                uart_write
 .text.uart_read
                0x00081b3c       0x14 src/ASF/sam/drivers/uart/uart.o
                0x00081b3c                uart_read
 .text.usart_write
                0x00081b50       0x14 src/ASF/sam/drivers/usart/usart.o
                0x00081b50                usart_write
 .text.usart_read
                0x00081b64       0x18 src/ASF/sam/drivers/usart/usart.o
                0x00081b64                usart_read
 .text.rtouch_get_calibrated_point
                0x00081b7c       0x68 src/ASF/sam/services/resistive_touch/rtouch.o
 .text.rtouch_pen_handler
                0x00081be4       0x50 src/ASF/sam/services/resistive_touch/rtouch.o
 .text.rtouch_init
                0x00081c34       0x1c src/ASF/sam/services/resistive_touch/rtouch.o
                0x00081c34                rtouch_init
 .text.rtouch_wait_pressed
                0x00081c50       0x1c src/ASF/sam/services/resistive_touch/rtouch.o
                0x00081c50                rtouch_wait_pressed
 .text.rtouch_wait_released
                0x00081c6c       0x1c src/ASF/sam/services/resistive_touch/rtouch.o
                0x00081c6c                rtouch_wait_released
 .text.rtouch_enable
                0x00081c88       0x24 src/ASF/sam/services/resistive_touch/rtouch.o
                0x00081c88                rtouch_enable
 .text.rtouch_compute_calibration
                0x00081cac       0xc8 src/ASF/sam/services/resistive_touch/rtouch.o
                0x00081cac                rtouch_compute_calibration
 .text.rtouch_set_event_handler
                0x00081d74        0xc src/ASF/sam/services/resistive_touch/rtouch.o
                0x00081d74                rtouch_set_event_handler
 .text.rtouch_process
                0x00081d80      0x150 src/ASF/sam/services/resistive_touch/rtouch.o
                0x00081d80                rtouch_process
 .text.Dummy_Handler
                0x00081ed0        0x4 src/ASF/sam/utils/cmsis/sam3u/source/templates/exceptions.o
                0x00081ed0                DebugMon_Handler
                0x00081ed0                DMAC_Handler
                0x00081ed0                HardFault_Handler
                0x00081ed0                TC2_Handler
                0x00081ed0                SPI_Handler
                0x00081ed0                USART3_Handler
                0x00081ed0                TWI1_Handler
                0x00081ed0                PendSV_Handler
                0x00081ed0                NMI_Handler
                0x00081ed0                ADC_Handler
                0x00081ed0                SMC_Handler
                0x00081ed0                USART0_Handler
                0x00081ed0                RTT_Handler
                0x00081ed0                EFC1_Handler
                0x00081ed0                UDPHS_Handler
                0x00081ed0                ADC12B_Handler
                0x00081ed0                RTC_Handler
                0x00081ed0                UsageFault_Handler
                0x00081ed0                WDT_Handler
                0x00081ed0                TC1_Handler
                0x00081ed0                HSMCI_Handler
                0x00081ed0                Dummy_Handler
                0x00081ed0                TWI0_Handler
                0x00081ed0                USART1_Handler
                0x00081ed0                SSC_Handler
                0x00081ed0                EFC0_Handler
                0x00081ed0                PMC_Handler
                0x00081ed0                PWM_Handler
                0x00081ed0                MemManage_Handler
                0x00081ed0                SUPC_Handler
                0x00081ed0                SVC_Handler
                0x00081ed0                USART2_Handler
                0x00081ed0                UART_Handler
                0x00081ed0                BusFault_Handler
                0x00081ed0                RSTC_Handler
                0x00081ed0                TC0_Handler
 .text.Reset_Handler
                0x00081ed4       0xac src/ASF/sam/utils/cmsis/sam3u/source/templates/gcc/startup_sam3u.o
                0x00081ed4                Reset_Handler
 .text.SystemCoreClockUpdate
                0x00081f80      0x11c src/ASF/sam/utils/cmsis/sam3u/source/templates/system_sam3u.o
                0x00081f80                SystemCoreClockUpdate
 .text._sbrk    0x0008209c       0x34 src/ASF/sam/utils/syscalls/gcc/syscalls.o
                0x0008209c                _sbrk
 .text._close   0x000820d0        0x8 src/ASF/sam/utils/syscalls/gcc/syscalls.o
                0x000820d0                _close
 .text._fstat   0x000820d8        0xc src/ASF/sam/utils/syscalls/gcc/syscalls.o
                0x000820d8                _fstat
 .text._isatty  0x000820e4        0x4 src/ASF/sam/utils/syscalls/gcc/syscalls.o
                0x000820e4                _isatty
 .text._lseek   0x000820e8        0x4 src/ASF/sam/utils/syscalls/gcc/syscalls.o
                0x000820e8                _lseek
 .text.rtouch_calibrate
                0x000820ec      0x10c src/rtouch_calibrate.o
                0x000820ec                rtouch_calibrate
 .text.__libc_init_array
                0x000821f8       0x50 c:/program files (x86)/atmel/studio/7.0/toolchain/arm/arm-gnu-toolchain/bin/../lib/gcc/arm-none-eabi/5.3.1/../../../../arm-none-eabi/lib/armv7-m\libc.a(lib_a-init.o)
                0x000821f8                __libc_init_array
 .text.iprintf  0x00082248       0x28 c:/program files (x86)/atmel/studio/7.0/toolchain/arm/arm-gnu-toolchain/bin/../lib/gcc/arm-none-eabi/5.3.1/../../../../arm-none-eabi/lib/armv7-m\libc.a(lib_a-iprintf.o)
                0x00082248                iprintf
 .text.__itoa   0x00082270       0x30 c:/program files (x86)/atmel/studio/7.0/toolchain/arm/arm-gnu-toolchain/bin/../lib/gcc/arm-none-eabi/5.3.1/../../../../arm-none-eabi/lib/armv7-m\libc.a(lib_a-itoa.o)
                0x00082270                __itoa
 .text.itoa     0x000822a0        0x4 c:/program files (x86)/atmel/studio/7.0/toolchain/arm/arm-gnu-toolchain/bin/../lib/gcc/arm-none-eabi/5.3.1/../../../../arm-none-eabi/lib/armv7-m\libc.a(lib_a-itoa.o)
                0x000822a0                itoa
 .text.memset   0x000822a4       0x9c c:/program files (x86)/atmel/studio/7.0/toolchain/arm/arm-gnu-toolchain/bin/../lib/gcc/arm-none-eabi/5.3.1/../../../../arm-none-eabi/lib/armv7-m\libc.a(lib_a-memset.o)
                0x000822a4                memset
 .text._puts_r  0x00082340       0x68 c:/program files (x86)/atmel/studio/7.0/toolchain/arm/arm-gnu-toolchain/bin/../lib/gcc/arm-none-eabi/5.3.1/../../../../arm-none-eabi/lib/armv7-m\libc.a(lib_a-puts.o)
                0x00082340                _puts_r
 .text.puts     0x000823a8       0x10 c:/program files (x86)/atmel/studio/7.0/toolchain/arm/arm-gnu-toolchain/bin/../lib/gcc/arm-none-eabi/5.3.1/../../../../arm-none-eabi/lib/armv7-m\libc.a(lib_a-puts.o)
                0x000823a8                puts
 .text.setbuf   0x000823b8       0x10 c:/program files (x86)/atmel/studio/7.0/toolchain/arm/arm-gnu-toolchain/bin/../lib/gcc/arm-none-eabi/5.3.1/../../../../arm-none-eabi/lib/armv7-m\libc.a(lib_a-setbuf.o)
                0x000823b8                setbuf
 .text.setvbuf  0x000823c8      0x150 c:/program files (x86)/atmel/studio/7.0/toolchain/arm/arm-gnu-toolchain/bin/../lib/gcc/arm-none-eabi/5.3.1/../../../../arm-none-eabi/lib/armv7-m\libc.a(lib_a-setvbuf.o)
                0x000823c8                setvbuf
 .text.strlen   0x00082518       0x5c c:/program files (x86)/atmel/studio/7.0/toolchain/arm/arm-gnu-toolchain/bin/../lib/gcc/arm-none-eabi/5.3.1/../../../../arm-none-eabi/lib/armv7-m\libc.a(lib_a-strlen-stub.o)
                0x00082518                strlen
 .text.__utoa   0x00082574       0x80 c:/program files (x86)/atmel/studio/7.0/toolchain/arm/arm-gnu-toolchain/bin/../lib/gcc/arm-none-eabi/5.3.1/../../../../arm-none-eabi/lib/armv7-m\libc.a(lib_a-utoa.o)
                0x00082574                __utoa
 .text.__sprint_r.part.0
                0x000825f4       0x78 c:/program files (x86)/atmel/studio/7.0/toolchain/arm/arm-gnu-toolchain/bin/../lib/gcc/arm-none-eabi/5.3.1/../../../../arm-none-eabi/lib/armv7-m\libc.a(lib_a-vfiprintf.o)
 .text._vfiprintf_r
                0x0008266c      0xde8 c:/program files (x86)/atmel/studio/7.0/toolchain/arm/arm-gnu-toolchain/bin/../lib/gcc/arm-none-eabi/5.3.1/../../../../arm-none-eabi/lib/armv7-m\libc.a(lib_a-vfiprintf.o)
                0x0008266c                _vfiprintf_r
 .text.__sbprintf
                0x00083454       0x6c c:/program files (x86)/atmel/studio/7.0/toolchain/arm/arm-gnu-toolchain/bin/../lib/gcc/arm-none-eabi/5.3.1/../../../../arm-none-eabi/lib/armv7-m\libc.a(lib_a-vfiprintf.o)
 .text.__swsetup_r
                0x000834c0       0xc8 c:/program files (x86)/atmel/studio/7.0/toolchain/arm/arm-gnu-toolchain/bin/../lib/gcc/arm-none-eabi/5.3.1/../../../../arm-none-eabi/lib/armv7-m\libc.a(lib_a-wsetup.o)
                0x000834c0                __swsetup_r
 .text.startup.register_fini
                0x00083588       0x14 c:/program files (x86)/atmel/studio/7.0/toolchain/arm/arm-gnu-toolchain/bin/../lib/gcc/arm-none-eabi/5.3.1/../../../../arm-none-eabi/lib/armv7-m\libc.a(lib_a-__call_atexit.o)
 .text.atexit   0x0008359c        0xc c:/program files (x86)/atmel/studio/7.0/toolchain/arm/arm-gnu-toolchain/bin/../lib/gcc/arm-none-eabi/5.3.1/../../../../arm-none-eabi/lib/armv7-m\libc.a(lib_a-atexit.o)
                0x0008359c                atexit
 .text.__sflush_r
                0x000835a8      0x148 c:/program files (x86)/atmel/studio/7.0/toolchain/arm/arm-gnu-toolchain/bin/../lib/gcc/arm-none-eabi/5.3.1/../../../../arm-none-eabi/lib/armv7-m\libc.a(lib_a-fflush.o)
                0x000835a8                __sflush_r
 .text._fflush_r
                0x000836f0       0x2c c:/program files (x86)/atmel/studio/7.0/toolchain/arm/arm-gnu-toolchain/bin/../lib/gcc/arm-none-eabi/5.3.1/../../../../arm-none-eabi/lib/armv7-m\libc.a(lib_a-fflush.o)
                0x000836f0                _fflush_r
 .text._cleanup_r
                0x0008371c        0xc c:/program files (x86)/atmel/studio/7.0/toolchain/arm/arm-gnu-toolchain/bin/../lib/gcc/arm-none-eabi/5.3.1/../../../../arm-none-eabi/lib/armv7-m\libc.a(lib_a-findfp.o)
                0x0008371c                _cleanup_r
 .text.__sinit.part.1
                0x00083728       0xf0 c:/program files (x86)/atmel/studio/7.0/toolchain/arm/arm-gnu-toolchain/bin/../lib/gcc/arm-none-eabi/5.3.1/../../../../arm-none-eabi/lib/armv7-m\libc.a(lib_a-findfp.o)
 .text.__sinit  0x00083818        0xc c:/program files (x86)/atmel/studio/7.0/toolchain/arm/arm-gnu-toolchain/bin/../lib/gcc/arm-none-eabi/5.3.1/../../../../arm-none-eabi/lib/armv7-m\libc.a(lib_a-findfp.o)
                0x00083818                __sinit
 .text.__sfp_lock_acquire
                0x00083824        0x4 c:/program files (x86)/atmel/studio/7.0/toolchain/arm/arm-gnu-toolchain/bin/../lib/gcc/arm-none-eabi/5.3.1/../../../../arm-none-eabi/lib/armv7-m\libc.a(lib_a-findfp.o)
                0x00083824                __sfp_lock_acquire
 .text.__sfp_lock_release
                0x00083828        0x4 c:/program files (x86)/atmel/studio/7.0/toolchain/arm/arm-gnu-toolchain/bin/../lib/gcc/arm-none-eabi/5.3.1/../../../../arm-none-eabi/lib/armv7-m\libc.a(lib_a-findfp.o)
                0x00083828                __sfp_lock_release
 .text.__libc_fini_array
                0x0008382c       0x28 c:/program files (x86)/atmel/studio/7.0/toolchain/arm/arm-gnu-toolchain/bin/../lib/gcc/arm-none-eabi/5.3.1/../../../../arm-none-eabi/lib/armv7-m\libc.a(lib_a-fini.o)
                0x0008382c                __libc_fini_array
 .text.__fputwc
                0x00083854       0x94 c:/program files (x86)/atmel/studio/7.0/toolchain/arm/arm-gnu-toolchain/bin/../lib/gcc/arm-none-eabi/5.3.1/../../../../arm-none-eabi/lib/armv7-m\libc.a(lib_a-fputwc.o)
                0x00083854                __fputwc
 .text._fputwc_r
                0x000838e8       0x24 c:/program files (x86)/atmel/studio/7.0/toolchain/arm/arm-gnu-toolchain/bin/../lib/gcc/arm-none-eabi/5.3.1/../../../../arm-none-eabi/lib/armv7-m\libc.a(lib_a-fputwc.o)
                0x000838e8                _fputwc_r
 .text._malloc_trim_r
                0x0008390c       0x9c c:/program files (x86)/atmel/studio/7.0/toolchain/arm/arm-gnu-toolchain/bin/../lib/gcc/arm-none-eabi/5.3.1/../../../../arm-none-eabi/lib/armv7-m\libc.a(lib_a-freer.o)
                0x0008390c                _malloc_trim_r
 .text._free_r  0x000839a8      0x1d0 c:/program files (x86)/atmel/studio/7.0/toolchain/arm/arm-gnu-toolchain/bin/../lib/gcc/arm-none-eabi/5.3.1/../../../../arm-none-eabi/lib/armv7-m\libc.a(lib_a-freer.o)
                0x000839a8                _free_r
 .text.__sfvwrite_r
                0x00083b78      0x308 c:/program files (x86)/atmel/studio/7.0/toolchain/arm/arm-gnu-toolchain/bin/../lib/gcc/arm-none-eabi/5.3.1/../../../../arm-none-eabi/lib/armv7-m\libc.a(lib_a-fvwrite.o)
                0x00083b78                __sfvwrite_r
 .text._fwalk_reent
                0x00083e80       0x50 c:/program files (x86)/atmel/studio/7.0/toolchain/arm/arm-gnu-toolchain/bin/../lib/gcc/arm-none-eabi/5.3.1/../../../../arm-none-eabi/lib/armv7-m\libc.a(lib_a-fwalk.o)
                0x00083e80                _fwalk_reent
 .text.__locale_charset
                0x00083ed0        0x8 c:/program files (x86)/atmel/studio/7.0/toolchain/arm/arm-gnu-toolchain/bin/../lib/gcc/arm-none-eabi/5.3.1/../../../../arm-none-eabi/lib/armv7-m\libc.a(lib_a-locale.o)
                0x00083ed0                __locale_charset
 .text.__locale_mb_cur_max
                0x00083ed8        0xc c:/program files (x86)/atmel/studio/7.0/toolchain/arm/arm-gnu-toolchain/bin/../lib/gcc/arm-none-eabi/5.3.1/../../../../arm-none-eabi/lib/armv7-m\libc.a(lib_a-locale.o)
                0x00083ed8                __locale_mb_cur_max
 .text.__swhatbuf_r
                0x00083ee4       0x60 c:/program files (x86)/atmel/studio/7.0/toolchain/arm/arm-gnu-toolchain/bin/../lib/gcc/arm-none-eabi/5.3.1/../../../../arm-none-eabi/lib/armv7-m\libc.a(lib_a-makebuf.o)
                0x00083ee4                __swhatbuf_r
 .text.__smakebuf_r
                0x00083f44       0x88 c:/program files (x86)/atmel/studio/7.0/toolchain/arm/arm-gnu-toolchain/bin/../lib/gcc/arm-none-eabi/5.3.1/../../../../arm-none-eabi/lib/armv7-m\libc.a(lib_a-makebuf.o)
                0x00083f44                __smakebuf_r
 .text.malloc   0x00083fcc       0x10 c:/program files (x86)/atmel/studio/7.0/toolchain/arm/arm-gnu-toolchain/bin/../lib/gcc/arm-none-eabi/5.3.1/../../../../arm-none-eabi/lib/armv7-m\libc.a(lib_a-malloc.o)
                0x00083fcc                malloc
 .text._malloc_r
                0x00083fdc      0x558 c:/program files (x86)/atmel/studio/7.0/toolchain/arm/arm-gnu-toolchain/bin/../lib/gcc/arm-none-eabi/5.3.1/../../../../arm-none-eabi/lib/armv7-m\libc.a(lib_a-mallocr.o)
                0x00083fdc                _malloc_r
 .text.memchr   0x00084534       0x8c c:/program files (x86)/atmel/studio/7.0/toolchain/arm/arm-gnu-toolchain/bin/../lib/gcc/arm-none-eabi/5.3.1/../../../../arm-none-eabi/lib/armv7-m\libc.a(lib_a-memchr-stub.o)
                0x00084534                memchr
 .text          0x000845c0       0xec c:/program files (x86)/atmel/studio/7.0/toolchain/arm/arm-gnu-toolchain/bin/../lib/gcc/arm-none-eabi/5.3.1/../../../../arm-none-eabi/lib/armv7-m\libc.a(lib_a-memcpy.o)
                0x000845c0                memcpy
 .text.memmove  0x000846ac       0xc8 c:/program files (x86)/atmel/studio/7.0/toolchain/arm/arm-gnu-toolchain/bin/../lib/gcc/arm-none-eabi/5.3.1/../../../../arm-none-eabi/lib/armv7-m\libc.a(lib_a-memmove.o)
                0x000846ac                memmove
 .text.__malloc_lock
                0x00084774        0x4 c:/program files (x86)/atmel/studio/7.0/toolchain/arm/arm-gnu-toolchain/bin/../lib/gcc/arm-none-eabi/5.3.1/../../../../arm-none-eabi/lib/armv7-m\libc.a(lib_a-mlock.o)
                0x00084774                __malloc_lock
 .text.__malloc_unlock
                0x00084778        0x4 c:/program files (x86)/atmel/studio/7.0/toolchain/arm/arm-gnu-toolchain/bin/../lib/gcc/arm-none-eabi/5.3.1/../../../../arm-none-eabi/lib/armv7-m\libc.a(lib_a-mlock.o)
                0x00084778                __malloc_unlock
 .text._realloc_r
                0x0008477c      0x3d4 c:/program files (x86)/atmel/studio/7.0/toolchain/arm/arm-gnu-toolchain/bin/../lib/gcc/arm-none-eabi/5.3.1/../../../../arm-none-eabi/lib/armv7-m\libc.a(lib_a-reallocr.o)
                0x0008477c                _realloc_r
 .text._sbrk_r  0x00084b50       0x24 c:/program files (x86)/atmel/studio/7.0/toolchain/arm/arm-gnu-toolchain/bin/../lib/gcc/arm-none-eabi/5.3.1/../../../../arm-none-eabi/lib/armv7-m\libc.a(lib_a-sbrkr.o)
                0x00084b50                _sbrk_r
 .text.__sread  0x00084b74       0x24 c:/program files (x86)/atmel/studio/7.0/toolchain/arm/arm-gnu-toolchain/bin/../lib/gcc/arm-none-eabi/5.3.1/../../../../arm-none-eabi/lib/armv7-m\libc.a(lib_a-stdio.o)
                0x00084b74                __sread
 .text.__swrite
                0x00084b98       0x3c c:/program files (x86)/atmel/studio/7.0/toolchain/arm/arm-gnu-toolchain/bin/../lib/gcc/arm-none-eabi/5.3.1/../../../../arm-none-eabi/lib/armv7-m\libc.a(lib_a-stdio.o)
                0x00084b98                __swrite
 .text.__sseek  0x00084bd4       0x20 c:/program files (x86)/atmel/studio/7.0/toolchain/arm/arm-gnu-toolchain/bin/../lib/gcc/arm-none-eabi/5.3.1/../../../../arm-none-eabi/lib/armv7-m\libc.a(lib_a-stdio.o)
                0x00084bd4                __sseek
 .text.__sclose
                0x00084bf4        0x8 c:/program files (x86)/atmel/studio/7.0/toolchain/arm/arm-gnu-toolchain/bin/../lib/gcc/arm-none-eabi/5.3.1/../../../../arm-none-eabi/lib/armv7-m\libc.a(lib_a-stdio.o)
                0x00084bf4                __sclose
 .text.__swbuf_r
                0x00084bfc       0xac c:/program files (x86)/atmel/studio/7.0/toolchain/arm/arm-gnu-toolchain/bin/../lib/gcc/arm-none-eabi/5.3.1/../../../../arm-none-eabi/lib/armv7-m\libc.a(lib_a-wbuf.o)
                0x00084bfc                __swbuf_r
 .text._wcrtomb_r
                0x00084ca8       0x54 c:/program files (x86)/atmel/studio/7.0/toolchain/arm/arm-gnu-toolchain/bin/../lib/gcc/arm-none-eabi/5.3.1/../../../../arm-none-eabi/lib/armv7-m\libc.a(lib_a-wcrtomb.o)
                0x00084ca8                _wcrtomb_r
 .text.__ascii_wctomb
                0x00084cfc       0x1c c:/program files (x86)/atmel/studio/7.0/toolchain/arm/arm-gnu-toolchain/bin/../lib/gcc/arm-none-eabi/5.3.1/../../../../arm-none-eabi/lib/armv7-m\libc.a(lib_a-wctomb_r.o)
                0x00084cfc                __ascii_wctomb
 .text._write_r
                0x00084d18       0x2c c:/program files (x86)/atmel/studio/7.0/toolchain/arm/arm-gnu-toolchain/bin/../lib/gcc/arm-none-eabi/5.3.1/../../../../arm-none-eabi/lib/armv7-m\libc.a(lib_a-writer.o)
                0x00084d18                _write_r
 .text.__register_exitproc
                0x00084d44       0xa4 c:/program files (x86)/atmel/studio/7.0/toolchain/arm/arm-gnu-toolchain/bin/../lib/gcc/arm-none-eabi/5.3.1/../../../../arm-none-eabi/lib/armv7-m\libc.a(lib_a-__atexit.o)
                0x00084d44                __register_exitproc
 .text._close_r
                0x00084de8       0x24 c:/program files (x86)/atmel/studio/7.0/toolchain/arm/arm-gnu-toolchain/bin/../lib/gcc/arm-none-eabi/5.3.1/../../../../arm-none-eabi/lib/armv7-m\libc.a(lib_a-closer.o)
                0x00084de8                _close_r
 .text._fclose_r
                0x00084e0c       0x84 c:/program files (x86)/atmel/studio/7.0/toolchain/arm/arm-gnu-toolchain/bin/../lib/gcc/arm-none-eabi/5.3.1/../../../../arm-none-eabi/lib/armv7-m\libc.a(lib_a-fclose.o)
                0x00084e0c                _fclose_r
 .text._fstat_r
                0x00084e90       0x28 c:/program files (x86)/atmel/studio/7.0/toolchain/arm/arm-gnu-toolchain/bin/../lib/gcc/arm-none-eabi/5.3.1/../../../../arm-none-eabi/lib/armv7-m\libc.a(lib_a-fstatr.o)
                0x00084e90                _fstat_r
 .text._isatty_r
                0x00084eb8       0x24 c:/program files (x86)/atmel/studio/7.0/toolchain/arm/arm-gnu-toolchain/bin/../lib/gcc/arm-none-eabi/5.3.1/../../../../arm-none-eabi/lib/armv7-m\libc.a(lib_a-isattyr.o)
                0x00084eb8                _isatty_r
 .text._lseek_r
                0x00084edc       0x2c c:/program files (x86)/atmel/studio/7.0/toolchain/arm/arm-gnu-toolchain/bin/../lib/gcc/arm-none-eabi/5.3.1/../../../../arm-none-eabi/lib/armv7-m\libc.a(lib_a-lseekr.o)
                0x00084edc                _lseek_r
 .text._read_r  0x00084f08       0x2c c:/program files (x86)/atmel/studio/7.0/toolchain/arm/arm-gnu-toolchain/bin/../lib/gcc/arm-none-eabi/5.3.1/../../../../arm-none-eabi/lib/armv7-m\libc.a(lib_a-readr.o)
                0x00084f08                _read_r
 .text          0x00084f34       0x30 c:/program files (x86)/atmel/studio/7.0/toolchain/arm/arm-gnu-toolchain/bin/../lib/gcc/arm-none-eabi/5.3.1/armv7-m\libgcc.a(_aeabi_uldivmod.o)
                0x00084f34                __aeabi_uldivmod
 .text          0x00084f64      0x2ec c:/program files (x86)/atmel/studio/7.0/toolchain/arm/arm-gnu-toolchain/bin/../lib/gcc/arm-none-eabi/5.3.1/armv7-m\libgcc.a(_udivmoddi4.o)
                0x00084f64                __udivmoddi4
 .text          0x00085250        0x4 c:/program files (x86)/atmel/studio/7.0/toolchain/arm/arm-gnu-toolchain/bin/../lib/gcc/arm-none-eabi/5.3.1/armv7-m\libgcc.a(_dvmd_tls.o)
                0x00085250                __aeabi_idiv0
                0x00085250                __aeabi_ldiv0
 *(.glue_7t)
 .glue_7t       0x00085254        0x0 linker stubs
 *(.glue_7)
 .glue_7        0x00085254        0x0 linker stubs
 *(.rodata .rodata* .gnu.linkonce.r.*)
 .rodata.str1.4
                0x00085254      0x198 src/ads7843_example.o
 .rodata.p_uc_charset10x14
                0x000853ec      0x780 src/ASF/sam/components/display/hx8347a/hx8347a.o
                0x000853ec                p_uc_charset10x14
 .rodata.str1.4
                0x00085b6c       0x74 src/rtouch_calibrate.o
 .rodata.str1.4
                0x00085be0        0x2 c:/program files (x86)/atmel/studio/7.0/toolchain/arm/arm-gnu-toolchain/bin/../lib/gcc/arm-none-eabi/5.3.1/../../../../arm-none-eabi/lib/armv7-m\libc.a(lib_a-impure.o)
 .rodata._global_impure_ptr
                0x00085be0        0x4 c:/program files (x86)/atmel/studio/7.0/toolchain/arm/arm-gnu-toolchain/bin/../lib/gcc/arm-none-eabi/5.3.1/../../../../arm-none-eabi/lib/armv7-m\libc.a(lib_a-impure.o)
                0x00085be0                _global_impure_ptr
 .rodata.str1.4
                0x00085be4        0x2 c:/program files (x86)/atmel/studio/7.0/toolchain/arm/arm-gnu-toolchain/bin/../lib/gcc/arm-none-eabi/5.3.1/../../../../arm-none-eabi/lib/armv7-m\libc.a(lib_a-puts.o)
 *fill*         0x00085be6        0x2 
 .rodata.str1.4
                0x00085be8       0x25 c:/program files (x86)/atmel/studio/7.0/toolchain/arm/arm-gnu-toolchain/bin/../lib/gcc/arm-none-eabi/5.3.1/../../../../arm-none-eabi/lib/armv7-m\libc.a(lib_a-utoa.o)
 *fill*         0x00085c0d        0x3 
 .rodata.zeroes.6993
                0x00085c10       0x10 c:/program files (x86)/atmel/studio/7.0/toolchain/arm/arm-gnu-toolchain/bin/../lib/gcc/arm-none-eabi/5.3.1/../../../../arm-none-eabi/lib/armv7-m\libc.a(lib_a-vfiprintf.o)
 .rodata.str1.4
                0x00085c20       0x30 c:/program files (x86)/atmel/studio/7.0/toolchain/arm/arm-gnu-toolchain/bin/../lib/gcc/arm-none-eabi/5.3.1/../../../../arm-none-eabi/lib/armv7-m\libc.a(lib_a-vfiprintf.o)
                                 0x2f (size before relaxing)
 .rodata.blanks.6992
                0x00085c50       0x10 c:/program files (x86)/atmel/studio/7.0/toolchain/arm/arm-gnu-toolchain/bin/../lib/gcc/arm-none-eabi/5.3.1/../../../../arm-none-eabi/lib/armv7-m\libc.a(lib_a-vfiprintf.o)
 *(.ARM.extab* .gnu.linkonce.armextab.*)
                0x00085c60                . = ALIGN (0x4)
 *(.init)
 .init          0x00085c60        0x4 c:/program files (x86)/atmel/studio/7.0/toolchain/arm/arm-gnu-toolchain/bin/../lib/gcc/arm-none-eabi/5.3.1/armv7-m/crti.o
                0x00085c60                _init
 .init          0x00085c64        0x8 c:/program files (x86)/atmel/studio/7.0/toolchain/arm/arm-gnu-toolchain/bin/../lib/gcc/arm-none-eabi/5.3.1/armv7-m/crtn.o
                0x00085c6c                . = ALIGN (0x4)
                0x00085c6c                __preinit_array_start = .
 *(.preinit_array)
                0x00085c6c                __preinit_array_end = .
                0x00085c6c                . = ALIGN (0x4)
                0x00085c6c                __init_array_start = .
 *(SORT(.init_array.*))
 .init_array.00000
                0x00085c6c        0x4 c:/program files (x86)/atmel/studio/7.0/toolchain/arm/arm-gnu-toolchain/bin/../lib/gcc/arm-none-eabi/5.3.1/../../../../arm-none-eabi/lib/armv7-m\libc.a(lib_a-__call_atexit.o)
 *(.init_array)
 .init_array    0x00085c70        0x4 c:/program files (x86)/atmel/studio/7.0/toolchain/arm/arm-gnu-toolchain/bin/../lib/gcc/arm-none-eabi/5.3.1/armv7-m/crtbegin.o
                0x00085c74                __init_array_end = .
                0x00085c74                . = ALIGN (0x4)
 *crtbegin.o(.ctors)
 *(EXCLUDE_FILE(*crtend.o) .ctors)
 *(SORT(.ctors.*))
 *crtend.o(.ctors)
                0x00085c74                . = ALIGN (0x4)
 *(.fini)
 .fini          0x00085c74        0x4 c:/program files (x86)/atmel/studio/7.0/toolchain/arm/arm-gnu-toolchain/bin/../lib/gcc/arm-none-eabi/5.3.1/armv7-m/crti.o
                0x00085c74                _fini
 .fini          0x00085c78        0x8 c:/program files (x86)/atmel/studio/7.0/toolchain/arm/arm-gnu-toolchain/bin/../lib/gcc/arm-none-eabi/5.3.1/armv7-m/crtn.o
                0x00085c80                . = ALIGN (0x4)
                0x00085c80                __fini_array_start = .
 *(.fini_array)
 .fini_array    0x00085c80        0x4 c:/program files (x86)/atmel/studio/7.0/toolchain/arm/arm-gnu-toolchain/bin/../lib/gcc/arm-none-eabi/5.3.1/armv7-m/crtbegin.o
 *(SORT(.fini_array.*))
                0x00085c84                __fini_array_end = .
 *crtbegin.o(.dtors)
 *(EXCLUDE_FILE(*crtend.o) .dtors)
 *(SORT(.dtors.*))
 *crtend.o(.dtors)
                0x00085c84                . = ALIGN (0x4)
                0x00085c84                _efixed = .
                [!provide]                PROVIDE (__exidx_start, .)

.vfp11_veneer   0x00085c84        0x0
 .vfp11_veneer  0x00085c84        0x0 linker stubs

.v4_bx          0x00085c84        0x0
 .v4_bx         0x00085c84        0x0 linker stubs

.iplt           0x00085c84        0x0
 .iplt          0x00085c84        0x0 c:/program files (x86)/atmel/studio/7.0/toolchain/arm/arm-gnu-toolchain/bin/../lib/gcc/arm-none-eabi/5.3.1/armv7-m/crtbegin.o

.ARM.exidx      0x00085c84        0x8
 *(.ARM.exidx* .gnu.linkonce.armexidx.*)
 .ARM.exidx     0x00085c84        0x8 c:/program files (x86)/atmel/studio/7.0/toolchain/arm/arm-gnu-toolchain/bin/../lib/gcc/arm-none-eabi/5.3.1/armv7-m\libgcc.a(_udivmoddi4.o)
                [!provide]                PROVIDE (__exidx_end, .)

.eh_frame       0x00085c8c        0x0
 .eh_frame      0x00085c8c        0x0 c:/program files (x86)/atmel/studio/7.0/toolchain/arm/arm-gnu-toolchain/bin/../lib/gcc/arm-none-eabi/5.3.1/armv7-m/crtbegin.o

.rel.dyn        0x00085c8c        0x0
 .rel.iplt      0x00085c8c        0x0 c:/program files (x86)/atmel/studio/7.0/toolchain/arm/arm-gnu-toolchain/bin/../lib/gcc/arm-none-eabi/5.3.1/armv7-m/crtbegin.o

.jcr            0x00085c8c        0x0
 .jcr           0x00085c8c        0x0 c:/program files (x86)/atmel/studio/7.0/toolchain/arm/arm-gnu-toolchain/bin/../lib/gcc/arm-none-eabi/5.3.1/armv7-m/crtbegin.o

.igot.plt       0x00085c8c        0x0
 .igot.plt      0x00085c8c        0x0 c:/program files (x86)/atmel/studio/7.0/toolchain/arm/arm-gnu-toolchain/bin/../lib/gcc/arm-none-eabi/5.3.1/armv7-m/crtbegin.o
                0x00085c8c                . = ALIGN (0x4)
                0x00085c8c                _etext = .

.relocate       0x20000000      0x9ac load address 0x00085c8c
                0x20000000                . = ALIGN (0x4)
                0x20000000                _srelocate = .
 *(.ramfunc .ramfunc.*)
 .ramfunc       0x20000000      0x118 src/ASF/sam/utils/cmsis/sam3u/source/templates/system_sam3u.o
                0x20000000                SystemInit
                0x200000a8                system_init_flash
 *(.data .data.*)
 .data.calculator_mode
                0x20000118        0x4 src/ads7843_example.o
                0x20000118                calculator_mode
 .data.SystemCoreClock
                0x2000011c        0x4 src/ASF/sam/utils/cmsis/sam3u/source/templates/system_sam3u.o
                0x2000011c                SystemCoreClock
 .data.gs_calibration_points
                0x20000120       0x28 src/rtouch_calibrate.o
 .data.impure_data
                0x20000148      0x428 c:/program files (x86)/atmel/studio/7.0/toolchain/arm/arm-gnu-toolchain/bin/../lib/gcc/arm-none-eabi/5.3.1/../../../../arm-none-eabi/lib/armv7-m\libc.a(lib_a-impure.o)
 .data._impure_ptr
                0x20000570        0x4 c:/program files (x86)/atmel/studio/7.0/toolchain/arm/arm-gnu-toolchain/bin/../lib/gcc/arm-none-eabi/5.3.1/../../../../arm-none-eabi/lib/armv7-m\libc.a(lib_a-impure.o)
                0x20000570                _impure_ptr
 .data.lc_ctype_charset
                0x20000574       0x20 c:/program files (x86)/atmel/studio/7.0/toolchain/arm/arm-gnu-toolchain/bin/../lib/gcc/arm-none-eabi/5.3.1/../../../../arm-none-eabi/lib/armv7-m\libc.a(lib_a-locale.o)
 .data.__mb_cur_max
                0x20000594        0x4 c:/program files (x86)/atmel/studio/7.0/toolchain/arm/arm-gnu-toolchain/bin/../lib/gcc/arm-none-eabi/5.3.1/../../../../arm-none-eabi/lib/armv7-m\libc.a(lib_a-locale.o)
                0x20000594                __mb_cur_max
 .data.__malloc_av_
                0x20000598      0x408 c:/program files (x86)/atmel/studio/7.0/toolchain/arm/arm-gnu-toolchain/bin/../lib/gcc/arm-none-eabi/5.3.1/../../../../arm-none-eabi/lib/armv7-m\libc.a(lib_a-mallocr.o)
                0x20000598                __malloc_av_
 .data.__malloc_trim_threshold
                0x200009a0        0x4 c:/program files (x86)/atmel/studio/7.0/toolchain/arm/arm-gnu-toolchain/bin/../lib/gcc/arm-none-eabi/5.3.1/../../../../arm-none-eabi/lib/armv7-m\libc.a(lib_a-mallocr.o)
                0x200009a0                __malloc_trim_threshold
 .data.__malloc_sbrk_base
                0x200009a4        0x4 c:/program files (x86)/atmel/studio/7.0/toolchain/arm/arm-gnu-toolchain/bin/../lib/gcc/arm-none-eabi/5.3.1/../../../../arm-none-eabi/lib/armv7-m\libc.a(lib_a-mallocr.o)
                0x200009a4                __malloc_sbrk_base
 .data.__wctomb
                0x200009a8        0x4 c:/program files (x86)/atmel/studio/7.0/toolchain/arm/arm-gnu-toolchain/bin/../lib/gcc/arm-none-eabi/5.3.1/../../../../arm-none-eabi/lib/armv7-m\libc.a(lib_a-wctomb_r.o)
                0x200009a8                __wctomb
                0x200009ac                . = ALIGN (0x4)
                0x200009ac                _erelocate = .

.bss            0x200009ac      0x310 load address 0x00086638
                0x200009ac                . = ALIGN (0x4)
                0x200009ac                _sbss = .
                0x200009ac                _szero = .
 *(.bss .bss.*)
 .bss           0x200009ac       0x1c c:/program files (x86)/atmel/studio/7.0/toolchain/arm/arm-gnu-toolchain/bin/../lib/gcc/arm-none-eabi/5.3.1/armv7-m/crtbegin.o
 .bss.g_ul_tick_count
                0x200009c8        0x4 src/ads7843_example.o
 .bss.op1       0x200009cc        0x4 src/ads7843_example.o
                0x200009cc                op1
 .bss.op2       0x200009d0        0x4 src/ads7843_example.o
                0x200009d0                op2
 .bss.calculator_state
                0x200009d4        0x4 src/ads7843_example.o
                0x200009d4                calculator_state
 .bss.g_ul_pixel_cache
                0x200009d8      0x1e0 src/ASF/sam/components/display/hx8347a/hx8347a.o
 .bss.gs_ul_nb_sources
                0x20000bb8        0x4 src/ASF/sam/drivers/pio/pio_handler.o
 .bss.gs_interrupt_sources
                0x20000bbc       0x70 src/ASF/sam/drivers/pio/pio_handler.o
 .bss.g_ul_timepress
                0x20000c2c        0x4 src/ASF/sam/services/resistive_touch/rtouch.o
 .bss.g_ul_timerelease
                0x20000c30        0x4 src/ASF/sam/services/resistive_touch/rtouch.o
 .bss.event_handler
                0x20000c34        0x4 src/ASF/sam/services/resistive_touch/rtouch.o
 .bss.calibration_point_0
                0x20000c38        0x8 src/ASF/sam/services/resistive_touch/rtouch.o
 .bss.old_position.7530
                0x20000c40        0x4 src/ASF/sam/services/resistive_touch/rtouch.o
 .bss.g_ul_is_rtouch_enabled
                0x20000c44        0x4 src/ASF/sam/services/resistive_touch/rtouch.o
 .bss.g_ul_is_calibrated
                0x20000c48        0x4 src/ASF/sam/services/resistive_touch/rtouch.o
 .bss.g_l_yslope
                0x20000c4c        0x4 src/ASF/sam/services/resistive_touch/rtouch.o
 .bss.pen_state
                0x20000c50        0x1 src/ASF/sam/services/resistive_touch/rtouch.o
 *fill*         0x20000c51        0x3 
 .bss.g_l_xslope
                0x20000c54        0x4 src/ASF/sam/services/resistive_touch/rtouch.o
 .bss.g_ul_width
                0x20000c58        0x4 src/ASF/sam/services/resistive_touch/rtouch.o
 .bss.g_ul_height
                0x20000c5c        0x4 src/ASF/sam/services/resistive_touch/rtouch.o
 .bss.g_ul_timestamp
                0x20000c60        0x4 src/ASF/sam/services/resistive_touch/rtouch.o
 .bss.event     0x20000c64        0xa src/ASF/sam/services/resistive_touch/rtouch.o
 *fill*         0x20000c6e        0x2 
 .bss.heap.5287
                0x20000c70        0x4 src/ASF/sam/utils/syscalls/gcc/syscalls.o
 .bss.__malloc_max_total_mem
                0x20000c74        0x4 c:/program files (x86)/atmel/studio/7.0/toolchain/arm/arm-gnu-toolchain/bin/../lib/gcc/arm-none-eabi/5.3.1/../../../../arm-none-eabi/lib/armv7-m\libc.a(lib_a-mallocr.o)
                0x20000c74                __malloc_max_total_mem
 .bss.__malloc_max_sbrked_mem
                0x20000c78        0x4 c:/program files (x86)/atmel/studio/7.0/toolchain/arm/arm-gnu-toolchain/bin/../lib/gcc/arm-none-eabi/5.3.1/../../../../arm-none-eabi/lib/armv7-m\libc.a(lib_a-mallocr.o)
                0x20000c78                __malloc_max_sbrked_mem
 .bss.__malloc_top_pad
                0x20000c7c        0x4 c:/program files (x86)/atmel/studio/7.0/toolchain/arm/arm-gnu-toolchain/bin/../lib/gcc/arm-none-eabi/5.3.1/../../../../arm-none-eabi/lib/armv7-m\libc.a(lib_a-mallocr.o)
                0x20000c7c                __malloc_top_pad
 .bss.__malloc_current_mallinfo
                0x20000c80       0x28 c:/program files (x86)/atmel/studio/7.0/toolchain/arm/arm-gnu-toolchain/bin/../lib/gcc/arm-none-eabi/5.3.1/../../../../arm-none-eabi/lib/armv7-m\libc.a(lib_a-mallocr.o)
                0x20000c80                __malloc_current_mallinfo
 *(COMMON)
 COMMON         0x20000ca8        0x4 src/ads7843_example.o
                0x20000ca8                target_operand
 COMMON         0x20000cac        0x4 src/ASF/common/utils/stdio/read.o
                0x20000cac                ptr_get
 COMMON         0x20000cb0        0x8 src/ASF/common/utils/stdio/write.o
                0x20000cb0                ptr_put
                0x20000cb4                stdio_base
 COMMON         0x20000cb8        0x4 c:/program files (x86)/atmel/studio/7.0/toolchain/arm/arm-gnu-toolchain/bin/../lib/gcc/arm-none-eabi/5.3.1/../../../../arm-none-eabi/lib/armv7-m\libc.a(lib_a-reent.o)
                0x20000cb8                errno
                0x20000cbc                . = ALIGN (0x4)
                0x20000cbc                _ebss = .
                0x20000cbc                _ezero = .

.stack          0x20080000     0x4000
                0x20080000                . = ALIGN (0x8)
                0x20080000                _sstack = .
                0x20084000                . = (. + __stack_size__)
 *fill*         0x20080000     0x4000 
                0x20084000                . = ALIGN (0x8)
                0x20084000                _estack = .
                0x20084000                . = ALIGN (0x4)
                0x20084000                _end = .
OUTPUT(RESISTIVE_TOUCH_EXAMPLE2.elf elf32-littlearm)

.ARM.attributes
                0x00000000       0x29
 .ARM.attributes
                0x00000000       0x1d c:/program files (x86)/atmel/studio/7.0/toolchain/arm/arm-gnu-toolchain/bin/../lib/gcc/arm-none-eabi/5.3.1/armv7-m/crti.o
 .ARM.attributes
                0x0000001d       0x2d c:/program files (x86)/atmel/studio/7.0/toolchain/arm/arm-gnu-toolchain/bin/../lib/gcc/arm-none-eabi/5.3.1/armv7-m/crtbegin.o
 .ARM.attributes
                0x0000004a       0x33 src/ads7843_example.o
 .ARM.attributes
                0x0000007d       0x33 src/ASF/common/services/clock/sam3u/sysclk.o
 .ARM.attributes
                0x000000b0       0x33 src/ASF/common/services/spi/sam_spi/spi_master.o
 .ARM.attributes
                0x000000e3       0x33 src/ASF/common/utils/stdio/read.o
 .ARM.attributes
                0x00000116       0x33 src/ASF/common/utils/stdio/write.o
 .ARM.attributes
                0x00000149       0x33 src/ASF/sam/boards/sam3u_ek/init.o
 .ARM.attributes
                0x0000017c       0x33 src/ASF/sam/components/display/aat31xx/aat31xx.o
 .ARM.attributes
                0x000001af       0x33 src/ASF/sam/components/display/hx8347a/hx8347a.o
 .ARM.attributes
                0x000001e2       0x33 src/ASF/sam/components/resistive_touch/ads7843/ads7843.o
 .ARM.attributes
                0x00000215       0x33 src/ASF/sam/drivers/ebi/smc/smc.o
 .ARM.attributes
                0x00000248       0x33 src/ASF/sam/drivers/pio/pio.o
 .ARM.attributes
                0x0000027b       0x33 src/ASF/sam/drivers/pio/pio_handler.o
 .ARM.attributes
                0x000002ae       0x33 src/ASF/sam/drivers/pmc/pmc.o
 .ARM.attributes
                0x000002e1       0x33 src/ASF/sam/drivers/spi/spi.o
 .ARM.attributes
                0x00000314       0x33 src/ASF/sam/drivers/uart/uart.o
 .ARM.attributes
                0x00000347       0x33 src/ASF/sam/drivers/usart/usart.o
 .ARM.attributes
                0x0000037a       0x33 src/ASF/sam/services/resistive_touch/rtouch.o
 .ARM.attributes
                0x000003ad       0x33 src/ASF/sam/utils/cmsis/sam3u/source/templates/exceptions.o
 .ARM.attributes
                0x000003e0       0x33 src/ASF/sam/utils/cmsis/sam3u/source/templates/gcc/startup_sam3u.o
 .ARM.attributes
                0x00000413       0x33 src/ASF/sam/utils/cmsis/sam3u/source/templates/system_sam3u.o
 .ARM.attributes
                0x00000446       0x33 src/ASF/sam/utils/syscalls/gcc/syscalls.o
 .ARM.attributes
                0x00000479       0x33 src/rtouch_calibrate.o
 .ARM.attributes
                0x000004ac       0x2d c:/program files (x86)/atmel/studio/7.0/toolchain/arm/arm-gnu-toolchain/bin/../lib/gcc/arm-none-eabi/5.3.1/../../../../arm-none-eabi/lib/armv7-m\libc.a(lib_a-impure.o)
 .ARM.attributes
                0x000004d9       0x2d c:/program files (x86)/atmel/studio/7.0/toolchain/arm/arm-gnu-toolchain/bin/../lib/gcc/arm-none-eabi/5.3.1/../../../../arm-none-eabi/lib/armv7-m\libc.a(lib_a-init.o)
 .ARM.attributes
                0x00000506       0x2d c:/program files (x86)/atmel/studio/7.0/toolchain/arm/arm-gnu-toolchain/bin/../lib/gcc/arm-none-eabi/5.3.1/../../../../arm-none-eabi/lib/armv7-m\libc.a(lib_a-iprintf.o)
 .ARM.attributes
                0x00000533       0x2d c:/program files (x86)/atmel/studio/7.0/toolchain/arm/arm-gnu-toolchain/bin/../lib/gcc/arm-none-eabi/5.3.1/../../../../arm-none-eabi/lib/armv7-m\libc.a(lib_a-itoa.o)
 .ARM.attributes
                0x00000560       0x2d c:/program files (x86)/atmel/studio/7.0/toolchain/arm/arm-gnu-toolchain/bin/../lib/gcc/arm-none-eabi/5.3.1/../../../../arm-none-eabi/lib/armv7-m\libc.a(lib_a-memset.o)
 .ARM.attributes
                0x0000058d       0x2d c:/program files (x86)/atmel/studio/7.0/toolchain/arm/arm-gnu-toolchain/bin/../lib/gcc/arm-none-eabi/5.3.1/../../../../arm-none-eabi/lib/armv7-m\libc.a(lib_a-puts.o)
 .ARM.attributes
                0x000005ba       0x2d c:/program files (x86)/atmel/studio/7.0/toolchain/arm/arm-gnu-toolchain/bin/../lib/gcc/arm-none-eabi/5.3.1/../../../../arm-none-eabi/lib/armv7-m\libc.a(lib_a-setbuf.o)
 .ARM.attributes
                0x000005e7       0x2d c:/program files (x86)/atmel/studio/7.0/toolchain/arm/arm-gnu-toolchain/bin/../lib/gcc/arm-none-eabi/5.3.1/../../../../arm-none-eabi/lib/armv7-m\libc.a(lib_a-setvbuf.o)
 .ARM.attributes
                0x00000614       0x2d c:/program files (x86)/atmel/studio/7.0/toolchain/arm/arm-gnu-toolchain/bin/../lib/gcc/arm-none-eabi/5.3.1/../../../../arm-none-eabi/lib/armv7-m\libc.a(lib_a-strlen-stub.o)
 .ARM.attributes
                0x00000641       0x2d c:/program files (x86)/atmel/studio/7.0/toolchain/arm/arm-gnu-toolchain/bin/../lib/gcc/arm-none-eabi/5.3.1/../../../../arm-none-eabi/lib/armv7-m\libc.a(lib_a-utoa.o)
 .ARM.attributes
                0x0000066e       0x2d c:/program files (x86)/atmel/studio/7.0/toolchain/arm/arm-gnu-toolchain/bin/../lib/gcc/arm-none-eabi/5.3.1/../../../../arm-none-eabi/lib/armv7-m\libc.a(lib_a-vfiprintf.o)
 .ARM.attributes
                0x0000069b       0x2d c:/program files (x86)/atmel/studio/7.0/toolchain/arm/arm-gnu-toolchain/bin/../lib/gcc/arm-none-eabi/5.3.1/../../../../arm-none-eabi/lib/armv7-m\libc.a(lib_a-wsetup.o)
 .ARM.attributes
                0x000006c8       0x2d c:/program files (x86)/atmel/studio/7.0/toolchain/arm/arm-gnu-toolchain/bin/../lib/gcc/arm-none-eabi/5.3.1/../../../../arm-none-eabi/lib/armv7-m\libc.a(lib_a-__call_atexit.o)
 .ARM.attributes
                0x000006f5       0x2d c:/program files (x86)/atmel/studio/7.0/toolchain/arm/arm-gnu-toolchain/bin/../lib/gcc/arm-none-eabi/5.3.1/../../../../arm-none-eabi/lib/armv7-m\libc.a(lib_a-atexit.o)
 .ARM.attributes
                0x00000722       0x2d c:/program files (x86)/atmel/studio/7.0/toolchain/arm/arm-gnu-toolchain/bin/../lib/gcc/arm-none-eabi/5.3.1/../../../../arm-none-eabi/lib/armv7-m\libc.a(lib_a-fflush.o)
 .ARM.attributes
                0x0000074f       0x2d c:/program files (x86)/atmel/studio/7.0/toolchain/arm/arm-gnu-toolchain/bin/../lib/gcc/arm-none-eabi/5.3.1/../../../../arm-none-eabi/lib/armv7-m\libc.a(lib_a-findfp.o)
 .ARM.attributes
                0x0000077c       0x2d c:/program files (x86)/atmel/studio/7.0/toolchain/arm/arm-gnu-toolchain/bin/../lib/gcc/arm-none-eabi/5.3.1/../../../../arm-none-eabi/lib/armv7-m\libc.a(lib_a-fini.o)
 .ARM.attributes
                0x000007a9       0x2d c:/program files (x86)/atmel/studio/7.0/toolchain/arm/arm-gnu-toolchain/bin/../lib/gcc/arm-none-eabi/5.3.1/../../../../arm-none-eabi/lib/armv7-m\libc.a(lib_a-fputwc.o)
 .ARM.attributes
                0x000007d6       0x2d c:/program files (x86)/atmel/studio/7.0/toolchain/arm/arm-gnu-toolchain/bin/../lib/gcc/arm-none-eabi/5.3.1/../../../../arm-none-eabi/lib/armv7-m\libc.a(lib_a-freer.o)
 .ARM.attributes
                0x00000803       0x2d c:/program files (x86)/atmel/studio/7.0/toolchain/arm/arm-gnu-toolchain/bin/../lib/gcc/arm-none-eabi/5.3.1/../../../../arm-none-eabi/lib/armv7-m\libc.a(lib_a-fvwrite.o)
 .ARM.attributes
                0x00000830       0x2d c:/program files (x86)/atmel/studio/7.0/toolchain/arm/arm-gnu-toolchain/bin/../lib/gcc/arm-none-eabi/5.3.1/../../../../arm-none-eabi/lib/armv7-m\libc.a(lib_a-fwalk.o)
 .ARM.attributes
                0x0000085d       0x2d c:/program files (x86)/atmel/studio/7.0/toolchain/arm/arm-gnu-toolchain/bin/../lib/gcc/arm-none-eabi/5.3.1/../../../../arm-none-eabi/lib/armv7-m\libc.a(lib_a-locale.o)
 .ARM.attributes
                0x0000088a       0x2d c:/program files (x86)/atmel/studio/7.0/toolchain/arm/arm-gnu-toolchain/bin/../lib/gcc/arm-none-eabi/5.3.1/../../../../arm-none-eabi/lib/armv7-m\libc.a(lib_a-makebuf.o)
 .ARM.attributes
                0x000008b7       0x2d c:/program files (x86)/atmel/studio/7.0/toolchain/arm/arm-gnu-toolchain/bin/../lib/gcc/arm-none-eabi/5.3.1/../../../../arm-none-eabi/lib/armv7-m\libc.a(lib_a-malloc.o)
 .ARM.attributes
                0x000008e4       0x2d c:/program files (x86)/atmel/studio/7.0/toolchain/arm/arm-gnu-toolchain/bin/../lib/gcc/arm-none-eabi/5.3.1/../../../../arm-none-eabi/lib/armv7-m\libc.a(lib_a-mallocr.o)
 .ARM.attributes
                0x00000911       0x2d c:/program files (x86)/atmel/studio/7.0/toolchain/arm/arm-gnu-toolchain/bin/../lib/gcc/arm-none-eabi/5.3.1/../../../../arm-none-eabi/lib/armv7-m\libc.a(lib_a-memchr-stub.o)
 .ARM.attributes
                0x0000093e       0x1b c:/program files (x86)/atmel/studio/7.0/toolchain/arm/arm-gnu-toolchain/bin/../lib/gcc/arm-none-eabi/5.3.1/../../../../arm-none-eabi/lib/armv7-m\libc.a(lib_a-memcpy.o)
 .ARM.attributes
                0x00000959       0x2d c:/program files (x86)/atmel/studio/7.0/toolchain/arm/arm-gnu-toolchain/bin/../lib/gcc/arm-none-eabi/5.3.1/../../../../arm-none-eabi/lib/armv7-m\libc.a(lib_a-memmove.o)
 .ARM.attributes
                0x00000986       0x2d c:/program files (x86)/atmel/studio/7.0/toolchain/arm/arm-gnu-toolchain/bin/../lib/gcc/arm-none-eabi/5.3.1/../../../../arm-none-eabi/lib/armv7-m\libc.a(lib_a-mlock.o)
 .ARM.attributes
                0x000009b3       0x2d c:/program files (x86)/atmel/studio/7.0/toolchain/arm/arm-gnu-toolchain/bin/../lib/gcc/arm-none-eabi/5.3.1/../../../../arm-none-eabi/lib/armv7-m\libc.a(lib_a-reallocr.o)
 .ARM.attributes
                0x000009e0       0x2d c:/program files (x86)/atmel/studio/7.0/toolchain/arm/arm-gnu-toolchain/bin/../lib/gcc/arm-none-eabi/5.3.1/../../../../arm-none-eabi/lib/armv7-m\libc.a(lib_a-sbrkr.o)
 .ARM.attributes
                0x00000a0d       0x2d c:/program files (x86)/atmel/studio/7.0/toolchain/arm/arm-gnu-toolchain/bin/../lib/gcc/arm-none-eabi/5.3.1/../../../../arm-none-eabi/lib/armv7-m\libc.a(lib_a-stdio.o)
 .ARM.attributes
                0x00000a3a       0x2d c:/program files (x86)/atmel/studio/7.0/toolchain/arm/arm-gnu-toolchain/bin/../lib/gcc/arm-none-eabi/5.3.1/../../../../arm-none-eabi/lib/armv7-m\libc.a(lib_a-wbuf.o)
 .ARM.attributes
                0x00000a67       0x2d c:/program files (x86)/atmel/studio/7.0/toolchain/arm/arm-gnu-toolchain/bin/../lib/gcc/arm-none-eabi/5.3.1/../../../../arm-none-eabi/lib/armv7-m\libc.a(lib_a-wcrtomb.o)
 .ARM.attributes
                0x00000a94       0x2d c:/program files (x86)/atmel/studio/7.0/toolchain/arm/arm-gnu-toolchain/bin/../lib/gcc/arm-none-eabi/5.3.1/../../../../arm-none-eabi/lib/armv7-m\libc.a(lib_a-wctomb_r.o)
 .ARM.attributes
                0x00000ac1       0x2d c:/program files (x86)/atmel/studio/7.0/toolchain/arm/arm-gnu-toolchain/bin/../lib/gcc/arm-none-eabi/5.3.1/../../../../arm-none-eabi/lib/armv7-m\libc.a(lib_a-writer.o)
 .ARM.attributes
                0x00000aee       0x2d c:/program files (x86)/atmel/studio/7.0/toolchain/arm/arm-gnu-toolchain/bin/../lib/gcc/arm-none-eabi/5.3.1/../../../../arm-none-eabi/lib/armv7-m\libc.a(lib_a-__atexit.o)
 .ARM.attributes
                0x00000b1b       0x2d c:/program files (x86)/atmel/studio/7.0/toolchain/arm/arm-gnu-toolchain/bin/../lib/gcc/arm-none-eabi/5.3.1/../../../../arm-none-eabi/lib/armv7-m\libc.a(lib_a-closer.o)
 .ARM.attributes
                0x00000b48       0x2d c:/program files (x86)/atmel/studio/7.0/toolchain/arm/arm-gnu-toolchain/bin/../lib/gcc/arm-none-eabi/5.3.1/../../../../arm-none-eabi/lib/armv7-m\libc.a(lib_a-fclose.o)
 .ARM.attributes
                0x00000b75       0x2d c:/program files (x86)/atmel/studio/7.0/toolchain/arm/arm-gnu-toolchain/bin/../lib/gcc/arm-none-eabi/5.3.1/../../../../arm-none-eabi/lib/armv7-m\libc.a(lib_a-fstatr.o)
 .ARM.attributes
                0x00000ba2       0x2d c:/program files (x86)/atmel/studio/7.0/toolchain/arm/arm-gnu-toolchain/bin/../lib/gcc/arm-none-eabi/5.3.1/../../../../arm-none-eabi/lib/armv7-m\libc.a(lib_a-isattyr.o)
 .ARM.attributes
                0x00000bcf       0x2d c:/program files (x86)/atmel/studio/7.0/toolchain/arm/arm-gnu-toolchain/bin/../lib/gcc/arm-none-eabi/5.3.1/../../../../arm-none-eabi/lib/armv7-m\libc.a(lib_a-lseekr.o)
 .ARM.attributes
                0x00000bfc       0x2d c:/program files (x86)/atmel/studio/7.0/toolchain/arm/arm-gnu-toolchain/bin/../lib/gcc/arm-none-eabi/5.3.1/../../../../arm-none-eabi/lib/armv7-m\libc.a(lib_a-readr.o)
 .ARM.attributes
                0x00000c29       0x2d c:/program files (x86)/atmel/studio/7.0/toolchain/arm/arm-gnu-toolchain/bin/../lib/gcc/arm-none-eabi/5.3.1/../../../../arm-none-eabi/lib/armv7-m\libc.a(lib_a-reent.o)
 .ARM.attributes
                0x00000c56       0x1d c:/program files (x86)/atmel/studio/7.0/toolchain/arm/arm-gnu-toolchain/bin/../lib/gcc/arm-none-eabi/5.3.1/armv7-m\libgcc.a(_aeabi_uldivmod.o)
 .ARM.attributes
                0x00000c73       0x2d c:/program files (x86)/atmel/studio/7.0/toolchain/arm/arm-gnu-toolchain/bin/../lib/gcc/arm-none-eabi/5.3.1/armv7-m\libgcc.a(_udivmoddi4.o)
 .ARM.attributes
                0x00000ca0       0x1d c:/program files (x86)/atmel/studio/7.0/toolchain/arm/arm-gnu-toolchain/bin/../lib/gcc/arm-none-eabi/5.3.1/armv7-m\libgcc.a(_dvmd_tls.o)
 .ARM.attributes
                0x00000cbd       0x1d c:/program files (x86)/atmel/studio/7.0/toolchain/arm/arm-gnu-toolchain/bin/../lib/gcc/arm-none-eabi/5.3.1/armv7-m/crtn.o

.comment        0x00000000       0x59
 .comment       0x00000000       0x59 src/ads7843_example.o
                                 0x5a (size before relaxing)
 .comment       0x00000059       0x5a src/ASF/common/services/clock/sam3u/sysclk.o
 .comment       0x00000059       0x5a src/ASF/common/services/spi/sam_spi/spi_master.o
 .comment       0x00000059       0x5a src/ASF/common/utils/stdio/read.o
 .comment       0x00000059       0x5a src/ASF/common/utils/stdio/write.o
 .comment       0x00000059       0x5a src/ASF/sam/boards/sam3u_ek/init.o
 .comment       0x00000059       0x5a src/ASF/sam/components/display/aat31xx/aat31xx.o
 .comment       0x00000059       0x5a src/ASF/sam/components/display/hx8347a/hx8347a.o
 .comment       0x00000059       0x5a src/ASF/sam/components/resistive_touch/ads7843/ads7843.o
 .comment       0x00000059       0x5a src/ASF/sam/drivers/ebi/smc/smc.o
 .comment       0x00000059       0x5a src/ASF/sam/drivers/pio/pio.o
 .comment       0x00000059       0x5a src/ASF/sam/drivers/pio/pio_handler.o
 .comment       0x00000059       0x5a src/ASF/sam/drivers/pmc/pmc.o
 .comment       0x00000059       0x5a src/ASF/sam/drivers/spi/spi.o
 .comment       0x00000059       0x5a src/ASF/sam/drivers/uart/uart.o
 .comment       0x00000059       0x5a src/ASF/sam/drivers/usart/usart.o
 .comment       0x00000059       0x5a src/ASF/sam/services/resistive_touch/rtouch.o
 .comment       0x00000059       0x5a src/ASF/sam/utils/cmsis/sam3u/source/templates/exceptions.o
 .comment       0x00000059       0x5a src/ASF/sam/utils/cmsis/sam3u/source/templates/gcc/startup_sam3u.o
 .comment       0x00000059       0x5a src/ASF/sam/utils/cmsis/sam3u/source/templates/system_sam3u.o
 .comment       0x00000059       0x5a src/ASF/sam/utils/syscalls/gcc/syscalls.o
 .comment       0x00000059       0x5a src/rtouch_calibrate.o

.debug_info     0x00000000    0x11880
 .debug_info    0x00000000     0x2e54 src/ads7843_example.o
 .debug_info    0x00002e54      0x828 src/ASF/common/services/clock/sam3u/sysclk.o
 .debug_info    0x0000367c      0xc3b src/ASF/common/services/spi/sam_spi/spi_master.o
 .debug_info    0x000042b7      0x1bb src/ASF/common/utils/stdio/read.o
 .debug_info    0x00004472      0x1c0 src/ASF/common/utils/stdio/write.o
 .debug_info    0x00004632      0x98d src/ASF/sam/boards/sam3u_ek/init.o
 .debug_info    0x00004fbf      0x78a src/ASF/sam/components/display/aat31xx/aat31xx.o
 .debug_info    0x00005749     0x2f62 src/ASF/sam/components/display/hx8347a/hx8347a.o
 .debug_info    0x000086ab      0xc7d src/ASF/sam/components/resistive_touch/ads7843/ads7843.o
 .debug_info    0x00009328      0x9cd src/ASF/sam/drivers/ebi/smc/smc.o
 .debug_info    0x00009cf5     0x1384 src/ASF/sam/drivers/pio/pio.o
 .debug_info    0x0000b079      0xdf3 src/ASF/sam/drivers/pio/pio_handler.o
 .debug_info    0x0000be6c      0xfa9 src/ASF/sam/drivers/pmc/pmc.o
 .debug_info    0x0000ce15      0x7fa src/ASF/sam/drivers/spi/spi.o
 .debug_info    0x0000d60f      0x889 src/ASF/sam/drivers/uart/uart.o
 .debug_info    0x0000de98     0x17e6 src/ASF/sam/drivers/usart/usart.o
 .debug_info    0x0000f67e      0x743 src/ASF/sam/services/resistive_touch/rtouch.o
 .debug_info    0x0000fdc1      0x125 src/ASF/sam/utils/cmsis/sam3u/source/templates/exceptions.o
 .debug_info    0x0000fee6      0x3d3 src/ASF/sam/utils/cmsis/sam3u/source/templates/gcc/startup_sam3u.o
 .debug_info    0x000102b9      0x45a src/ASF/sam/utils/cmsis/sam3u/source/templates/system_sam3u.o
 .debug_info    0x00010713      0x440 src/ASF/sam/utils/syscalls/gcc/syscalls.o
 .debug_info    0x00010b53      0xd2d src/rtouch_calibrate.o

.debug_abbrev   0x00000000     0x2f28
 .debug_abbrev  0x00000000      0x52a src/ads7843_example.o
 .debug_abbrev  0x0000052a      0x25b src/ASF/common/services/clock/sam3u/sysclk.o
 .debug_abbrev  0x00000785      0x2ee src/ASF/common/services/spi/sam_spi/spi_master.o
 .debug_abbrev  0x00000a73      0x101 src/ASF/common/utils/stdio/read.o
 .debug_abbrev  0x00000b74       0xf5 src/ASF/common/utils/stdio/write.o
 .debug_abbrev  0x00000c69      0x17a src/ASF/sam/boards/sam3u_ek/init.o
 .debug_abbrev  0x00000de3      0x1d4 src/ASF/sam/components/display/aat31xx/aat31xx.o
 .debug_abbrev  0x00000fb7      0x2f1 src/ASF/sam/components/display/hx8347a/hx8347a.o
 .debug_abbrev  0x000012a8      0x2cf src/ASF/sam/components/resistive_touch/ads7843/ads7843.o
 .debug_abbrev  0x00001577      0x1ac src/ASF/sam/drivers/ebi/smc/smc.o
 .debug_abbrev  0x00001723      0x2de src/ASF/sam/drivers/pio/pio.o
 .debug_abbrev  0x00001a01      0x262 src/ASF/sam/drivers/pio/pio_handler.o
 .debug_abbrev  0x00001c63      0x25b src/ASF/sam/drivers/pmc/pmc.o
 .debug_abbrev  0x00001ebe      0x29d src/ASF/sam/drivers/spi/spi.o
 .debug_abbrev  0x0000215b      0x1bd src/ASF/sam/drivers/uart/uart.o
 .debug_abbrev  0x00002318      0x318 src/ASF/sam/drivers/usart/usart.o
 .debug_abbrev  0x00002630      0x295 src/ASF/sam/services/resistive_touch/rtouch.o
 .debug_abbrev  0x000028c5       0x8f src/ASF/sam/utils/cmsis/sam3u/source/templates/exceptions.o
 .debug_abbrev  0x00002954      0x11b src/ASF/sam/utils/cmsis/sam3u/source/templates/gcc/startup_sam3u.o
 .debug_abbrev  0x00002a6f      0x108 src/ASF/sam/utils/cmsis/sam3u/source/templates/system_sam3u.o
 .debug_abbrev  0x00002b77      0x151 src/ASF/sam/utils/syscalls/gcc/syscalls.o
 .debug_abbrev  0x00002cc8      0x260 src/rtouch_calibrate.o

.debug_loc      0x00000000     0x89de
 .debug_loc     0x00000000      0x9ea src/ads7843_example.o
 .debug_loc     0x000009ea      0x1b3 src/ASF/common/services/clock/sam3u/sysclk.o
 .debug_loc     0x00000b9d      0xae9 src/ASF/common/services/spi/sam_spi/spi_master.o
 .debug_loc     0x00001686       0xd2 src/ASF/common/utils/stdio/read.o
 .debug_loc     0x00001758      0x15d src/ASF/common/utils/stdio/write.o
 .debug_loc     0x000018b5       0x5c src/ASF/sam/boards/sam3u_ek/init.o
 .debug_loc     0x00001911      0x128 src/ASF/sam/components/display/aat31xx/aat31xx.o
 .debug_loc     0x00001a39     0x2c2d src/ASF/sam/components/display/hx8347a/hx8347a.o
 .debug_loc     0x00004666      0x36e src/ASF/sam/components/resistive_touch/ads7843/ads7843.o
 .debug_loc     0x000049d4      0x315 src/ASF/sam/drivers/ebi/smc/smc.o
 .debug_loc     0x00004ce9      0xb2a src/ASF/sam/drivers/pio/pio.o
 .debug_loc     0x00005813      0x51e src/ASF/sam/drivers/pio/pio_handler.o
 .debug_loc     0x00005d31      0xcc7 src/ASF/sam/drivers/pmc/pmc.o
 .debug_loc     0x000069f8      0x61a src/ASF/sam/drivers/spi/spi.o
 .debug_loc     0x00007012      0x242 src/ASF/sam/drivers/uart/uart.o
 .debug_loc     0x00007254      0xf7b src/ASF/sam/drivers/usart/usart.o
 .debug_loc     0x000081cf      0x63a src/ASF/sam/services/resistive_touch/rtouch.o
 .debug_loc     0x00008809       0x5e src/ASF/sam/utils/cmsis/sam3u/source/templates/gcc/startup_sam3u.o
 .debug_loc     0x00008867      0x12b src/ASF/sam/utils/syscalls/gcc/syscalls.o
 .debug_loc     0x00008992       0x4c src/rtouch_calibrate.o

.debug_aranges  0x00000000      0xc60
 .debug_aranges
                0x00000000       0xc8 src/ads7843_example.o
 .debug_aranges
                0x000000c8       0x40 src/ASF/common/services/clock/sam3u/sysclk.o
 .debug_aranges
                0x00000108       0x50 src/ASF/common/services/spi/sam_spi/spi_master.o
 .debug_aranges
                0x00000158       0x20 src/ASF/common/utils/stdio/read.o
 .debug_aranges
                0x00000178       0x20 src/ASF/common/utils/stdio/write.o
 .debug_aranges
                0x00000198       0x20 src/ASF/sam/boards/sam3u_ek/init.o
 .debug_aranges
                0x000001b8       0x28 src/ASF/sam/components/display/aat31xx/aat31xx.o
 .debug_aranges
                0x000001e0       0xd0 src/ASF/sam/components/display/hx8347a/hx8347a.o
 .debug_aranges
                0x000002b0       0x50 src/ASF/sam/components/resistive_touch/ads7843/ads7843.o
 .debug_aranges
                0x00000300       0xe8 src/ASF/sam/drivers/ebi/smc/smc.o
 .debug_aranges
                0x000003e8      0x148 src/ASF/sam/drivers/pio/pio.o
 .debug_aranges
                0x00000530       0x50 src/ASF/sam/drivers/pio/pio_handler.o
 .debug_aranges
                0x00000580      0x1e0 src/ASF/sam/drivers/pmc/pmc.o
 .debug_aranges
                0x00000760       0x90 src/ASF/sam/drivers/spi/spi.o
 .debug_aranges
                0x000007f0       0xe8 src/ASF/sam/drivers/uart/uart.o
 .debug_aranges
                0x000008d8      0x220 src/ASF/sam/drivers/usart/usart.o
 .debug_aranges
                0x00000af8       0x78 src/ASF/sam/services/resistive_touch/rtouch.o
 .debug_aranges
                0x00000b70       0x20 src/ASF/sam/utils/cmsis/sam3u/source/templates/exceptions.o
 .debug_aranges
                0x00000b90       0x20 src/ASF/sam/utils/cmsis/sam3u/source/templates/gcc/startup_sam3u.o
 .debug_aranges
                0x00000bb0       0x30 src/ASF/sam/utils/cmsis/sam3u/source/templates/system_sam3u.o
 .debug_aranges
                0x00000be0       0x60 src/ASF/sam/utils/syscalls/gcc/syscalls.o
 .debug_aranges
                0x00000c40       0x20 src/rtouch_calibrate.o

.debug_ranges   0x00000000      0xc80
 .debug_ranges  0x00000000      0x178 src/ads7843_example.o
 .debug_ranges  0x00000178       0x30 src/ASF/common/services/clock/sam3u/sysclk.o
 .debug_ranges  0x000001a8       0x58 src/ASF/common/services/spi/sam_spi/spi_master.o
 .debug_ranges  0x00000200       0x10 src/ASF/common/utils/stdio/read.o
 .debug_ranges  0x00000210       0x10 src/ASF/common/utils/stdio/write.o
 .debug_ranges  0x00000220       0x10 src/ASF/sam/boards/sam3u_ek/init.o
 .debug_ranges  0x00000230       0x30 src/ASF/sam/components/display/aat31xx/aat31xx.o
 .debug_ranges  0x00000260      0x108 src/ASF/sam/components/display/hx8347a/hx8347a.o
 .debug_ranges  0x00000368       0x70 src/ASF/sam/components/resistive_touch/ads7843/ads7843.o
 .debug_ranges  0x000003d8       0xd8 src/ASF/sam/drivers/ebi/smc/smc.o
 .debug_ranges  0x000004b0      0x138 src/ASF/sam/drivers/pio/pio.o
 .debug_ranges  0x000005e8       0x40 src/ASF/sam/drivers/pio/pio_handler.o
 .debug_ranges  0x00000628      0x1d0 src/ASF/sam/drivers/pmc/pmc.o
 .debug_ranges  0x000007f8       0x80 src/ASF/sam/drivers/spi/spi.o
 .debug_ranges  0x00000878       0xd8 src/ASF/sam/drivers/uart/uart.o
 .debug_ranges  0x00000950      0x210 src/ASF/sam/drivers/usart/usart.o
 .debug_ranges  0x00000b60       0x68 src/ASF/sam/services/resistive_touch/rtouch.o
 .debug_ranges  0x00000bc8       0x10 src/ASF/sam/utils/cmsis/sam3u/source/templates/exceptions.o
 .debug_ranges  0x00000bd8       0x10 src/ASF/sam/utils/cmsis/sam3u/source/templates/gcc/startup_sam3u.o
 .debug_ranges  0x00000be8       0x20 src/ASF/sam/utils/cmsis/sam3u/source/templates/system_sam3u.o
 .debug_ranges  0x00000c08       0x50 src/ASF/sam/utils/syscalls/gcc/syscalls.o
 .debug_ranges  0x00000c58       0x28 src/rtouch_calibrate.o

.debug_macro    0x00000000    0x17660
 .debug_macro   0x00000000      0x69d src/ads7843_example.o
 .debug_macro   0x0000069d      0x892 src/ads7843_example.o
 .debug_macro   0x00000f2f      0x16d src/ads7843_example.o
 .debug_macro   0x0000109c      0x644 src/ads7843_example.o
 .debug_macro   0x000016e0       0x76 src/ads7843_example.o
 .debug_macro   0x00001756       0x16 src/ads7843_example.o
 .debug_macro   0x0000176c      0x6e4 src/ads7843_example.o
 .debug_macro   0x00001e50       0x22 src/ads7843_example.o
 .debug_macro   0x00001e72       0x87 src/ads7843_example.o
 .debug_macro   0x00001ef9       0x44 src/ads7843_example.o
 .debug_macro   0x00001f3d       0xfd src/ads7843_example.o
 .debug_macro   0x0000203a       0x22 src/ads7843_example.o
 .debug_macro   0x0000205c      0x1df src/ads7843_example.o
 .debug_macro   0x0000223b       0x20 src/ads7843_example.o
 .debug_macro   0x0000225b       0x3a src/ads7843_example.o
 .debug_macro   0x00002295       0x2d src/ads7843_example.o
 .debug_macro   0x000022c2      0xbb1 src/ads7843_example.o
 .debug_macro   0x00002e73      0x41b src/ads7843_example.o
 .debug_macro   0x0000328e      0x472 src/ads7843_example.o
 .debug_macro   0x00003700      0x2b5 src/ads7843_example.o
 .debug_macro   0x000039b5      0x5d6 src/ads7843_example.o
 .debug_macro   0x00003f8b       0x82 src/ads7843_example.o
 .debug_macro   0x0000400d       0x1c src/ads7843_example.o
 .debug_macro   0x00004029      0x69b src/ads7843_example.o
 .debug_macro   0x000046c4      0x4bd src/ads7843_example.o
 .debug_macro   0x00004b81       0xbe src/ads7843_example.o
 .debug_macro   0x00004c3f     0x2342 src/ads7843_example.o
 .debug_macro   0x00006f81      0x690 src/ads7843_example.o
 .debug_macro   0x00007611      0xa62 src/ads7843_example.o
 .debug_macro   0x00008073       0x7c src/ads7843_example.o
 .debug_macro   0x000080ef      0x263 src/ads7843_example.o
 .debug_macro   0x00008352       0x58 src/ads7843_example.o
 .debug_macro   0x000083aa      0x9a7 src/ads7843_example.o
 .debug_macro   0x00008d51      0x248 src/ads7843_example.o
 .debug_macro   0x00008f99      0x4df src/ads7843_example.o
 .debug_macro   0x00009478      0x6b3 src/ads7843_example.o
 .debug_macro   0x00009b2b      0x563 src/ads7843_example.o
 .debug_macro   0x0000a08e      0x34d src/ads7843_example.o
 .debug_macro   0x0000a3db      0x28c src/ads7843_example.o
 .debug_macro   0x0000a667      0x754 src/ads7843_example.o
 .debug_macro   0x0000adbb      0x6b5 src/ads7843_example.o
 .debug_macro   0x0000b470       0x76 src/ads7843_example.o
 .debug_macro   0x0000b4e6       0x82 src/ads7843_example.o
 .debug_macro   0x0000b568       0x76 src/ads7843_example.o
 .debug_macro   0x0000b5de       0x4c src/ads7843_example.o
 .debug_macro   0x0000b62a       0xe2 src/ads7843_example.o
 .debug_macro   0x0000b70c       0x88 src/ads7843_example.o
 .debug_macro   0x0000b794       0x88 src/ads7843_example.o
 .debug_macro   0x0000b81c      0x2c6 src/ads7843_example.o
 .debug_macro   0x0000bae2       0xac src/ads7843_example.o
 .debug_macro   0x0000bb8e       0xac src/ads7843_example.o
 .debug_macro   0x0000bc3a       0xac src/ads7843_example.o
 .debug_macro   0x0000bce6       0xac src/ads7843_example.o
 .debug_macro   0x0000bd92      0x24f src/ads7843_example.o
 .debug_macro   0x0000bfe1       0x7c src/ads7843_example.o
 .debug_macro   0x0000c05d       0x70 src/ads7843_example.o
 .debug_macro   0x0000c0cd       0xee src/ads7843_example.o
 .debug_macro   0x0000c1bb      0x165 src/ads7843_example.o
 .debug_macro   0x0000c320       0x64 src/ads7843_example.o
 .debug_macro   0x0000c384       0x88 src/ads7843_example.o
 .debug_macro   0x0000c40c       0x7c src/ads7843_example.o
 .debug_macro   0x0000c488       0x16 src/ads7843_example.o
 .debug_macro   0x0000c49e       0x22 src/ads7843_example.o
 .debug_macro   0x0000c4c0       0x22 src/ads7843_example.o
 .debug_macro   0x0000c4e2      0x115 src/ads7843_example.o
 .debug_macro   0x0000c5f7      0x115 src/ads7843_example.o
 .debug_macro   0x0000c70c      0x115 src/ads7843_example.o
 .debug_macro   0x0000c821       0x1c src/ads7843_example.o
 .debug_macro   0x0000c83d       0x2e src/ads7843_example.o
 .debug_macro   0x0000c86b       0x22 src/ads7843_example.o
 .debug_macro   0x0000c88d       0x1c src/ads7843_example.o
 .debug_macro   0x0000c8a9       0x58 src/ads7843_example.o
 .debug_macro   0x0000c901       0x10 src/ads7843_example.o
 .debug_macro   0x0000c911      0x1f5 src/ads7843_example.o
 .debug_macro   0x0000cb06      0xa5d src/ads7843_example.o
 .debug_macro   0x0000d563       0xf2 src/ads7843_example.o
 .debug_macro   0x0000d655       0x52 src/ads7843_example.o
 .debug_macro   0x0000d6a7       0x35 src/ads7843_example.o
 .debug_macro   0x0000d6dc       0x9c src/ads7843_example.o
 .debug_macro   0x0000d778       0x16 src/ads7843_example.o
 .debug_macro   0x0000d78e       0x35 src/ads7843_example.o
 .debug_macro   0x0000d7c3      0x330 src/ads7843_example.o
 .debug_macro   0x0000daf3       0x10 src/ads7843_example.o
 .debug_macro   0x0000db03       0x52 src/ads7843_example.o
 .debug_macro   0x0000db55       0x16 src/ads7843_example.o
 .debug_macro   0x0000db6b       0x43 src/ads7843_example.o
 .debug_macro   0x0000dbae      0x187 src/ads7843_example.o
 .debug_macro   0x0000dd35       0x22 src/ads7843_example.o
 .debug_macro   0x0000dd57       0x3a src/ads7843_example.o
 .debug_macro   0x0000dd91       0x10 src/ads7843_example.o
 .debug_macro   0x0000dda1       0x40 src/ads7843_example.o
 .debug_macro   0x0000dde1       0x6c src/ads7843_example.o
 .debug_macro   0x0000de4d       0x16 src/ads7843_example.o
 .debug_macro   0x0000de63      0x182 src/ads7843_example.o
 .debug_macro   0x0000dfe5       0x22 src/ads7843_example.o
 .debug_macro   0x0000e007       0x16 src/ads7843_example.o
 .debug_macro   0x0000e01d       0x16 src/ads7843_example.o
 .debug_macro   0x0000e033       0x29 src/ads7843_example.o
 .debug_macro   0x0000e05c       0x75 src/ads7843_example.o
 .debug_macro   0x0000e0d1       0x45 src/ads7843_example.o
 .debug_macro   0x0000e116      0x3ca src/ads7843_example.o
 .debug_macro   0x0000e4e0       0x2e src/ads7843_example.o
 .debug_macro   0x0000e50e       0x16 src/ads7843_example.o
 .debug_macro   0x0000e524       0x2e src/ads7843_example.o
 .debug_macro   0x0000e552      0x2aa src/ads7843_example.o
 .debug_macro   0x0000e7fc      0xaaf src/ads7843_example.o
 .debug_macro   0x0000f2ab      0xc06 src/ads7843_example.o
 .debug_macro   0x0000feb1       0x94 src/ads7843_example.o
 .debug_macro   0x0000ff45       0x40 src/ads7843_example.o
 .debug_macro   0x0000ff85       0x28 src/ads7843_example.o
 .debug_macro   0x0000ffad       0x5e src/ads7843_example.o
 .debug_macro   0x0001000b       0x64 src/ads7843_example.o
 .debug_macro   0x0001006f       0x5f src/ads7843_example.o
 .debug_macro   0x000100ce       0x82 src/ads7843_example.o
 .debug_macro   0x00010150       0x6a src/ads7843_example.o
 .debug_macro   0x000101ba       0x34 src/ads7843_example.o
 .debug_macro   0x000101ee       0x10 src/ads7843_example.o
 .debug_macro   0x000101fe       0x7c src/ads7843_example.o
 .debug_macro   0x0001027a       0x16 src/ads7843_example.o
 .debug_macro   0x00010290       0x28 src/ads7843_example.o
 .debug_macro   0x000102b8       0x2e src/ads7843_example.o
 .debug_macro   0x000102e6       0x1c src/ads7843_example.o
 .debug_macro   0x00010302       0x2e src/ads7843_example.o
 .debug_macro   0x00010330       0x1c src/ads7843_example.o
 .debug_macro   0x0001034c       0x46 src/ads7843_example.o
 .debug_macro   0x00010392      0x541 src/ASF/common/services/clock/sam3u/sysclk.o
 .debug_macro   0x000108d3      0x2a4 src/ASF/common/services/clock/sam3u/sysclk.o
 .debug_macro   0x00010b77      0x57e src/ASF/common/services/spi/sam_spi/spi_master.o
 .debug_macro   0x000110f5      0x4c1 src/ASF/common/utils/stdio/read.o
 .debug_macro   0x000115b6      0x4c1 src/ASF/common/utils/stdio/write.o
 .debug_macro   0x00011a77      0x580 src/ASF/sam/boards/sam3u_ek/init.o
 .debug_macro   0x00011ff7      0x58f src/ASF/sam/components/display/aat31xx/aat31xx.o
 .debug_macro   0x00012586      0x523 src/ASF/sam/components/display/hx8347a/hx8347a.o
 .debug_macro   0x00012aa9       0x16 src/ASF/sam/components/display/hx8347a/hx8347a.o
 .debug_macro   0x00012abf       0x16 src/ASF/sam/components/display/hx8347a/hx8347a.o
 .debug_macro   0x00012ad5      0x5fb src/ASF/sam/components/resistive_touch/ads7843/ads7843.o
 .debug_macro   0x000130d0      0x4f9 src/ASF/sam/drivers/ebi/smc/smc.o
 .debug_macro   0x000135c9       0x76 src/ASF/sam/drivers/ebi/smc/smc.o
 .debug_macro   0x0001363f      0x4dc src/ASF/sam/drivers/pio/pio.o
 .debug_macro   0x00013b1b       0x8e src/ASF/sam/drivers/pio/pio.o
 .debug_macro   0x00013ba9      0x4e0 src/ASF/sam/drivers/pio/pio_handler.o
 .debug_macro   0x00014089      0x4d6 src/ASF/sam/drivers/pmc/pmc.o
 .debug_macro   0x0001455f       0x58 src/ASF/sam/drivers/pmc/pmc.o
 .debug_macro   0x000145b7      0x550 src/ASF/sam/drivers/spi/spi.o
 .debug_macro   0x00014b07       0x10 src/ASF/sam/drivers/spi/spi.o
 .debug_macro   0x00014b17      0x4d0 src/ASF/sam/drivers/uart/uart.o
 .debug_macro   0x00014fe7       0x16 src/ASF/sam/drivers/uart/uart.o
 .debug_macro   0x00014ffd      0x50c src/ASF/sam/drivers/usart/usart.o
 .debug_macro   0x00015509       0x28 src/ASF/sam/drivers/usart/usart.o
 .debug_macro   0x00015531      0x599 src/ASF/sam/services/resistive_touch/rtouch.o
 .debug_macro   0x00015aca       0x28 src/ASF/sam/services/resistive_touch/rtouch.o
 .debug_macro   0x00015af2      0x4d5 src/ASF/sam/utils/cmsis/sam3u/source/templates/exceptions.o
 .debug_macro   0x00015fc7      0x4e3 src/ASF/sam/utils/cmsis/sam3u/source/templates/gcc/startup_sam3u.o
 .debug_macro   0x000164aa      0x4e3 src/ASF/sam/utils/cmsis/sam3u/source/templates/system_sam3u.o
 .debug_macro   0x0001698d       0x26 src/ASF/sam/utils/cmsis/sam3u/source/templates/system_sam3u.o
 .debug_macro   0x000169b3      0x19c src/ASF/sam/utils/syscalls/gcc/syscalls.o
 .debug_macro   0x00016b4f       0x4c src/ASF/sam/utils/syscalls/gcc/syscalls.o
 .debug_macro   0x00016b9b       0x8d src/ASF/sam/utils/syscalls/gcc/syscalls.o
 .debug_macro   0x00016c28       0x4a src/ASF/sam/utils/syscalls/gcc/syscalls.o
 .debug_macro   0x00016c72       0x97 src/ASF/sam/utils/syscalls/gcc/syscalls.o
 .debug_macro   0x00016d09       0xf6 src/ASF/sam/utils/syscalls/gcc/syscalls.o
 .debug_macro   0x00016dff       0x52 src/ASF/sam/utils/syscalls/gcc/syscalls.o
 .debug_macro   0x00016e51       0x16 src/ASF/sam/utils/syscalls/gcc/syscalls.o
 .debug_macro   0x00016e67       0x10 src/ASF/sam/utils/syscalls/gcc/syscalls.o
 .debug_macro   0x00016e77       0x41 src/ASF/sam/utils/syscalls/gcc/syscalls.o
 .debug_macro   0x00016eb8      0x122 src/ASF/sam/utils/syscalls/gcc/syscalls.o
 .debug_macro   0x00016fda      0x686 src/rtouch_calibrate.o

.debug_line     0x00000000    0x11662
 .debug_line    0x00000000     0x134d src/ads7843_example.o
 .debug_line    0x0000134d      0xbef src/ASF/common/services/clock/sam3u/sysclk.o
 .debug_line    0x00001f3c      0xd5d src/ASF/common/services/spi/sam_spi/spi_master.o
 .debug_line    0x00002c99      0xa69 src/ASF/common/utils/stdio/read.o
 .debug_line    0x00003702      0xa5b src/ASF/common/utils/stdio/write.o
 .debug_line    0x0000415d      0xc73 src/ASF/sam/boards/sam3u_ek/init.o
 .debug_line    0x00004dd0      0xc71 src/ASF/sam/components/display/aat31xx/aat31xx.o
 .debug_line    0x00005a41      0xfe1 src/ASF/sam/components/display/hx8347a/hx8347a.o
 .debug_line    0x00006a22      0xdc4 src/ASF/sam/components/resistive_touch/ads7843/ads7843.o
 .debug_line    0x000077e6      0xc83 src/ASF/sam/drivers/ebi/smc/smc.o
 .debug_line    0x00008469      0xdc3 src/ASF/sam/drivers/pio/pio.o
 .debug_line    0x0000922c      0xafb src/ASF/sam/drivers/pio/pio_handler.o
 .debug_line    0x00009d27      0xf89 src/ASF/sam/drivers/pmc/pmc.o
 .debug_line    0x0000acb0      0xcb2 src/ASF/sam/drivers/spi/spi.o
 .debug_line    0x0000b962      0xc13 src/ASF/sam/drivers/uart/uart.o
 .debug_line    0x0000c575      0xfef src/ASF/sam/drivers/usart/usart.o
 .debug_line    0x0000d564      0xdb9 src/ASF/sam/services/resistive_touch/rtouch.o
 .debug_line    0x0000e31d      0xa39 src/ASF/sam/utils/cmsis/sam3u/source/templates/exceptions.o
 .debug_line    0x0000ed56      0xa83 src/ASF/sam/utils/cmsis/sam3u/source/templates/gcc/startup_sam3u.o
 .debug_line    0x0000f7d9      0xa9e src/ASF/sam/utils/cmsis/sam3u/source/templates/system_sam3u.o
 .debug_line    0x00010277      0x3d0 src/ASF/sam/utils/syscalls/gcc/syscalls.o
 .debug_line    0x00010647     0x101b src/rtouch_calibrate.o

.debug_str      0x00000000    0x5a930
 .debug_str     0x00000000    0x56db4 src/ads7843_example.o
                              0x571f0 (size before relaxing)
 .debug_str     0x00056db4      0x268 src/ASF/common/services/clock/sam3u/sysclk.o
                              0x4f569 (size before relaxing)
 .debug_str     0x0005701c      0x48b src/ASF/common/services/spi/sam_spi/spi_master.o
                              0x4f9cf (size before relaxing)
 .debug_str     0x000574a7       0x2c src/ASF/common/utils/stdio/read.o
                              0x4a6e0 (size before relaxing)
 .debug_str     0x000574d3       0x26 src/ASF/common/utils/stdio/write.o
                              0x4a6e2 (size before relaxing)
 .debug_str     0x000574f9       0x6f src/ASF/sam/boards/sam3u_ek/init.o
                              0x4fda0 (size before relaxing)
 .debug_str     0x00057568      0x1c9 src/ASF/sam/components/display/aat31xx/aat31xx.o
                              0x4f927 (size before relaxing)
 .debug_str     0x00057731      0x479 src/ASF/sam/components/display/hx8347a/hx8347a.o
                              0x549de (size before relaxing)
 .debug_str     0x00057baa      0x3e5 src/ASF/sam/components/resistive_touch/ads7843/ads7843.o
                              0x501ad (size before relaxing)
 .debug_str     0x00057f8f      0x347 src/ASF/sam/drivers/ebi/smc/smc.o
                              0x4f103 (size before relaxing)
 .debug_str     0x000582d6      0x420 src/ASF/sam/drivers/pio/pio.o
                              0x4b085 (size before relaxing)
 .debug_str     0x000586f6      0x152 src/ASF/sam/drivers/pio/pio_handler.o
                              0x4b058 (size before relaxing)
 .debug_str     0x00058848      0x623 src/ASF/sam/drivers/pmc/pmc.o
                              0x4b056 (size before relaxing)
 .debug_str     0x00058e6b      0x27b src/ASF/sam/drivers/spi/spi.o
                              0x4f6e9 (size before relaxing)
 .debug_str     0x000590e6      0x277 src/ASF/sam/drivers/uart/uart.o
                              0x4aaa6 (size before relaxing)
 .debug_str     0x0005935d      0x7e3 src/ASF/sam/drivers/usart/usart.o
                              0x4b137 (size before relaxing)
 .debug_str     0x00059b40      0x361 src/ASF/sam/services/resistive_touch/rtouch.o
                              0x4fab1 (size before relaxing)
 .debug_str     0x00059ea1       0x4d src/ASF/sam/utils/cmsis/sam3u/source/templates/exceptions.o
                              0x4a6fa (size before relaxing)
 .debug_str     0x00059eee       0xb2 src/ASF/sam/utils/cmsis/sam3u/source/templates/gcc/startup_sam3u.o
                              0x4a7cf (size before relaxing)
 .debug_str     0x00059fa0      0x1d1 src/ASF/sam/utils/cmsis/sam3u/source/templates/system_sam3u.o
                              0x4a9a4 (size before relaxing)
 .debug_str     0x0005a171      0x741 src/ASF/sam/utils/syscalls/gcc/syscalls.o
                               0x698f (size before relaxing)
 .debug_str     0x0005a8b2       0x7e src/rtouch_calibrate.o
                              0x56532 (size before relaxing)

.debug_frame    0x00000000     0x2918
 .debug_frame   0x00000000      0x1e8 src/ads7843_example.o
 .debug_frame   0x000001e8       0x80 src/ASF/common/services/clock/sam3u/sysclk.o
 .debug_frame   0x00000268       0xfc src/ASF/common/services/spi/sam_spi/spi_master.o
 .debug_frame   0x00000364       0x48 src/ASF/common/utils/stdio/read.o
 .debug_frame   0x000003ac       0x48 src/ASF/common/utils/stdio/write.o
 .debug_frame   0x000003f4       0x2c src/ASF/sam/boards/sam3u_ek/init.o
 .debug_frame   0x00000420       0x50 src/ASF/sam/components/display/aat31xx/aat31xx.o
 .debug_frame   0x00000470      0x2dc src/ASF/sam/components/display/hx8347a/hx8347a.o
 .debug_frame   0x0000074c       0xc0 src/ASF/sam/components/resistive_touch/ads7843/ads7843.o
 .debug_frame   0x0000080c      0x1bc src/ASF/sam/drivers/ebi/smc/smc.o
 .debug_frame   0x000009c8      0x2b8 src/ASF/sam/drivers/pio/pio.o
 .debug_frame   0x00000c80       0xe0 src/ASF/sam/drivers/pio/pio_handler.o
 .debug_frame   0x00000d60      0x410 src/ASF/sam/drivers/pmc/pmc.o
 .debug_frame   0x00001170      0x148 src/ASF/sam/drivers/spi/spi.o
 .debug_frame   0x000012b8      0x1bc src/ASF/sam/drivers/uart/uart.o
 .debug_frame   0x00001474      0x4ac src/ASF/sam/drivers/usart/usart.o
 .debug_frame   0x00001920      0x12c src/ASF/sam/services/resistive_touch/rtouch.o
 .debug_frame   0x00001a4c       0x20 src/ASF/sam/utils/cmsis/sam3u/source/templates/exceptions.o